D/ConnectivityService( 1571): Sampling interval elapsed, updating statistics ..
D/ConnectivityService( 1571): Done.
D/ConnectivityService( 1571): Setting timer for 720seconds
D/EGL_emulation( 1631): eglMakeCurrent: 0xb8e69f60: ver 3 0
D/gralloc_ranchu( 1139): gralloc_alloc: Creating ashmem region of size 2637824
D/dalvikvm( 1571): GC_FOR_ALLOC freed 2398K, 30% free 12566K/17904K, paused 15ms, total 16ms
D/dalvikvm( 1571): GC_FOR_ALLOC freed 1152K, 30% free 12553K/17904K, paused 11ms, total 11ms
D/gralloc_ranchu( 1139): gralloc_alloc: Creating ashmem region of size 2637824
D/dalvikvm( 1631): GC_FOR_ALLOC freed 1381K, 74% free 13178K/49116K, paused 8ms, total 8ms
D/        ( 1571): HostConnection::get() New Host Connection established 0xb90d70f0, tid 3049
E/SoundPool( 1571): error loading /system/media/audio/ui/Effect_Tick.ogg
W/AudioService( 1571): Soundpool could not load file: /system/media/audio/ui/Effect_Tick.ogg
E/SoundPool( 1571): error loading /system/media/audio/ui/Effect_Tick.ogg
W/AudioService( 1571): Soundpool could not load file: /system/media/audio/ui/Effect_Tick.ogg
E/SoundPool( 1571): error loading /system/media/audio/ui/Effect_Tick.ogg
W/AudioService( 1571): Soundpool could not load file: /system/media/audio/ui/Effect_Tick.ogg
E/SoundPool( 1571): error loading /system/media/audio/ui/Effect_Tick.ogg
W/AudioService( 1571): Soundpool could not load file: /system/media/audio/ui/Effect_Tick.ogg
E/SoundPool( 1571): error loading /system/media/audio/ui/Effect_Tick.ogg
W/AudioService( 1571): Soundpool could not load file: /system/media/audio/ui/Effect_Tick.ogg
E/SoundPool( 1571): error loading /system/media/audio/ui/KeypressStandard.ogg
W/AudioService( 1571): Soundpool could not load file: /system/media/audio/ui/KeypressStandard.ogg
E/SoundPool( 1571): error loading /system/media/audio/ui/KeypressSpacebar.ogg
W/AudioService( 1571): Soundpool could not load file: /system/media/audio/ui/KeypressSpacebar.ogg
E/SoundPool( 1571): error loading /system/media/audio/ui/KeypressDelete.ogg
W/AudioService( 1571): Soundpool could not load file: /system/media/audio/ui/KeypressDelete.ogg
E/SoundPool( 1571): error loading /system/media/audio/ui/KeypressReturn.ogg
W/AudioService( 1571): Soundpool could not load file: /system/media/audio/ui/KeypressReturn.ogg
E/SoundPool( 1571): error loading /system/media/audio/ui/KeypressInvalid.ogg
W/AudioService( 1571): Soundpool could not load file: /system/media/audio/ui/KeypressInvalid.ogg
W/AudioService( 1571): onLoadSoundEffects(), Error -1 while loading samples
D/dalvikvm( 1571): GC_FOR_ALLOC freed 1153K, 30% free 12554K/17904K, paused 14ms, total 14ms
D/dalvikvm( 1571): GC_FOR_ALLOC freed 1141K, 30% free 12553K/17904K, paused 8ms, total 8ms
D/dalvikvm( 1631): GC_FOR_ALLOC freed 1284K, 74% free 13170K/49116K, paused 4ms, total 4ms
I/ActivityManager( 1571): START u0 {act=android.intent.action.MAIN cat=[android.intent.category.HOME] flg=0x10200000 cmp=com.android.launcher/com.android.launcher2.Launcher} from pid 1571
D/dalvikvm( 1571): GC_FOR_ALLOC freed 1143K, 30% free 12553K/17904K, paused 11ms, total 11ms
I/MainActivity( 3091): onPause fired: Intent { act=android.intent.action.MAIN cat=[android.intent.category.LAUNCHER] flg=0x10200000 cmp=edu.washington.isaacjc.activityspy/.MainActivity bnds=[28,326][287,648] }
D/EGL_emulation( 1714): eglMakeCurrent: 0xb8eeaee0: ver 3 0
D/EGL_emulation( 1714): eglMakeCurrent: 0xb8eeaee0: ver 3 0
E/EGL_emulation( 1714): tid 1714: eglSurfaceAttrib(1199): error 0x3009 (EGL_BAD_MATCH)
W/HardwareRenderer( 1714): Backbuffer cannot be preserved
D/dalvikvm( 1714): GC_FOR_ALLOC freed 1205K, 6% free 41133K/43684K, paused 6ms, total 6ms
I/MainActivity( 3091): onStop fired: Intent { act=android.intent.action.MAIN cat=[android.intent.category.LAUNCHER] flg=0x10200000 cmp=edu.washington.isaacjc.activityspy/.MainActivity bnds=[28,326][287,648] }
D/EGL_emulation( 3091): eglMakeCurrent: 0xb8e62070: ver 3 0
D/dalvikvm( 1631): GC_FOR_ALLOC freed 1331K, 74% free 13169K/49116K, paused 3ms, total 3ms
E/SoundPool( 1571): error loading /system/media/audio/ui/Effect_Tick.ogg
W/AudioService( 1571): Soundpool could not load file: /system/media/audio/ui/Effect_Tick.ogg
E/SoundPool( 1571): error loading /system/media/audio/ui/Effect_Tick.ogg
W/AudioService( 1571): Soundpool could not load file: /system/media/audio/ui/Effect_Tick.ogg
E/SoundPool( 1571): error loading /system/media/audio/ui/Effect_Tick.ogg
W/AudioService( 1571): Soundpool could not load file: /system/media/audio/ui/Effect_Tick.ogg
E/SoundPool( 1571): error loading /system/media/audio/ui/Effect_Tick.ogg
W/AudioService( 1571): Soundpool could not load file: /system/media/audio/ui/Effect_Tick.ogg
E/SoundPool( 1571): error loading /system/media/audio/ui/Effect_Tick.ogg
W/AudioService( 1571): Soundpool could not load file: /system/media/audio/ui/Effect_Tick.ogg
E/SoundPool( 1571): error loading /system/media/audio/ui/KeypressStandard.ogg
W/AudioService( 1571): Soundpool could not load file: /system/media/audio/ui/KeypressStandard.ogg
E/SoundPool( 1571): error loading /system/media/audio/ui/KeypressSpacebar.ogg
W/AudioService( 1571): Soundpool could not load file: /system/media/audio/ui/KeypressSpacebar.ogg
E/SoundPool( 1571): error loading /system/media/audio/ui/KeypressDelete.ogg
W/AudioService( 1571): Soundpool could not load file: /system/media/audio/ui/KeypressDelete.ogg
E/SoundPool( 1571): error loading /system/media/audio/ui/KeypressReturn.ogg
W/AudioService( 1571): Soundpool could not load file: /system/media/audio/ui/KeypressReturn.ogg
E/SoundPool( 1571): error loading /system/media/audio/ui/KeypressInvalid.ogg
W/AudioService( 1571): Soundpool could not load file: /system/media/audio/ui/KeypressInvalid.ogg
W/AudioService( 1571): onLoadSoundEffects(), Error -1 while loading samples
D/gralloc_ranchu( 1139): gralloc_alloc: Creating ashmem region of size 2637824
I/ActivityManager( 1571): START u0 {act=com.android.systemui.recent.action.TOGGLE_RECENTS flg=0x10800000 cmp=com.android.systemui/.recent.RecentsActivity} from pid 1631
D/dalvikvm( 1571): GC_FOR_ALLOC freed 1186K, 20% free 12560K/15624K, paused 12ms, total 12ms
I/dalvikvm-heap( 1571): Grow heap (frag case) to 13.454MB for 1166380-byte allocation
D/dalvikvm( 1571): GC_FOR_ALLOC freed 2K, 19% free 13696K/16764K, paused 7ms, total 7ms
D/dalvikvm( 1571): GC_FOR_ALLOC freed 1144K, 26% free 12553K/16764K, paused 7ms, total 7ms
D/EGL_emulation( 1631): eglMakeCurrent: 0xb8e69f60: ver 3 0
E/EGL_emulation( 1631): tid 1631: eglSurfaceAttrib(1199): error 0x3009 (EGL_BAD_MATCH)
W/HardwareRenderer( 1631): Backbuffer cannot be preserved
D/EGL_emulation( 1631): eglMakeCurrent: 0xb8e69f60: ver 3 0
D/EGL_emulation( 1631): eglMakeCurrent: 0xb8e69f60: ver 3 0
W/InputMethodManagerService( 1571): Starting input on non-focused client com.android.internal.view.IInputMethodClient$Stub$Proxy@9d3ab178 (uid=10009 pid=1714)
D/EGL_emulation( 1631): eglMakeCurrent: 0xb8e69f60: ver 3 0
D/EGL_emulation( 1714): eglMakeCurrent: 0xb8eeaee0: ver 3 0
E/SoundPool( 1571): error loading /system/media/audio/ui/Effect_Tick.ogg
W/AudioService( 1571): Soundpool could not load file: /system/media/audio/ui/Effect_Tick.ogg
E/SoundPool( 1571): error loading /system/media/audio/ui/Effect_Tick.ogg
W/AudioService( 1571): Soundpool could not load file: /system/media/audio/ui/Effect_Tick.ogg
E/SoundPool( 1571): error loading /system/media/audio/ui/Effect_Tick.ogg
W/AudioService( 1571): Soundpool could not load file: /system/media/audio/ui/Effect_Tick.ogg
E/SoundPool( 1571): error loading /system/media/audio/ui/Effect_Tick.ogg
W/AudioService( 1571): Soundpool could not load file: /system/media/audio/ui/Effect_Tick.ogg
E/SoundPool( 1571): error loading /system/media/audio/ui/Effect_Tick.ogg
W/AudioService( 1571): Soundpool could not load file: /system/media/audio/ui/Effect_Tick.ogg
E/SoundPool( 1571): error loading /system/media/audio/ui/KeypressStandard.ogg
W/AudioService( 1571): Soundpool could not load file: /system/media/audio/ui/KeypressStandard.ogg
E/SoundPool( 1571): error loading /system/media/audio/ui/KeypressSpacebar.ogg
W/AudioService( 1571): Soundpool could not load file: /system/media/audio/ui/KeypressSpacebar.ogg
E/SoundPool( 1571): error loading /system/media/audio/ui/KeypressDelete.ogg
W/AudioService( 1571): Soundpool could not load file: /system/media/audio/ui/KeypressDelete.ogg
E/SoundPool( 1571): error loading /system/media/audio/ui/KeypressReturn.ogg
W/AudioService( 1571): Soundpool could not load file: /system/media/audio/ui/KeypressReturn.ogg
E/SoundPool( 1571): error loading /system/media/audio/ui/KeypressInvalid.ogg
W/AudioService( 1571): Soundpool could not load file: /system/media/audio/ui/KeypressInvalid.ogg
W/AudioService( 1571): onLoadSoundEffects(), Error -1 while loading samples
D/gralloc_ranchu( 1139): gralloc_alloc: Creating ashmem region of size 2637824
D/        ( 1571): HostConnection::get() New Host Connection established 0xb8fe6cd0, tid 1608
I/ActivityManager( 1571): START u0 {act=android.intent.action.MAIN cat=[android.intent.category.HOME] flg=0x10200000 cmp=com.android.launcher/com.android.launcher2.Launcher} from pid 1571
D/dalvikvm( 1571): GC_FOR_ALLOC freed 1172K, 26% free 12559K/16764K, paused 7ms, total 7ms
D/dalvikvm( 1571): GC_FOR_ALLOC freed 1145K, 26% free 12553K/16764K, paused 6ms, total 6ms
D/EGL_emulation( 1714): eglMakeCurrent: 0xb8eeaee0: ver 3 0
D/EGL_emulation( 1631): eglMakeCurrent: 0xb8e69f60: ver 3 0
D/EGL_emulation( 1631): eglMakeCurrent: 0xb8e69f60: ver 3 0
D/EGL_emulation( 1714): eglMakeCurrent: 0xb8eeaee0: ver 3 0
E/EGL_emulation( 1714): tid 1714: eglSurfaceAttrib(1199): error 0x3009 (EGL_BAD_MATCH)
W/HardwareRenderer( 1714): Backbuffer cannot be preserved
D/EGL_emulation( 1631): eglMakeCurrent: 0xb8e69f60: ver 3 0
D/EGL_emulation( 1631): eglMakeCurrent: 0xb8e69f60: ver 3 0
D/EGL_emulation( 1631): eglMakeCurrent: 0xb8e69f60: ver 3 0
D/AndroidRuntime( 3137): 
D/AndroidRuntime( 3137): >>>>>> AndroidRuntime START com.android.internal.os.RuntimeInit <<<<<<
W/linker  ( 3137): libdvm.so has text relocations. This is wasting memory and is a security risk. Please fix.
D/AndroidRuntime( 3137): CheckJNI is ON
D/dalvikvm( 3137): Trying to load lib libjavacore.so 0x0
D/dalvikvm( 3137): Added shared lib libjavacore.so 0x0
D/dalvikvm( 3137): Trying to load lib libnativehelper.so 0x0
D/dalvikvm( 3137): Added shared lib libnativehelper.so 0x0
D/dalvikvm( 3137): No JNI_OnLoad found in libnativehelper.so 0x0, skipping init
D/dalvikvm( 3137): Note: class Landroid/app/ActivityManagerNative; has 179 unimplemented (abstract) methods
E/memtrack( 3137): Couldn't load memtrack module (No such file or directory)
E/android.os.Debug( 3137): failed to load memtrack module: -2
D/AndroidRuntime( 3137): Calling main entry com.android.commands.pm.Pm
W/ActivityManager( 1571): No content provider found for permission revoke: file:///data/local/tmp/edu.washington.isaacjc.activityspy
W/ActivityManager( 1571): No content provider found for permission revoke: file:///data/local/tmp/edu.washington.isaacjc.activityspy
I/PackageManager( 1571): Copying native libraries to /data/app-lib/vmdl-1006668662
D/dalvikvm( 1571): GC_FOR_ALLOC freed 1717K, 24% free 12883K/16764K, paused 10ms, total 11ms
D/dalvikvm( 1571): GC_FOR_ALLOC freed 2007K, 23% free 12920K/16764K, paused 20ms, total 20ms
I/ActivityManager( 1571): Force stopping edu.washington.isaacjc.activityspy appid=10060 user=-1: uninstall pkg
I/ActivityManager( 1571): Killing 3091:edu.washington.isaacjc.activityspy/u0a60 (adj 9): stop edu.washington.isaacjc.activityspy
I/ActivityManager( 1571):   Force finishing activity ActivityRecord{9d51c808 u0 edu.washington.isaacjc.activityspy/.MainActivity t12}
W/InputDispatcher( 1571): channel '9d89c038 edu.washington.isaacjc.activityspy/edu.washington.isaacjc.activityspy.MainActivity (server)' ~ Consumer closed input channel or an error occurred.  events=0x9
E/InputDispatcher( 1571): channel '9d89c038 edu.washington.isaacjc.activityspy/edu.washington.isaacjc.activityspy.MainActivity (server)' ~ Channel is unrecoverably broken and will be disposed!
W/InputDispatcher( 1571): Attempted to unregister already unregistered input channel '9d89c038 edu.washington.isaacjc.activityspy/edu.washington.isaacjc.activityspy.MainActivity (server)'
I/WindowState( 1571): WIN DEATH: Window{9d89c038 u0 edu.washington.isaacjc.activityspy/edu.washington.isaacjc.activityspy.MainActivity}
I/PackageManager( 1571): Running dexopt on: edu.washington.isaacjc.activityspy
W/linker  ( 3148): libdvm.so has text relocations. This is wasting memory and is a security risk. Please fix.
I/PackageManager( 1571): Package edu.washington.isaacjc.activityspy codePath changed from /data/app/edu.washington.isaacjc.activityspy-1.apk to /data/app/edu.washington.isaacjc.activityspy-2.apk; Retaining data and using new
W/dalvikvm( 3148): method Landroid/support/v7/widget/DropDownListView;.lookForSelectablePosition incorrectly overrides package-private method with same name in Landroid/widget/ListView;
D/dalvikvm( 3148): DexOpt: couldn't find field Landroid/view/inputmethod/EditorInfo;.contentMimeTypes
D/dalvikvm( 3148): DexOpt: load 165ms, verify+opt 396ms, 2466532 bytes
W/PackageManager( 1571): Code path for pkg : edu.washington.isaacjc.activityspy changing from /data/app/edu.washington.isaacjc.activityspy-1.apk to /data/app/edu.washington.isaacjc.activityspy-2.apk
I/ActivityManager( 1571): Force stopping edu.washington.isaacjc.activityspy appid=10060 user=-1: update pkg
W/PackageManager( 1571): Resource path for pkg : edu.washington.isaacjc.activityspy changing from /data/app/edu.washington.isaacjc.activityspy-1.apk to /data/app/edu.washington.isaacjc.activityspy-2.apk
I/ActivityManager( 1571): Force stopping edu.washington.isaacjc.activityspy appid=10060 user=0: pkg removed
D/dalvikvm( 2480): GC_EXPLICIT freed 250K, 10% free 3691K/4092K, paused 0ms+1ms, total 3ms
D/dalvikvm( 2376): GC_EXPLICIT freed 87K, 13% free 3776K/4320K, paused 1ms+1ms, total 4ms
D/dalvikvm( 1714): GC_EXPLICIT freed 612K, 6% free 41192K/43684K, paused 1ms+7ms, total 13ms
D/dalvikvm( 1631): GC_EXPLICIT freed 1398K, 74% free 13168K/49116K, paused 1ms+1ms, total 6ms
I/InputReader( 1571): Reconfiguring input devices.  changes=0x00000010
I/PackageManager( 1571):   Action: "android.intent.action.SENDTO"
I/PackageManager( 1571):   Category: "android.intent.category.DEFAULT"
I/PackageManager( 1571):   Scheme: "sms"
I/PackageManager( 1571): Adding preferred activity ComponentInfo{com.android.mms/com.android.mms.ui.ComposeMessageActivity} for user 0 :
D/BackupManagerService( 1571): Received broadcast Intent { act=android.intent.action.PACKAGE_REMOVED dat=package:edu.washington.isaacjc.activityspy flg=0x4000010 (has extras) }
D/dalvikvm( 2022): GC_EXPLICIT freed 224K, 15% free 17653K/20620K, paused 1ms+2ms, total 58ms
I/InputReader( 1571): Reconfiguring input devices.  changes=0x00000010
W/Launcher.Model( 2480): Nobody to tell about the new app.  Launcher is probably loading.
I/PackageManager( 1571):   Action: "android.intent.action.SENDTO"
I/PackageManager( 1571):   Category: "android.intent.category.DEFAULT"
I/PackageManager( 1571):   Scheme: "smsto"
D/BackupManagerService( 1571): Received broadcast Intent { act=android.intent.action.PACKAGE_ADDED dat=package:edu.washington.isaacjc.activityspy flg=0x4000010 (has extras) }
V/BackupManagerService( 1571): removePackageParticipantsLocked: uid=10060 #1
V/BackupManagerService( 1571): addPackageParticipantsLocked: #1
I/PackageManager( 1571): Adding preferred activity ComponentInfo{com.android.mms/com.android.mms.ui.ComposeMessageActivity} for user 0 :
I/InputReader( 1571): Reconfiguring input devices.  changes=0x00000010
D/dalvikvm( 1701): GC_FOR_ALLOC freed 548K, 14% free 3904K/4540K, paused 7ms, total 7ms
I/PackageManager( 1571):   Action: "android.intent.action.SENDTO"
I/PackageManager( 1571):   Category: "android.intent.category.DEFAULT"
I/PackageManager( 1571):   Scheme: "mms"
I/PackageManager( 1571): Adding preferred activity ComponentInfo{com.android.mms/com.android.mms.ui.ComposeMessageActivity} for user 0 :
I/PackageManager( 1571):   Action: "android.intent.action.SENDTO"
I/PackageManager( 1571):   Category: "android.intent.category.DEFAULT"
I/PackageManager( 1571):   Scheme: "mmsto"
E/NetworkScheduler( 1682): Unrecognised action provided: android.intent.action.PACKAGE_REMOVED
I/PackageManager( 1571): Adding preferred activity ComponentInfo{com.android.mms/com.android.mms.ui.ComposeMessageActivity} for user 0 :
I/PackageManager( 1571):   Action: "android.intent.action.SENDTO"
I/PackageManager( 1571):   Category: "android.intent.category.DEFAULT"
I/PackageManager( 1571):   Scheme: "sms"
I/PackageManager( 1571): Adding preferred activity ComponentInfo{com.android.mms/com.android.mms.ui.ComposeMessageActivity} for user 0 :
I/PackageManager( 1571):   Action: "android.intent.action.SENDTO"
I/PackageManager( 1571):   Category: "android.intent.category.DEFAULT"
I/PackageManager( 1571):   Scheme: "smsto"
D/dalvikvm( 1571): GC_EXPLICIT freed 1939K, 23% free 13029K/16764K, paused 6ms+10ms, total 63ms
D/dalvikvm( 1571): WAIT_FOR_CONCURRENT_GC blocked 1ms
I/PackageManager( 1571): Adding preferred activity ComponentInfo{com.android.mms/com.android.mms.ui.ComposeMessageActivity} for user 0 :
D/AndroidRuntime( 3137): Shutting down VM
D/jdwp    ( 3137): Got wake-up signal, bailing out of select
D/dalvikvm( 3137): Debugger has detached; object registry had 1 entries
D/dalvikvm( 1701): GC_FOR_ALLOC freed 435K, 14% free 3942K/4540K, paused 3ms, total 3ms
I/PackageManager( 1571):   Action: "android.intent.action.SENDTO"
I/PackageManager( 1571):   Category: "android.intent.category.DEFAULT"
I/PackageManager( 1571):   Scheme: "mms"
I/PackageManager( 1571): Adding preferred activity ComponentInfo{com.android.mms/com.android.mms.ui.ComposeMessageActivity} for user 0 :
I/PackageManager( 1571):   Action: "android.intent.action.SENDTO"
I/PackageManager( 1571):   Category: "android.intent.category.DEFAULT"
I/PackageManager( 1571):   Scheme: "mmsto"
I/PackageManager( 1571): Adding preferred activity ComponentInfo{com.android.mms/com.android.mms.ui.ComposeMessageActivity} for user 0 :
I/PackageManager( 1571):   Action: "android.intent.action.SENDTO"
I/PackageManager( 1571):   Category: "android.intent.category.DEFAULT"
I/PackageManager( 1571):   Scheme: "sms"
I/PackageManager( 1571): Adding preferred activity ComponentInfo{com.android.mms/com.android.mms.ui.ComposeMessageActivity} for user 0 :
I/PackageManager( 1571):   Action: "android.intent.action.SENDTO"
I/PackageManager( 1571):   Category: "android.intent.category.DEFAULT"
I/PackageManager( 1571):   Scheme: "smsto"
I/PackageManager( 1571): Adding preferred activity ComponentInfo{com.android.mms/com.android.mms.ui.ComposeMessageActivity} for user 0 :
W/Launcher( 2480): setApplicationContext called twice! old=com.google.android.velvet.VelvetApplication@9d04b5b0 new=com.google.android.velvet.VelvetApplication@9d04b5b0
D/dalvikvm( 1701): GC_FOR_ALLOC freed 458K, 14% free 3910K/4540K, paused 3ms, total 6ms
W/ContextImpl( 2937): Calling a method in the system process without a qualified user: android.app.ContextImpl.startService:1479 android.content.ContextWrapper.startService:494 android.content.ContextWrapper.startService:494 com.android.keychain.KeyChainBroadcastReceiver.onReceive:12 android.app.ActivityThread.handleReceiver:2419 
I/ActivityManager( 1571): Delay finish: com.android.keychain/.KeyChainBroadcastReceiver
I/ActivityManager( 1571): Resuming delayed broadcast
I/PackageManager( 1571):   Action: "android.intent.action.SENDTO"
I/PackageManager( 1571):   Category: "android.intent.category.DEFAULT"
I/PackageManager( 1571):   Scheme: "mms"
I/PackageManager( 1571): Adding preferred activity ComponentInfo{com.android.mms/com.android.mms.ui.ComposeMessageActivity} for user 0 :
I/PackageManager( 1571):   Action: "android.intent.action.SENDTO"
I/PackageManager( 1571):   Category: "android.intent.category.DEFAULT"
I/PackageManager( 1571):   Scheme: "mmsto"
I/PackageManager( 1571): Adding preferred activity ComponentInfo{com.android.mms/com.android.mms.ui.ComposeMessageActivity} for user 0 :
I/PackageManager( 1571):   Action: "android.intent.action.SENDTO"
I/PackageManager( 1571):   Category: "android.intent.category.DEFAULT"
I/PackageManager( 1571):   Scheme: "sms"
I/PackageManager( 1571): Adding preferred activity ComponentInfo{com.android.mms/com.android.mms.ui.ComposeMessageActivity} for user 0 :
I/PackageManager( 1571):   Action: "android.intent.action.SENDTO"
I/PackageManager( 1571):   Category: "android.intent.category.DEFAULT"
I/PackageManager( 1571):   Scheme: "smsto"
I/PackageManager( 1571): Adding preferred activity ComponentInfo{com.android.mms/com.android.mms.ui.ComposeMessageActivity} for user 0 :
D/dalvikvm( 1701): GC_FOR_ALLOC freed 420K, 14% free 3943K/4540K, paused 3ms, total 7ms
I/PackageManager( 1571):   Action: "android.intent.action.SENDTO"
I/PackageManager( 1571):   Category: "android.intent.category.DEFAULT"
I/PackageManager( 1571):   Scheme: "mms"
I/PackageManager( 1571): Adding preferred activity ComponentInfo{com.android.mms/com.android.mms.ui.ComposeMessageActivity} for user 0 :
I/ChromeSync( 2022): [Sync,SyncIntentOperation] Handling the intent: Intent { act=android.intent.action.PACKAGE_ADDED dat=package:edu.washington.isaacjc.activityspy flg=0x4000010 cmp=com.google.android.gms/.chimera.GmsIntentOperationService (has extras) }.
I/PackageManager( 1571):   Action: "android.intent.action.SENDTO"
I/PackageManager( 1571):   Category: "android.intent.category.DEFAULT"
I/PackageManager( 1571):   Scheme: "mmsto"
I/Icing.InternalIcingCorporaProvider( 2376): Updating corpora: A: edu.washington.isaacjc.activityspy, C: MAYBE
I/PackageManager( 1571): Adding preferred activity ComponentInfo{com.android.mms/com.android.mms.ui.ComposeMessageActivity} for user 0 :
I/ActivityManager( 1571): Delay finish: com.google.android.googlequicksearchbox/com.google.android.searchcommon.summons.icing.InternalIcingCorporaProvider$CorporaChangedReceiver
I/PackageManager( 1571):   Action: "android.intent.action.SENDTO"
I/PackageManager( 1571):   Category: "android.intent.category.DEFAULT"
I/PackageManager( 1571):   Scheme: "sms"
I/PackageManager( 1571): Adding preferred activity ComponentInfo{com.android.mms/com.android.mms.ui.ComposeMessageActivity} for user 0 :
D/AndroidRuntime( 3169): 
D/AndroidRuntime( 3169): >>>>>> AndroidRuntime START com.android.internal.os.RuntimeInit <<<<<<
W/linker  ( 3169): libdvm.so has text relocations. This is wasting memory and is a security risk. Please fix.
I/PackageManager( 1571):   Action: "android.intent.action.SENDTO"
I/PackageManager( 1571):   Category: "android.intent.category.DEFAULT"
I/PackageManager( 1571):   Scheme: "smsto"
D/AndroidRuntime( 3169): CheckJNI is ON
I/PackageManager( 1571): Adding preferred activity ComponentInfo{com.android.mms/com.android.mms.ui.ComposeMessageActivity} for user 0 :
D/dalvikvm( 3169): Trying to load lib libjavacore.so 0x0
D/dalvikvm( 3169): Added shared lib libjavacore.so 0x0
D/dalvikvm( 3169): Trying to load lib libnativehelper.so 0x0
D/dalvikvm( 3169): Added shared lib libnativehelper.so 0x0
D/dalvikvm( 3169): No JNI_OnLoad found in libnativehelper.so 0x0, skipping init
D/dalvikvm( 1571): GC_FOR_ALLOC freed 2407K, 25% free 12669K/16764K, paused 205ms, total 205ms
W/ContextImpl( 2376): Implicit intents with startService are not safe: Intent { act=com.google.android.gms.icing.INDEX_SERVICE } android.content.ContextWrapper.bindService:517 com.google.android.gms.internal.av.a:-1 com.google.android.gms.internal.au.connect:-1 
I/Icing   ( 2022): IndexChimeraService.getServiceInterface callingPackage=com.google.android.gms componentName=AppsCorpus serviceId=32
I/Icing   ( 2022): IndexChimeraService.getServiceInterface callingPackage=com.google.android.gms componentName=AppsCorpus serviceId=36
I/Icing   ( 2022): Usage reports ok 0, Failed Usage reports 0, indexed 0, rejected 0, imm upload false
D/dalvikvm( 1701): GC_FOR_ALLOC freed 425K, 14% free 3943K/4540K, paused 28ms, total 38ms
I/Icing   ( 2022): IndexChimeraService.getServiceInterface callingPackage=com.google.android.googlequicksearchbox componentName=null serviceId=21
I/PackageManager( 1571):   Action: "android.intent.action.SENDTO"
I/PackageManager( 1571):   Category: "android.intent.category.DEFAULT"
I/PackageManager( 1571):   Scheme: "mms"
I/PackageManager( 1571): Adding preferred activity ComponentInfo{com.android.mms/com.android.mms.ui.ComposeMessageActivity} for user 0 :
I/Icing   ( 2022): Usage reports ok 0, Failed Usage reports 0, indexed 0, rejected 0, imm upload false
D/dalvikvm( 3169): Note: class Landroid/app/ActivityManagerNative; has 179 unimplemented (abstract) methods
I/PackageManager( 1571):   Action: "android.intent.action.SENDTO"
I/PackageManager( 1571):   Category: "android.intent.category.DEFAULT"
I/PackageManager( 1571):   Scheme: "mmsto"
I/PackageManager( 1571):   Action: "android.intent.action.SENDTO"
I/PackageManager( 1571):   Category: "android.intent.category.DEFAULT"
I/PackageManager( 1571):   Scheme: "sms"
I/PackageManager( 1571): Adding preferred activity ComponentInfo{com.android.mms/com.android.mms.ui.ComposeMessageActivity} for user 0 :
I/PackageManager( 1571): Adding preferred activity ComponentInfo{com.android.mms/com.android.mms.ui.ComposeMessageActivity} for user 0 :
I/Icing   ( 2022): Usage reports ok 0, Failed Usage reports 0, indexed 0, rejected 0, imm upload true
I/PackageManager( 1571):   Action: "android.intent.action.SENDTO"
I/PackageManager( 1571):   Category: "android.intent.category.DEFAULT"
I/PackageManager( 1571):   Scheme: "smsto"
I/PackageManager( 1571): Adding preferred activity ComponentInfo{com.android.mms/com.android.mms.ui.ComposeMessageActivity} for user 0 :
D/dalvikvm( 1701): GC_FOR_ALLOC freed 427K, 14% free 3942K/4540K, paused 3ms, total 3ms
I/ActivityManager( 1571): Resuming delayed broadcast
I/PackageManager( 1571):   Action: "android.intent.action.SENDTO"
I/PackageManager( 1571):   Category: "android.intent.category.DEFAULT"
I/PackageManager( 1571):   Scheme: "mms"
I/PackageManager( 1571):   Action: "android.intent.action.SENDTO"
I/PackageManager( 1571):   Category: "android.intent.category.DEFAULT"
I/PackageManager( 1571):   Scheme: "mmsto"
I/PackageManager( 1571): Adding preferred activity ComponentInfo{com.android.mms/com.android.mms.ui.ComposeMessageActivity} for user 0 :
I/PackageManager( 1571): Adding preferred activity ComponentInfo{com.android.mms/com.android.mms.ui.ComposeMessageActivity} for user 0 :
E/memtrack( 3169): Couldn't load memtrack module (No such file or directory)
E/android.os.Debug( 3169): failed to load memtrack module: -2
E/NetworkScheduler( 1682): Unrecognised action provided: android.intent.action.PACKAGE_REPLACED
I/PeopleContactsSync( 2022): triggerPendingContactsCleanup: no accounts
I/FontsPackageChangeOp( 2022): Package edu.washington.isaacjc.activityspy has no metadata
W/Launcher( 2480): setApplicationContext called twice! old=com.google.android.velvet.VelvetApplication@9d04b5b0 new=com.google.android.velvet.VelvetApplication@9d04b5b0
D/AndroidRuntime( 3169): Calling main entry com.android.commands.am.Am
I/ActivityManager( 1571): START u0 {act=android.intent.action.MAIN cat=[android.intent.category.LAUNCHER] flg=0x10000000 cmp=edu.washington.isaacjc.activityspy/.MainActivity} from pid 3169
I/Icing   ( 2022): IndexChimeraService.getServiceInterface callingPackage=com.google.android.gms componentName=AppsCorpus serviceId=32
I/Icing   ( 2022): IndexChimeraService.getServiceInterface callingPackage=com.google.android.gms componentName=AppsCorpus serviceId=36
D/gralloc_ranchu( 1139): gralloc_alloc: Creating ashmem region of size 2637824
D/dalvikvm( 1571): GC_FOR_ALLOC freed 1033K, 25% free 12610K/16764K, paused 12ms, total 12ms
D/dalvikvm( 1571): GC_FOR_ALLOC freed 1151K, 25% free 12605K/16764K, paused 16ms, total 16ms
D/AndroidRuntime( 3169): Shutting down VM
D/jdwp    ( 3169): Got wake-up signal, bailing out of select
D/dalvikvm( 3169): Debugger has detached; object registry had 1 entries
D/gralloc_ranchu( 1139): gralloc_alloc: Creating ashmem region of size 15622144
I/Icing   ( 2022): Usage reports ok 0, Failed Usage reports 0, indexed 0, rejected 0, imm upload false
I/ActivityManager( 1571): Start proc edu.washington.isaacjc.activityspy for activity edu.washington.isaacjc.activityspy/.MainActivity: pid=3183 uid=10060 gids={50060}
D/dalvikvm( 3183): Not late-enabling CheckJNI (already on)
I/Icing   ( 2022): Usage reports ok 0, Failed Usage reports 0, indexed 0, rejected 0, imm upload false
I/dalvikvm( 3183): Could not find method android.view.Window$Callback.onPointerCaptureChanged, referenced from method android.support.v7.view.WindowCallbackWrapper.onPointerCaptureChanged
W/dalvikvm( 3183): VFY: unable to resolve interface method 13807: Landroid/view/Window$Callback;.onPointerCaptureChanged (Z)V
D/dalvikvm( 3183): VFY: replacing opcode 0x72 at 0x0002
I/dalvikvm( 3183): Could not find method android.view.Window$Callback.onProvideKeyboardShortcuts, referenced from method android.support.v7.view.WindowCallbackWrapper.onProvideKeyboardShortcuts
W/dalvikvm( 3183): VFY: unable to resolve interface method 13809: Landroid/view/Window$Callback;.onProvideKeyboardShortcuts (Ljava/util/List;Landroid/view/Menu;I)V
D/dalvikvm( 3183): VFY: replacing opcode 0x72 at 0x0002
W/dalvikvm( 3183): VFY: unable to find class referenced in signature (Landroid/view/SearchEvent;)
I/dalvikvm( 3183): Could not find method android.view.Window$Callback.onSearchRequested, referenced from method android.support.v7.view.WindowCallbackWrapper.onSearchRequested
W/dalvikvm( 3183): VFY: unable to resolve interface method 13811: Landroid/view/Window$Callback;.onSearchRequested (Landroid/view/SearchEvent;)Z
D/dalvikvm( 3183): VFY: replacing opcode 0x72 at 0x0002
I/dalvikvm( 3183): Could not find method android.view.Window$Callback.onWindowStartingActionMode, referenced from method android.support.v7.view.WindowCallbackWrapper.onWindowStartingActionMode
W/dalvikvm( 3183): VFY: unable to resolve interface method 13815: Landroid/view/Window$Callback;.onWindowStartingActionMode (Landroid/view/ActionMode$Callback;I)Landroid/view/ActionMode;
D/dalvikvm( 3183): VFY: replacing opcode 0x72 at 0x0002
I/dalvikvm( 3183): Could not find method android.content.res.TypedArray.getChangingConfigurations, referenced from method android.support.v7.widget.TintTypedArray.getChangingConfigurations
W/dalvikvm( 3183): VFY: unable to resolve virtual method 818: Landroid/content/res/TypedArray;.getChangingConfigurations ()I
D/dalvikvm( 3183): VFY: replacing opcode 0x6e at 0x0002
I/dalvikvm( 3183): Could not find method android.content.res.TypedArray.getType, referenced from method android.support.v7.widget.TintTypedArray.getType
W/dalvikvm( 3183): VFY: unable to resolve virtual method 840: Landroid/content/res/TypedArray;.getType (I)I
D/dalvikvm( 3183): VFY: replacing opcode 0x6e at 0x0008
I/dalvikvm( 3183): Could not find method android.content.Context.createDeviceProtectedStorageContext, referenced from method android.support.v4.content.ContextCompat.createDeviceProtectedStorageContext
W/dalvikvm( 3183): VFY: unable to resolve virtual method 597: Landroid/content/Context;.createDeviceProtectedStorageContext ()Landroid/content/Context;
D/dalvikvm( 3183): VFY: replacing opcode 0x6e at 0x0006
I/dalvikvm( 3183): Could not find method android.content.Context.getCodeCacheDir, referenced from method android.support.v4.content.ContextCompat.getCodeCacheDir
W/dalvikvm( 3183): VFY: unable to resolve virtual method 603: Landroid/content/Context;.getCodeCacheDir ()Ljava/io/File;
D/dalvikvm( 3183): VFY: replacing opcode 0x6e at 0x0006
I/dalvikvm( 3183): Could not find method android.content.Context.getColor, referenced from method android.support.v4.content.ContextCompat.getColor
W/dalvikvm( 3183): VFY: unable to resolve virtual method 604: Landroid/content/Context;.getColor (I)I
D/dalvikvm( 3183): VFY: replacing opcode 0x6e at 0x0006
I/dalvikvm( 3183): Could not find method android.content.Context.getColorStateList, referenced from method android.support.v4.content.ContextCompat.getColorStateList
W/dalvikvm( 3183): VFY: unable to resolve virtual method 605: Landroid/content/Context;.getColorStateList (I)Landroid/content/res/ColorStateList;
D/dalvikvm( 3183): VFY: replacing opcode 0x6e at 0x0006
I/dalvikvm( 3183): Could not find method android.content.Context.getDataDir, referenced from method android.support.v4.content.ContextCompat.getDataDir
W/dalvikvm( 3183): VFY: unable to resolve virtual method 607: Landroid/content/Context;.getDataDir ()Ljava/io/File;
D/dalvikvm( 3183): VFY: replacing opcode 0x6e at 0x0006
I/dalvikvm( 3183): Could not find method android.content.Context.getDrawable, referenced from method android.support.v4.content.ContextCompat.getDrawable
W/dalvikvm( 3183): VFY: unable to resolve virtual method 608: Landroid/content/Context;.getDrawable (I)Landroid/graphics/drawable/Drawable;
D/dalvikvm( 3183): VFY: replacing opcode 0x6e at 0x0006
I/dalvikvm( 3183): Could not find method android.content.Context.getNoBackupFilesDir, referenced from method android.support.v4.content.ContextCompat.getNoBackupFilesDir
W/dalvikvm( 3183): VFY: unable to resolve virtual method 616: Landroid/content/Context;.getNoBackupFilesDir ()Ljava/io/File;
D/dalvikvm( 3183): VFY: replacing opcode 0x6e at 0x0006
I/dalvikvm( 3183): Could not find method android.content.Context.isDeviceProtectedStorage, referenced from method android.support.v4.content.ContextCompat.isDeviceProtectedStorage
W/dalvikvm( 3183): VFY: unable to resolve virtual method 629: Landroid/content/Context;.isDeviceProtectedStorage ()Z
D/dalvikvm( 3183): VFY: replacing opcode 0x6e at 0x0006
I/dalvikvm( 3183): Could not find method android.content.Context.startForegroundService, referenced from method android.support.v4.content.ContextCompat.startForegroundService
W/dalvikvm( 3183): VFY: unable to resolve virtual method 644: Landroid/content/Context;.startForegroundService (Landroid/content/Intent;)Landroid/content/ComponentName;
D/dalvikvm( 3183): VFY: replacing opcode 0x6e at 0x0006
I/dalvikvm( 3183): Could not find method android.widget.FrameLayout.startActionModeForChild, referenced from method android.support.v7.widget.ActionBarContainer.startActionModeForChild
W/dalvikvm( 3183): VFY: unable to resolve virtual method 14293: Landroid/widget/FrameLayout;.startActionModeForChild (Landroid/view/View;Landroid/view/ActionMode$Callback;I)Landroid/view/ActionMode;
D/dalvikvm( 3183): VFY: replacing opcode 0x6f at 0x0002
I/dalvikvm( 3183): Could not find method android.content.Context.getColorStateList, referenced from method android.support.v7.content.res.AppCompatResources.getColorStateList
W/dalvikvm( 3183): VFY: unable to resolve virtual method 605: Landroid/content/Context;.getColorStateList (I)Landroid/content/res/ColorStateList;
D/dalvikvm( 3183): VFY: replacing opcode 0x6e at 0x0006
I/dalvikvm( 3183): Could not find method android.content.res.Resources.getDrawable, referenced from method android.support.v7.widget.ResourcesWrapper.getDrawable
W/dalvikvm( 3183): VFY: unable to resolve virtual method 781: Landroid/content/res/Resources;.getDrawable (ILandroid/content/res/Resources$Theme;)Landroid/graphics/drawable/Drawable;
D/dalvikvm( 3183): VFY: replacing opcode 0x6e at 0x0002
I/dalvikvm( 3183): Could not find method android.content.res.Resources.getDrawableForDensity, referenced from method android.support.v7.widget.ResourcesWrapper.getDrawableForDensity
W/dalvikvm( 3183): VFY: unable to resolve virtual method 783: Landroid/content/res/Resources;.getDrawableForDensity (IILandroid/content/res/Resources$Theme;)Landroid/graphics/drawable/Drawable;
D/dalvikvm( 3183): VFY: replacing opcode 0x6e at 0x0002
E/dalvikvm( 3183): Could not find class 'android.graphics.drawable.RippleDrawable', referenced from method android.support.v7.widget.AppCompatImageHelper.hasOverlappingRendering
W/dalvikvm( 3183): VFY: unable to resolve instanceof 226 (Landroid/graphics/drawable/RippleDrawable;) in Landroid/support/v7/widget/AppCompatImageHelper;
D/dalvikvm( 3183): VFY: replacing opcode 0x20 at 0x000c
I/dalvikvm( 3183): Could not find method android.widget.TextView.getAutoSizeMaxTextSize, referenced from method android.support.v7.widget.AppCompatTextView.getAutoSizeMaxTextSize
W/dalvikvm( 3183): VFY: unable to resolve virtual method 14604: Landroid/widget/TextView;.getAutoSizeMaxTextSize ()I
D/dalvikvm( 3183): VFY: replacing opcode 0x6f at 0x0004
I/dalvikvm( 3183): Could not find method android.widget.TextView.getAutoSizeMinTextSize, referenced from method android.support.v7.widget.AppCompatTextView.getAutoSizeMinTextSize
W/dalvikvm( 3183): VFY: unable to resolve virtual method 14605: Landroid/widget/TextView;.getAutoSizeMinTextSize ()I
D/dalvikvm( 3183): VFY: replacing opcode 0x6f at 0x0004
I/dalvikvm( 3183): Could not find method android.widget.TextView.getAutoSizeStepGranularity, referenced from method android.support.v7.widget.AppCompatTextView.getAutoSizeStepGranularity
W/dalvikvm( 3183): VFY: unable to resolve virtual method 14606: Landroid/widget/TextView;.getAutoSizeStepGranularity ()I
D/dalvikvm( 3183): VFY: replacing opcode 0x6f at 0x0004
I/dalvikvm( 3183): Could not find method android.widget.TextView.getAutoSizeTextAvailableSizes, referenced from method android.support.v7.widget.AppCompatTextView.getAutoSizeTextAvailableSizes
W/dalvikvm( 3183): VFY: unable to resolve virtual method 14607: Landroid/widget/TextView;.getAutoSizeTextAvailableSizes ()[I
D/dalvikvm( 3183): VFY: replacing opcode 0x6f at 0x0004
I/dalvikvm( 3183): Could not find method android.widget.TextView.getAutoSizeTextType, referenced from method android.support.v7.widget.AppCompatTextView.getAutoSizeTextType
W/dalvikvm( 3183): VFY: unable to resolve virtual method 14608: Landroid/widget/TextView;.getAutoSizeTextType ()I
D/dalvikvm( 3183): VFY: replacing opcode 0x6f at 0x0005
I/dalvikvm( 3183): Could not find method android.widget.TextView.setAutoSizeTextTypeUniformWithConfiguration, referenced from method android.support.v7.widget.AppCompatTextView.setAutoSizeTextTypeUniformWithConfiguration
W/dalvikvm( 3183): VFY: unable to resolve virtual method 14654: Landroid/widget/TextView;.setAutoSizeTextTypeUniformWithConfiguration (IIII)V
D/dalvikvm( 3183): VFY: replacing opcode 0x6f at 0x0004
I/dalvikvm( 3183): Could not find method android.widget.TextView.setAutoSizeTextTypeUniformWithPresetSizes, referenced from method android.support.v7.widget.AppCompatTextView.setAutoSizeTextTypeUniformWithPresetSizes
W/dalvikvm( 3183): VFY: unable to resolve virtual method 14655: Landroid/widget/TextView;.setAutoSizeTextTypeUniformWithPresetSizes ([II)V
D/dalvikvm( 3183): VFY: replacing opcode 0x6f at 0x0004
I/dalvikvm( 3183): Could not find method android.widget.TextView.setAutoSizeTextTypeWithDefaults, referenced from method android.support.v7.widget.AppCompatTextView.setAutoSizeTextTypeWithDefaults
W/dalvikvm( 3183): VFY: unable to resolve virtual method 14656: Landroid/widget/TextView;.setAutoSizeTextTypeWithDefaults (I)V
D/dalvikvm( 3183): VFY: replacing opcode 0x6f at 0x0004
I/dalvikvm( 3183): Could not find method android.widget.TextView.getAutoSizeStepGranularity, referenced from method android.support.v7.widget.AppCompatTextHelper.loadFromAttributes
W/dalvikvm( 3183): VFY: unable to resolve virtual method 14606: Landroid/widget/TextView;.getAutoSizeStepGranularity ()I
D/dalvikvm( 3183): VFY: replacing opcode 0x6e at 0x0161
I/dalvikvm( 3183): Could not find method android.text.StaticLayout$Builder.obtain, referenced from method android.support.v7.widget.AppCompatTextViewAutoSizeHelper.createStaticLayoutForMeasuring
W/dalvikvm( 3183): VFY: unable to resolve static method 13070: Landroid/text/StaticLayout$Builder;.obtain (Ljava/lang/CharSequence;IILandroid/text/TextPaint;I)Landroid/text/StaticLayout$Builder;
D/dalvikvm( 3183): VFY: replacing opcode 0x71 at 0x0014
I/MainActivity( 3183): onStart fired: Intent { act=android.intent.action.MAIN cat=[android.intent.category.LAUNCHER] flg=0x10000000 cmp=edu.washington.isaacjc.activityspy/.MainActivity }
I/MainActivity( 3183): onResume fired: Intent { act=android.intent.action.MAIN cat=[android.intent.category.LAUNCHER] flg=0x10000000 cmp=edu.washington.isaacjc.activityspy/.MainActivity }
D/        ( 3183): HostConnection::get() New Host Connection established 0xb8e5e310, tid 3183
D/EGL_emulation( 3183): eglCreateContext: 0xb8e60b40: maj 3 min 0 rcv 3
I/Icing   ( 2022): Indexing 1A8AC91B5A9563B94FC8A67F79C577709A2F7F03 from com.google.android.gms
D/EGL_emulation( 3183): eglMakeCurrent: 0xb8e60b40: ver 3 0
E/eglCodecCommon( 3183): glUtilsParamSize: unknow param 0x00008cdf
E/eglCodecCommon( 3183): glUtilsParamSize: unknow param 0x00008824
E/EGL_emulation( 3183): tid 3183: eglSurfaceAttrib(1199): error 0x3009 (EGL_BAD_MATCH)
W/HardwareRenderer( 3183): Backbuffer cannot be preserved
I/Icing   ( 2022): Indexing done 1A8AC91B5A9563B94FC8A67F79C577709A2F7F03
D/OpenGLRenderer( 3183): Enabling debug mode 0
D/dalvikvm( 3183): GC_FOR_ALLOC freed 240K, 9% free 3574K/3888K, paused 8ms, total 8ms
I/dalvikvm( 3183): Could not find method android.view.View.setTooltipText, referenced from method android.support.v7.widget.TooltipCompat.setTooltipText
W/dalvikvm( 3183): VFY: unable to resolve virtual method 13611: Landroid/view/View;.setTooltipText (Ljava/lang/CharSequence;)V
D/dalvikvm( 3183): VFY: replacing opcode 0x6e at 0x0006
I/Icing   ( 2022): Indexing 053A23A004A1D5FC2B52E853E19D78B4C94E6086 from com.google.android.googlequicksearchbox
I/Icing   ( 2022): Indexing done 053A23A004A1D5FC2B52E853E19D78B4C94E6086
E/dalvikvm( 1571): JIT code cache full
I/ActivityManager( 1571): Displayed edu.washington.isaacjc.activityspy/.MainActivity: +769ms
D/EGL_emulation( 1714): eglMakeCurrent: 0xb8eeaee0: ver 3 0
I/Icing   ( 2022): Indexing 1A8AC91B5A9563B94FC8A67F79C577709A2F7F03 from com.google.android.gms
D/dalvikvm( 2022): GC_FOR_ALLOC freed 1884K, 14% free 17816K/20620K, paused 19ms, total 19ms
I/Icing   ( 2022): Indexing done 1A8AC91B5A9563B94FC8A67F79C577709A2F7F03
D/EGL_emulation( 1631): eglMakeCurrent: 0xb8e69f60: ver 3 0
E/SoundPool( 1571): error loading /system/media/audio/ui/Effect_Tick.ogg
W/AudioService( 1571): Soundpool could not load file: /system/media/audio/ui/Effect_Tick.ogg
E/SoundPool( 1571): error loading /system/media/audio/ui/Effect_Tick.ogg
W/AudioService( 1571): Soundpool could not load file: /system/media/audio/ui/Effect_Tick.ogg
E/SoundPool( 1571): error loading /system/media/audio/ui/Effect_Tick.ogg
W/AudioService( 1571): Soundpool could not load file: /system/media/audio/ui/Effect_Tick.ogg
E/SoundPool( 1571): error loading /system/media/audio/ui/Effect_Tick.ogg
W/AudioService( 1571): Soundpool could not load file: /system/media/audio/ui/Effect_Tick.ogg
E/SoundPool( 1571): error loading /system/media/audio/ui/Effect_Tick.ogg
W/AudioService( 1571): Soundpool could not load file: /system/media/audio/ui/Effect_Tick.ogg
E/SoundPool( 1571): error loading /system/media/audio/ui/KeypressStandard.ogg
W/AudioService( 1571): Soundpool could not load file: /system/media/audio/ui/KeypressStandard.ogg
E/SoundPool( 1571): error loading /system/media/audio/ui/KeypressSpacebar.ogg
W/AudioService( 1571): Soundpool could not load file: /system/media/audio/ui/KeypressSpacebar.ogg
E/SoundPool( 1571): error loading /system/media/audio/ui/KeypressDelete.ogg
W/AudioService( 1571): Soundpool could not load file: /system/media/audio/ui/KeypressDelete.ogg
E/SoundPool( 1571): error loading /system/media/audio/ui/KeypressReturn.ogg
W/AudioService( 1571): Soundpool could not load file: /system/media/audio/ui/KeypressReturn.ogg
E/SoundPool( 1571): error loading /system/media/audio/ui/KeypressInvalid.ogg
W/AudioService( 1571): Soundpool could not load file: /system/media/audio/ui/KeypressInvalid.ogg
W/AudioService( 1571): onLoadSoundEffects(), Error -1 while loading samples
D/gralloc_ranchu( 1139): gralloc_alloc: Creating ashmem region of size 2637824
I/ActivityManager( 1571): START u0 {act=android.intent.action.MAIN cat=[android.intent.category.HOME] flg=0x10200000 cmp=com.android.launcher/com.android.launcher2.Launcher} from pid 1571
D/dalvikvm( 1571): JIT code cache reset in 0 ms (523224 bytes 1/0)
D/dalvikvm( 1571): GC_FOR_ALLOC freed 2353K, 32% free 11476K/16764K, paused 19ms, total 19ms
D/dalvikvm( 1571): GC_FOR_ALLOC freed 46K, 26% free 12569K/16764K, paused 12ms, total 12ms
I/MainActivity( 3183): onPause fired: Intent { act=android.intent.action.MAIN cat=[android.intent.category.LAUNCHER] flg=0x10000000 cmp=edu.washington.isaacjc.activityspy/.MainActivity }
D/dalvikvm( 1631): GC_FOR_ALLOC freed 1346K, 74% free 13171K/49116K, paused 8ms, total 8ms
D/EGL_emulation( 1714): eglMakeCurrent: 0xb8eeaee0: ver 3 0
E/EGL_emulation( 1714): tid 1714: eglSurfaceAttrib(1199): error 0x3009 (EGL_BAD_MATCH)
W/HardwareRenderer( 1714): Backbuffer cannot be preserved
W/InputMethodManagerService( 1571): Starting input on non-focused client com.android.internal.view.IInputMethodClient$Stub$Proxy@9d43c7e0 (uid=10060 pid=3183)
I/MainActivity( 3183): onStop fired: Intent { act=android.intent.action.MAIN cat=[android.intent.category.LAUNCHER] flg=0x10000000 cmp=edu.washington.isaacjc.activityspy/.MainActivity }
D/EGL_emulation( 3183): eglMakeCurrent: 0xb8e60b40: ver 3 0
I/ActivityManager( 1571): Activity reported stop, but no longer stopping: ActivityRecord{9d4ee840 u0 edu.washington.isaacjc.activityspy/.MainActivity t14 f}
D/dalvikvm( 1631): GC_FOR_ALLOC freed 1293K, 74% free 13169K/49116K, paused 4ms, total 4ms
E/SoundPool( 1571): error loading /system/media/audio/ui/Effect_Tick.ogg
W/AudioService( 1571): Soundpool could not load file: /system/media/audio/ui/Effect_Tick.ogg
E/SoundPool( 1571): error loading /system/media/audio/ui/Effect_Tick.ogg
W/AudioService( 1571): Soundpool could not load file: /system/media/audio/ui/Effect_Tick.ogg
E/SoundPool( 1571): error loading /system/media/audio/ui/Effect_Tick.ogg
W/AudioService( 1571): Soundpool could not load file: /system/media/audio/ui/Effect_Tick.ogg
E/SoundPool( 1571): error loading /system/media/audio/ui/Effect_Tick.ogg
W/AudioService( 1571): Soundpool could not load file: /system/media/audio/ui/Effect_Tick.ogg
E/SoundPool( 1571): error loading /system/media/audio/ui/Effect_Tick.ogg
W/AudioService( 1571): Soundpool could not load file: /system/media/audio/ui/Effect_Tick.ogg
E/SoundPool( 1571): error loading /system/media/audio/ui/KeypressStandard.ogg
W/AudioService( 1571): Soundpool could not load file: /system/media/audio/ui/KeypressStandard.ogg
E/SoundPool( 1571): error loading /system/media/audio/ui/KeypressSpacebar.ogg
W/AudioService( 1571): Soundpool could not load file: /system/media/audio/ui/KeypressSpacebar.ogg
E/SoundPool( 1571): error loading /system/media/audio/ui/KeypressDelete.ogg
W/AudioService( 1571): Soundpool could not load file: /system/media/audio/ui/KeypressDelete.ogg
E/SoundPool( 1571): error loading /system/media/audio/ui/KeypressReturn.ogg
W/AudioService( 1571): Soundpool could not load file: /system/media/audio/ui/KeypressReturn.ogg
E/SoundPool( 1571): error loading /system/media/audio/ui/KeypressInvalid.ogg
W/AudioService( 1571): Soundpool could not load file: /system/media/audio/ui/KeypressInvalid.ogg
W/AudioService( 1571): onLoadSoundEffects(), Error -1 while loading samples
I/ActivityManager( 1571): START u0 {act=com.android.systemui.recent.action.TOGGLE_RECENTS flg=0x10800000 cmp=com.android.systemui/.recent.RecentsActivity} from pid 1631
D/dalvikvm( 1571): GC_FOR_ALLOC freed 1196K, 25% free 12573K/16764K, paused 9ms, total 9ms
I/MainActivity( 3183): onDestroy fired: Intent { act=android.intent.action.MAIN cat=[android.intent.category.LAUNCHER] flg=0x10000000 cmp=edu.washington.isaacjc.activityspy/.MainActivity }
E/MainActivity( 3183): Were going down, Captain!
D/EGL_emulation( 3183): eglMakeCurrent: 0xb8e60b40: ver 3 0
D/EGL_emulation( 1631): eglMakeCurrent: 0xb8e69f60: ver 3 0
E/EGL_emulation( 1631): tid 1631: eglSurfaceAttrib(1199): error 0x3009 (EGL_BAD_MATCH)
W/HardwareRenderer( 1631): Backbuffer cannot be preserved
D/EGL_emulation( 1631): eglMakeCurrent: 0xb8e69f60: ver 3 0
D/EGL_emulation( 1631): eglMakeCurrent: 0xb8e69f60: ver 3 0
D/EGL_emulation( 1631): eglMakeCurrent: 0xb8e69f60: ver 3 0
D/EGL_emulation( 1714): eglMakeCurrent: 0xb8eeaee0: ver 3 0
E/SoundPool( 1571): error loading /system/media/audio/ui/Effect_Tick.ogg
W/AudioService( 1571): Soundpool could not load file: /system/media/audio/ui/Effect_Tick.ogg
E/SoundPool( 1571): error loading /system/media/audio/ui/Effect_Tick.ogg
W/AudioService( 1571): Soundpool could not load file: /system/media/audio/ui/Effect_Tick.ogg
E/SoundPool( 1571): error loading /system/media/audio/ui/Effect_Tick.ogg
W/AudioService( 1571): Soundpool could not load file: /system/media/audio/ui/Effect_Tick.ogg
E/SoundPool( 1571): error loading /system/media/audio/ui/Effect_Tick.ogg
W/AudioService( 1571): Soundpool could not load file: /system/media/audio/ui/Effect_Tick.ogg
E/SoundPool( 1571): error loading /system/media/audio/ui/Effect_Tick.ogg
W/AudioService( 1571): Soundpool could not load file: /system/media/audio/ui/Effect_Tick.ogg
E/SoundPool( 1571): error loading /system/media/audio/ui/KeypressStandard.ogg
W/AudioService( 1571): Soundpool could not load file: /system/media/audio/ui/KeypressStandard.ogg
E/SoundPool( 1571): error loading /system/media/audio/ui/KeypressSpacebar.ogg
W/AudioService( 1571): Soundpool could not load file: /system/media/audio/ui/KeypressSpacebar.ogg
E/SoundPool( 1571): error loading /system/media/audio/ui/KeypressDelete.ogg
W/AudioService( 1571): Soundpool could not load file: /system/media/audio/ui/KeypressDelete.ogg
E/SoundPool( 1571): error loading /system/media/audio/ui/KeypressReturn.ogg
