W/AudioService( 1571): Soundpool could not load file: /system/media/audio/ui/KeypressReturn.ogg
E/SoundPool( 1571): error loading /system/media/audio/ui/KeypressInvalid.ogg
W/AudioService( 1571): Soundpool could not load file: /system/media/audio/ui/KeypressInvalid.ogg
W/AudioService( 1571): onLoadSoundEffects(), Error -1 while loading samples
D/dalvikvm( 1571): GC_FOR_ALLOC freed 60K, 30% free 12572K/17904K, paused 8ms, total 8ms
I/ActivityManager( 1571): START u0 {act=android.intent.action.MAIN cat=[android.intent.category.HOME] flg=0x10200000 cmp=com.android.launcher/com.android.launcher2.Launcher} from pid 1571
D/dalvikvm( 1571): GC_FOR_ALLOC freed 8K, 24% free 13710K/17904K, paused 12ms, total 12ms
I/MainActivity( 3291): onPause fired: Intent { act=android.intent.action.MAIN cat=[android.intent.category.LAUNCHER] flg=0x10000000 cmp=edu.washington.isaacjc.activityspy/.MainActivity }
D/dalvikvm( 1631): GC_FOR_ALLOC freed 57K, 71% free 14316K/49116K, paused 7ms, total 7ms
D/EGL_emulation( 1714): eglMakeCurrent: 0xb8eeaee0: ver 3 0
D/EGL_emulation( 1714): eglMakeCurrent: 0xb8eeaee0: ver 3 0
E/EGL_emulation( 1714): tid 1714: eglSurfaceAttrib(1199): error 0x3009 (EGL_BAD_MATCH)
W/HardwareRenderer( 1714): Backbuffer cannot be preserved
I/MainActivity( 3291): onStop fired: Intent { act=android.intent.action.MAIN cat=[android.intent.category.LAUNCHER] flg=0x10000000 cmp=edu.washington.isaacjc.activityspy/.MainActivity }
D/EGL_emulation( 3291): eglMakeCurrent: 0xb8e626d0: ver 3 0
D/dalvikvm( 1631): GC_FOR_ALLOC freed 2468K, 74% free 13171K/49116K, paused 3ms, total 3ms
E/SoundPool( 1571): error loading /system/media/audio/ui/Effect_Tick.ogg
W/AudioService( 1571): Soundpool could not load file: /system/media/audio/ui/Effect_Tick.ogg
E/SoundPool( 1571): error loading /system/media/audio/ui/Effect_Tick.ogg
W/AudioService( 1571): Soundpool could not load file: /system/media/audio/ui/Effect_Tick.ogg
E/SoundPool( 1571): error loading /system/media/audio/ui/Effect_Tick.ogg
W/AudioService( 1571): Soundpool could not load file: /system/media/audio/ui/Effect_Tick.ogg
E/SoundPool( 1571): error loading /system/media/audio/ui/Effect_Tick.ogg
W/AudioService( 1571): Soundpool could not load file: /system/media/audio/ui/Effect_Tick.ogg
E/SoundPool( 1571): error loading /system/media/audio/ui/Effect_Tick.ogg
W/AudioService( 1571): Soundpool could not load file: /system/media/audio/ui/Effect_Tick.ogg
E/SoundPool( 1571): error loading /system/media/audio/ui/KeypressStandard.ogg
W/AudioService( 1571): Soundpool could not load file: /system/media/audio/ui/KeypressStandard.ogg
E/SoundPool( 1571): error loading /system/media/audio/ui/KeypressSpacebar.ogg
W/AudioService( 1571): Soundpool could not load file: /system/media/audio/ui/KeypressSpacebar.ogg
E/SoundPool( 1571): error loading /system/media/audio/ui/KeypressDelete.ogg
W/AudioService( 1571): Soundpool could not load file: /system/media/audio/ui/KeypressDelete.ogg
E/SoundPool( 1571): error loading /system/media/audio/ui/KeypressReturn.ogg
W/AudioService( 1571): Soundpool could not load file: /system/media/audio/ui/KeypressReturn.ogg
E/SoundPool( 1571): error loading /system/media/audio/ui/KeypressInvalid.ogg
W/AudioService( 1571): Soundpool could not load file: /system/media/audio/ui/KeypressInvalid.ogg
W/AudioService( 1571): onLoadSoundEffects(), Error -1 while loading samples
I/ActivityManager( 1571): START u0 {act=com.android.systemui.recent.action.TOGGLE_RECENTS flg=0x10800000 cmp=com.android.systemui/.recent.RecentsActivity} from pid 1631
D/dalvikvm( 1571): GC_FOR_ALLOC freed 2325K, 30% free 12577K/17904K, paused 8ms, total 8ms
D/EGL_emulation( 1631): eglMakeCurrent: 0xb8e69f60: ver 3 0
E/EGL_emulation( 1631): tid 1631: eglSurfaceAttrib(1199): error 0x3009 (EGL_BAD_MATCH)
W/HardwareRenderer( 1631): Backbuffer cannot be preserved
D/EGL_emulation( 1631): eglMakeCurrent: 0xb8e69f60: ver 3 0
D/EGL_emulation( 1631): eglMakeCurrent: 0xb8e69f60: ver 3 0
W/InputMethodManagerService( 1571): Starting input on non-focused client com.android.internal.view.IInputMethodClient$Stub$Proxy@9d3ab178 (uid=10009 pid=1714)
D/EGL_emulation( 1631): eglMakeCurrent: 0xb8e69f60: ver 3 0
D/EGL_emulation( 1714): eglMakeCurrent: 0xb8eeaee0: ver 3 0
D/EGL_emulation( 1631): eglMakeCurrent: 0xb8e69f60: ver 3 0
E/SoundPool( 1571): error loading /system/media/audio/ui/Effect_Tick.ogg
W/AudioService( 1571): Soundpool could not load file: /system/media/audio/ui/Effect_Tick.ogg
E/SoundPool( 1571): error loading /system/media/audio/ui/Effect_Tick.ogg
W/AudioService( 1571): Soundpool could not load file: /system/media/audio/ui/Effect_Tick.ogg
E/SoundPool( 1571): error loading /system/media/audio/ui/Effect_Tick.ogg
W/AudioService( 1571): Soundpool could not load file: /system/media/audio/ui/Effect_Tick.ogg
E/SoundPool( 1571): error loading /system/media/audio/ui/Effect_Tick.ogg
W/AudioService( 1571): Soundpool could not load file: /system/media/audio/ui/Effect_Tick.ogg
E/SoundPool( 1571): error loading /system/media/audio/ui/Effect_Tick.ogg
W/AudioService( 1571): Soundpool could not load file: /system/media/audio/ui/Effect_Tick.ogg
E/SoundPool( 1571): error loading /system/media/audio/ui/KeypressStandard.ogg
W/AudioService( 1571): Soundpool could not load file: /system/media/audio/ui/KeypressStandard.ogg
E/SoundPool( 1571): error loading /system/media/audio/ui/KeypressSpacebar.ogg
W/AudioService( 1571): Soundpool could not load file: /system/media/audio/ui/KeypressSpacebar.ogg
E/SoundPool( 1571): error loading /system/media/audio/ui/KeypressDelete.ogg
W/AudioService( 1571): Soundpool could not load file: /system/media/audio/ui/KeypressDelete.ogg
E/SoundPool( 1571): error loading /system/media/audio/ui/KeypressReturn.ogg
W/AudioService( 1571): Soundpool could not load file: /system/media/audio/ui/KeypressReturn.ogg
E/SoundPool( 1571): error loading /system/media/audio/ui/KeypressInvalid.ogg
W/AudioService( 1571): Soundpool could not load file: /system/media/audio/ui/KeypressInvalid.ogg
W/AudioService( 1571): onLoadSoundEffects(), Error -1 while loading samples
D/dalvikvm( 1571): GC_FOR_ALLOC freed 1180K, 30% free 12571K/17904K, paused 17ms, total 17ms
D/gralloc_ranchu( 1139): gralloc_alloc: Creating ashmem region of size 2637824
D/dalvikvm( 1571): GC_FOR_ALLOC freed 6K, 24% free 13704K/17904K, paused 6ms, total 6ms
D/dalvikvm( 1571): GC_FOR_ALLOC freed 1139K, 24% free 13704K/17904K, paused 7ms, total 7ms
D/EGL_emulation( 3291): eglMakeCurrent: 0xb8e626d0: ver 3 0
I/MainActivity( 3291): onRestart fired: Intent { act=android.intent.action.MAIN cat=[android.intent.category.LAUNCHER] flg=0x10000000 cmp=edu.washington.isaacjc.activityspy/.MainActivity }
I/MainActivity( 3291): onStart fired: Intent { act=android.intent.action.MAIN cat=[android.intent.category.LAUNCHER] flg=0x10000000 cmp=edu.washington.isaacjc.activityspy/.MainActivity }
I/MainActivity( 3291): onResume fired: Intent { act=android.intent.action.MAIN cat=[android.intent.category.LAUNCHER] flg=0x10000000 cmp=edu.washington.isaacjc.activityspy/.MainActivity }
D/EGL_emulation( 1631): eglMakeCurrent: 0xb8e69f60: ver 3 0
D/EGL_emulation( 3291): eglMakeCurrent: 0xb8e626d0: ver 3 0
E/EGL_emulation( 3291): tid 3291: eglSurfaceAttrib(1199): error 0x3009 (EGL_BAD_MATCH)
W/HardwareRenderer( 3291): Backbuffer cannot be preserved
D/gralloc_ranchu( 1139): gralloc_alloc: Creating ashmem region of size 1167360
D/EGL_emulation( 1631): eglMakeCurrent: 0xb8e69f60: ver 3 0
D/EGL_emulation( 1631): eglMakeCurrent: 0xb8e69f60: ver 3 0
D/ConnectivityService( 1571): Sampling interval elapsed, updating statistics ..
D/ConnectivityService( 1571): Done.
D/ConnectivityService( 1571): Setting timer for 720seconds
D/dalvikvm( 1682): GC_FOR_ALLOC freed 1314K, 19% free 7300K/8956K, paused 22ms, total 22ms
I/EventLogChimeraService( 2022): Aggregate from 1523484484212 (log), 1523484484212 (data)
I/ActivityManager( 1571): Delay finish: com.google.android.gms/.chimera.GmsIntentOperationService$PersistentTrustedReceiver
I/Icing   ( 2022): Performing maintenance.
I/Icing   ( 2022): updateResources: need to parse sqn{com.google.android.gms}
W/Icing   ( 2022): isOptedInForAppHistory: empty Account Name encountered
I/Icing   ( 2022): Performing maintenance usage 1823628 budget 934367686 free 99.805% index free 99.988% purge? false target 654057380
I/Icing   ( 2022): Flash index sort hb 24 prefix-hits 60 -> 60 at 0.235ms
I/ActivityManager( 1571): Resuming delayed broadcast
W/Settings( 2134): Setting install_non_market_apps has moved from android.provider.Settings.Secure to android.provider.Settings.Global.
D/dalvikvm( 2134): GC_FOR_ALLOC freed 1050K, 19% free 6195K/7628K, paused 4ms, total 4ms
D/ConnectivityService( 1571): handleInetConditionHoldEnd: net=0, condition=100, published condition=100
D/EGL_emulation( 2134): eglCreateContext: 0xb90bff10: maj 3 min 0 rcv 3
D/EGL_emulation( 2134): eglMakeCurrent: 0xb90bff10: ver 3 0
E/eglCodecCommon( 2134): glUtilsParamSize: unknow param 0x00008cdf
E/eglCodecCommon( 2134): glUtilsParamSize: unknow param 0x00008824
D/EGL_emulation( 2134): eglCreateContext: 0xb8dc7b90: maj 3 min 0 rcv 3
D/EGL_emulation( 2134): eglMakeCurrent: 0xb8dc7b90: ver 3 0
E/eglCodecCommon( 2134): glUtilsParamSize: unknow param 0x00008cdf
E/eglCodecCommon( 2134): glUtilsParamSize: unknow param 0x00008824
D/EGL_emulation( 2134): eglCreateContext: 0xb8dc7b90: maj 3 min 0 rcv 3
D/EGL_emulation( 2134): eglMakeCurrent: 0xb8dc7b90: ver 3 0
E/eglCodecCommon( 2134): glUtilsParamSize: unknow param 0x00008cdf
E/eglCodecCommon( 2134): glUtilsParamSize: unknow param 0x00008824
D/EGL_emulation( 2134): eglCreateContext: 0xb910b090: maj 3 min 0 rcv 3
D/EGL_emulation( 2134): eglMakeCurrent: 0xb910b090: ver 3 0
E/eglCodecCommon( 2134): glUtilsParamSize: unknow param 0x00008cdf
E/eglCodecCommon( 2134): glUtilsParamSize: unknow param 0x00008824
D/dalvikvm( 1801): GC_FOR_ALLOC freed 467K, 29% free 4871K/6812K, paused 8ms, total 8ms
I/Auth    ( 1801): [ReflectiveChannelBinder] Successfully bound channel!
W/Conscrypt( 1801): Could not set socket write timeout: java.lang.reflect.InvocationTargetException
W/Conscrypt( 1801): 	at java.lang.reflect.Method.invokeNative(Native Method)
W/Conscrypt( 1801): 	at java.lang.reflect.Method.invoke(Method.java:515)
W/Conscrypt( 1801): Caused by: libcore.io.ErrnoException: setsockopt failed: EBADF (Bad file number)
W/Conscrypt( 1801): 	at libcore.io.Posix.setsockoptTimeval(Native Method)
W/Conscrypt( 1801): 	at libcore.io.ForwardingOs.setsockoptTimeval(ForwardingOs.java:126)
W/Conscrypt( 1801): Could not set socket write timeout: java.lang.reflect.InvocationTargetException
W/Conscrypt( 1801): 	at java.lang.reflect.Method.invokeNative(Native Method)
W/Conscrypt( 1801): 	at java.lang.reflect.Method.invoke(Method.java:515)
W/Conscrypt( 1801): Caused by: libcore.io.ErrnoException: setsockopt failed: EBADF (Bad file number)
W/Conscrypt( 1801): 	at libcore.io.Posix.setsockoptTimeval(Native Method)
W/Conscrypt( 1801): 	at libcore.io.ForwardingOs.setsockoptTimeval(ForwardingOs.java:126)
W/GLSUser ( 1801): [AppCertManager] IOException while requesting key: 
W/GLSUser ( 1801): java.io.IOException: Invalid device key response.
W/GLSUser ( 1801): 	at gdd.a(com.google.android.gms@12221030@12.2.21 (030-188803320):12)
W/GLSUser ( 1801): 	at gdd.a(com.google.android.gms@12221030@12.2.21 (030-188803320):64)
W/GLSUser ( 1801): 	at gdb.a(com.google.android.gms@12221030@12.2.21 (030-188803320):8)
W/GLSUser ( 1801): 	at gcx.a(com.google.android.gms@12221030@12.2.21 (030-188803320):1)
W/GLSUser ( 1801): 	at gcw.a(com.google.android.gms@12221030@12.2.21 (030-188803320):10)
W/GLSUser ( 1801): 	at com.google.android.gms.auth.account.be.legacy.AuthCronChimeraService.b(com.google.android.gms@12221030@12.2.21 (030-188803320):7)
W/GLSUser ( 1801): 	at ffx.call(com.google.android.gms@12221030@12.2.21 (030-188803320):3)
W/GLSUser ( 1801): 	at java.util.concurrent.FutureTask.run(FutureTask.java:237)
W/GLSUser ( 1801): 	at kot.run(com.google.android.gms@12221030@12.2.21 (030-188803320):26)
W/GLSUser ( 1801): 	at java.util.concurrent.ThreadPoolExecutor.runWorker(ThreadPoolExecutor.java:1112)
W/GLSUser ( 1801): 	at java.util.concurrent.ThreadPoolExecutor$Worker.run(ThreadPoolExecutor.java:587)
W/GLSUser ( 1801): 	at kus.run(com.google.android.gms@12221030@12.2.21 (030-188803320))
W/GLSUser ( 1801): 	at java.lang.Thread.run(Thread.java:841)
W/BatteryStatsImpl( 1571): Couldn't get kernel wake lock stats
I/ProcessStatsService( 1571): Prepared write state in 1ms
D/dalvikvm( 1682): GC_FOR_ALLOC freed 1345K, 19% free 7311K/8956K, paused 6ms, total 6ms
I/ActivityManager( 1571): Killing 2075:com.google.android.calendar/u0a18 (adj 15): empty for 1806s
I/ActivityManager( 1571): Killing 1770:android.process.media/u0a5 (adj 15): empty for 1818s
I/ActivityManager( 1571): Killing 2427:com.android.email/u0a26 (adj 15): empty for 1819s
I/ActivityManager( 1571): Killing 2198:com.android.mms/u0a10 (adj 15): empty for 1819s
I/ActivityManager( 1571): Killing 1945:com.android.settings/1000 (adj 15): empty for 1819s
D/CountryDetector( 1571): No listener is left
I/ActivityManager( 1571): Killing 2115:com.android.providers.calendar/u0a1 (adj 15): empty for 1818s
D/dalvikvm( 1701): GC_FOR_ALLOC freed 593K, 15% free 3859K/4540K, paused 3ms, total 3ms
D/dalvikvm( 1571): GC_FOR_ALLOC freed 3126K, 30% free 12626K/17904K, paused 9ms, total 9ms
D/ConnectivityService( 1571): Sampling interval elapsed, updating statistics ..
D/ConnectivityService( 1571): Done.
D/ConnectivityService( 1571): Setting timer for 720seconds
D/AndroidRuntime( 3332): 
D/AndroidRuntime( 3332): >>>>>> AndroidRuntime START com.android.internal.os.RuntimeInit <<<<<<
W/linker  ( 3332): libdvm.so has text relocations. This is wasting memory and is a security risk. Please fix.
D/AndroidRuntime( 3332): CheckJNI is ON
D/dalvikvm( 3332): Trying to load lib libjavacore.so 0x0
D/dalvikvm( 3332): Added shared lib libjavacore.so 0x0
D/dalvikvm( 3332): Trying to load lib libnativehelper.so 0x0
D/dalvikvm( 3332): Added shared lib libnativehelper.so 0x0
D/dalvikvm( 3332): No JNI_OnLoad found in libnativehelper.so 0x0, skipping init
D/dalvikvm( 3332): Note: class Landroid/app/ActivityManagerNative; has 179 unimplemented (abstract) methods
E/memtrack( 3332): Couldn't load memtrack module (No such file or directory)
E/android.os.Debug( 3332): failed to load memtrack module: -2
D/AndroidRuntime( 3332): Calling main entry com.android.commands.am.Am
W/InputDispatcher( 1571): channel '9d37c718 edu.washington.isaacjc.activityspy/edu.washington.isaacjc.activityspy.MainActivity (server)' ~ Consumer closed input channel or an error occurred.  events=0x9
E/InputDispatcher( 1571): channel '9d37c718 edu.washington.isaacjc.activityspy/edu.washington.isaacjc.activityspy.MainActivity (server)' ~ Channel is unrecoverably broken and will be disposed!
I/ActivityManager( 1571): Force stopping edu.washington.isaacjc.activityspy appid=10060 user=0: from pid 3332
I/ActivityManager( 1571): Killing 3291:edu.washington.isaacjc.activityspy/u0a60 (adj 0): stop edu.washington.isaacjc.activityspy
W/ActivityManager( 1571): Force removing ActivityRecord{9d847468 u0 edu.washington.isaacjc.activityspy/.MainActivity t16}: app died, no saved state
W/InputDispatcher( 1571): Attempted to unregister already unregistered input channel '9d37c718 edu.washington.isaacjc.activityspy/edu.washington.isaacjc.activityspy.MainActivity (server)'
D/AndroidRuntime( 3332): Shutting down VM
D/jdwp    ( 3332): Got wake-up signal, bailing out of select
D/dalvikvm( 3332): Debugger has detached; object registry had 1 entries
I/WindowState( 1571): WIN DEATH: Window{9d37c718 u0 edu.washington.isaacjc.activityspy/edu.washington.isaacjc.activityspy.MainActivity}
D/EGL_emulation( 1714): eglMakeCurrent: 0xb8eeaee0: ver 3 0
D/EGL_emulation( 1714): eglMakeCurrent: 0xb8eeaee0: ver 3 0
E/EGL_emulation( 1714): tid 1714: eglSurfaceAttrib(1199): error 0x3009 (EGL_BAD_MATCH)
W/HardwareRenderer( 1714): Backbuffer cannot be preserved
W/Binder  ( 1665): Caught a RuntimeException from the binder stub implementation.
W/Binder  ( 1665): java.lang.NullPointerException
W/Binder  ( 1665): 	at android.inputmethodservice.IInputMethodWrapper.setSessionEnabled(IInputMethodWrapper.java:280)
W/Binder  ( 1665): 	at com.android.internal.view.IInputMethod$Stub.onTransact(IInputMethod.java:129)
W/Binder  ( 1665): 	at android.os.Binder.execTransact(Binder.java:404)
W/Binder  ( 1665): 	at dalvik.system.NativeStart.run(Native Method)
W/InputMethodManagerService( 1571): Got RemoteException sending setActive(false) notification to pid 3291 uid 10060
D/dalvikvm( 1714): GC_FOR_ALLOC freed 4268K, 50% free 21931K/43684K, paused 16ms, total 16ms
D/ConnectivityService( 1571): Sampling interval elapsed, updating statistics ..
D/ConnectivityService( 1571): Done.
D/ConnectivityService( 1571): Setting timer for 720seconds
I/EventLogChimeraService( 2022): Aggregate from 1523486067417 (log), 1523486067417 (data)
I/ActivityManager( 1571): Delay finish: com.google.android.gms/.stats.service.DropBoxEntryAddedReceiver
I/ActivityManager( 1571): Resuming delayed broadcast
I/ActivityManager( 1571): Delay finish: com.google.android.gms/.chimera.GmsIntentOperationService$PersistentTrustedReceiver
I/ActivityManager( 1571): Resuming delayed broadcast
D/dalvikvm( 2134): GC_FOR_ALLOC freed 848K, 18% free 6295K/7628K, paused 9ms, total 9ms
D/EGL_emulation( 2134): eglCreateContext: 0xb90946f0: maj 3 min 0 rcv 3
D/EGL_emulation( 2134): eglMakeCurrent: 0xb90946f0: ver 3 0
E/eglCodecCommon( 2134): glUtilsParamSize: unknow param 0x00008cdf
E/eglCodecCommon( 2134): glUtilsParamSize: unknow param 0x00008824
D/EGL_emulation( 2134): eglCreateContext: 0xb8dcf6a0: maj 3 min 0 rcv 3
D/EGL_emulation( 2134): eglMakeCurrent: 0xb8dcf6a0: ver 3 0
E/eglCodecCommon( 2134): glUtilsParamSize: unknow param 0x00008cdf
E/eglCodecCommon( 2134): glUtilsParamSize: unknow param 0x00008824
W/Settings( 2134): Setting install_non_market_apps has moved from android.provider.Settings.Secure to android.provider.Settings.Global.
D/ConnectivityService( 1571): handleInetConditionHoldEnd: net=0, condition=100, published condition=100
D/EGL_emulation( 2134): eglCreateContext: 0xb93f7c70: maj 3 min 0 rcv 3
D/EGL_emulation( 2134): eglMakeCurrent: 0xb93f7c70: ver 3 0
E/eglCodecCommon( 2134): glUtilsParamSize: unknow param 0x00008cdf
E/eglCodecCommon( 2134): glUtilsParamSize: unknow param 0x00008824
D/EGL_emulation( 2134): eglCreateContext: 0xb9121360: maj 3 min 0 rcv 3
D/EGL_emulation( 2134): eglMakeCurrent: 0xb9121360: ver 3 0
E/eglCodecCommon( 2134): glUtilsParamSize: unknow param 0x00008cdf
E/eglCodecCommon( 2134): glUtilsParamSize: unknow param 0x00008824
W/Conscrypt( 1801): Could not set socket write timeout: java.lang.reflect.InvocationTargetException
W/Conscrypt( 1801): 	at java.lang.reflect.Method.invokeNative(Native Method)
W/Conscrypt( 1801): 	at java.lang.reflect.Method.invoke(Method.java:515)
W/Conscrypt( 1801): Caused by: libcore.io.ErrnoException: setsockopt failed: EBADF (Bad file number)
D/dalvikvm( 1801): GC_FOR_ALLOC freed 558K, 29% free 4860K/6812K, paused 9ms, total 9ms
W/Conscrypt( 1801): 	at libcore.io.Posix.setsockoptTimeval(Native Method)
W/Conscrypt( 1801): 	at libcore.io.ForwardingOs.setsockoptTimeval(ForwardingOs.java:126)
W/Conscrypt( 1801): Could not set socket write timeout: java.lang.reflect.InvocationTargetException
W/Conscrypt( 1801): 	at java.lang.reflect.Method.invokeNative(Native Method)
W/Conscrypt( 1801): 	at java.lang.reflect.Method.invoke(Method.java:515)
W/Conscrypt( 1801): Caused by: libcore.io.ErrnoException: setsockopt failed: EBADF (Bad file number)
W/Conscrypt( 1801): 	at libcore.io.Posix.setsockoptTimeval(Native Method)
W/Conscrypt( 1801): 	at libcore.io.ForwardingOs.setsockoptTimeval(ForwardingOs.java:126)
W/GLSUser ( 1801): [AppCertManager] IOException while requesting key: 
W/GLSUser ( 1801): java.io.IOException: Invalid device key response.
W/GLSUser ( 1801): 	at gdd.a(com.google.android.gms@12221030@12.2.21 (030-188803320):12)
W/GLSUser ( 1801): 	at gdd.a(com.google.android.gms@12221030@12.2.21 (030-188803320):64)
W/GLSUser ( 1801): 	at gdb.a(com.google.android.gms@12221030@12.2.21 (030-188803320):8)
W/GLSUser ( 1801): 	at gcx.a(com.google.android.gms@12221030@12.2.21 (030-188803320):1)
W/GLSUser ( 1801): 	at gcw.a(com.google.android.gms@12221030@12.2.21 (030-188803320):10)
W/GLSUser ( 1801): 	at com.google.android.gms.auth.account.be.legacy.AuthCronChimeraService.b(com.google.android.gms@12221030@12.2.21 (030-188803320):7)
W/GLSUser ( 1801): 	at ffx.call(com.google.android.gms@12221030@12.2.21 (030-188803320):3)
W/GLSUser ( 1801): 	at java.util.concurrent.FutureTask.run(FutureTask.java:237)
W/GLSUser ( 1801): 	at kot.run(com.google.android.gms@12221030@12.2.21 (030-188803320):26)
W/GLSUser ( 1801): 	at java.util.concurrent.ThreadPoolExecutor.runWorker(ThreadPoolExecutor.java:1112)
W/GLSUser ( 1801): 	at java.util.concurrent.ThreadPoolExecutor$Worker.run(ThreadPoolExecutor.java:587)
W/GLSUser ( 1801): 	at kus.run(com.google.android.gms@12221030@12.2.21 (030-188803320))
W/GLSUser ( 1801): 	at java.lang.Thread.run(Thread.java:841)
W/BatteryStatsImpl( 1571): Couldn't get kernel wake lock stats
E/SoundPool( 1571): error loading /system/media/audio/ui/Effect_Tick.ogg
W/AudioService( 1571): Soundpool could not load file: /system/media/audio/ui/Effect_Tick.ogg
E/SoundPool( 1571): error loading /system/media/audio/ui/Effect_Tick.ogg
W/AudioService( 1571): Soundpool could not load file: /system/media/audio/ui/Effect_Tick.ogg
E/SoundPool( 1571): error loading /system/media/audio/ui/Effect_Tick.ogg
W/AudioService( 1571): Soundpool could not load file: /system/media/audio/ui/Effect_Tick.ogg
E/SoundPool( 1571): error loading /system/media/audio/ui/Effect_Tick.ogg
W/AudioService( 1571): Soundpool could not load file: /system/media/audio/ui/Effect_Tick.ogg
E/SoundPool( 1571): error loading /system/media/audio/ui/Effect_Tick.ogg
W/AudioService( 1571): Soundpool could not load file: /system/media/audio/ui/Effect_Tick.ogg
E/SoundPool( 1571): error loading /system/media/audio/ui/KeypressStandard.ogg
W/AudioService( 1571): Soundpool could not load file: /system/media/audio/ui/KeypressStandard.ogg
E/SoundPool( 1571): error loading /system/media/audio/ui/KeypressSpacebar.ogg
W/AudioService( 1571): Soundpool could not load file: /system/media/audio/ui/KeypressSpacebar.ogg
E/SoundPool( 1571): error loading /system/media/audio/ui/KeypressDelete.ogg
W/AudioService( 1571): Soundpool could not load file: /system/media/audio/ui/KeypressDelete.ogg
E/SoundPool( 1571): error loading /system/media/audio/ui/KeypressReturn.ogg
W/AudioService( 1571): Soundpool could not load file: /system/media/audio/ui/KeypressReturn.ogg
E/SoundPool( 1571): error loading /system/media/audio/ui/KeypressInvalid.ogg
W/AudioService( 1571): Soundpool could not load file: /system/media/audio/ui/KeypressInvalid.ogg
W/AudioService( 1571): onLoadSoundEffects(), Error -1 while loading samples
D/gralloc_ranchu( 1139): gralloc_alloc: Creating ashmem region of size 2637824
I/ActivityManager( 1571): START u0 {act=android.intent.action.MAIN cat=[android.intent.category.LAUNCHER] flg=0x10200000 cmp=com.android.mms/.ui.ConversationList bnds=[839,2460][1063,2684]} from pid 1714
D/dalvikvm( 1571): GC_FOR_ALLOC freed 1957K, 36% free 11586K/17904K, paused 16ms, total 16ms
D/dalvikvm( 1571): GC_FOR_ALLOC freed 1192K, 27% free 11545K/15624K, paused 10ms, total 10ms
I/ActivityManager( 1571): Start proc com.android.mms for activity com.android.mms/.ui.ConversationList: pid=3359 uid=10010 gids={50010, 3003, 1028, 1015}
D/gralloc_ranchu( 1139): gralloc_alloc: Creating ashmem region of size 15622144
D/CountryDetector( 1571): The first listener is added
V/MmsConfig( 3359): mnc/mcc: 310260
V/MmsConfig( 3359): tag: bool value: enabledMMS - true
V/MmsConfig( 3359): tag: int value: maxMessageSize - 307200
V/MmsConfig( 3359): tag: int value: maxImageHeight - 480
V/MmsConfig( 3359): tag: int value: maxImageWidth - 640
V/MmsConfig( 3359): tag: int value: defaultSMSMessagesPerThread - 10000
V/MmsConfig( 3359): tag: int value: defaultMMSMessagesPerThread - 1000
V/MmsConfig( 3359): tag: int value: minMessageCountPerThread - 10
V/MmsConfig( 3359): tag: int value: maxMessageCountPerThread - 5000
V/MmsConfig( 3359): tag: string value: uaProfUrl - http://www.google.com/oha/rdf/ua-profile-kila.xml
V/MmsConfig( 3359): tag: int value: recipientLimit - -1
V/MmsConfig( 3359): tag: bool value: enableMultipartSMS - true
V/MmsConfig( 3359): tag: int value: smsToMmsTextThreshold - -1
V/MmsConfig( 3359): tag: bool value: enableSlideDuration - true
V/MmsConfig( 3359): tag: int value: maxMessageTextSize - -1
D/dalvikvm( 1701): GC_EXPLICIT freed 439K, 16% free 3849K/4540K, paused 2ms+0ms, total 13ms
D/dalvikvm( 3359): GC_FOR_ALLOC freed 183K, 7% free 3632K/3888K, paused 4ms, total 4ms
D/gralloc_ranchu( 1139): gralloc_alloc: Creating ashmem region of size 15622144
D/dalvikvm( 3359): GC_FOR_ALLOC freed 13K, 4% free 3969K/4116K, paused 3ms, total 3ms
D/dalvikvm( 3359): GC_FOR_ALLOC freed 5K, 4% free 4265K/4416K, paused 4ms, total 4ms
I/dalvikvm-heap( 3359): Grow heap (frag case) to 7.531MB for 3456696-byte allocation
D/dalvikvm( 3359): GC_FOR_ALLOC freed <1K, 2% free 7640K/7792K, paused 5ms, total 5ms
D/Mms:app ( 3359): cancelNotification
D/        ( 3359): HostConnection::get() New Host Connection established 0xb8e89410, tid 3359
D/Mms:app ( 3359): cancelNotification
D/Mms:app ( 3359): cancelNotification
D/EGL_emulation( 3359): eglCreateContext: 0xb8e8b190: maj 3 min 0 rcv 3
D/EGL_emulation( 3359): eglMakeCurrent: 0xb8e8b190: ver 3 0
E/eglCodecCommon( 3359): glUtilsParamSize: unknow param 0x00008cdf
E/eglCodecCommon( 3359): glUtilsParamSize: unknow param 0x00008824
E/EGL_emulation( 3359): tid 3359: eglSurfaceAttrib(1199): error 0x3009 (EGL_BAD_MATCH)
W/HardwareRenderer( 3359): Backbuffer cannot be preserved
D/OpenGLRenderer( 3359): Enabling debug mode 0
V/SmsReceiverService( 3359): onStart: #1 mResultCode: -1 = Activity.RESULT_OK
D/Mms     ( 3359): [1] mDeleteObsoleteThreadsRunnable calling asyncDeleteObsoleteThreads
I/ActivityManager( 1571): Displayed com.android.mms/.ui.ConversationList: +692ms
D/Mms:app ( 3359): cancelNotification
D/Mms     ( 3359): [1] onQueryComplete finished DELETE_OBSOLETE_THREADS_TOKEN
D/EGL_emulation( 1714): eglMakeCurrent: 0xb8eeaee0: ver 3 0
D/EGL_emulation( 1631): eglMakeCurrent: 0xb8e69f60: ver 3 0
D/gralloc_ranchu( 1139): gralloc_alloc: Creating ashmem region of size 2637824
D/dalvikvm( 1571): GC_FOR_ALLOC freed 79K, 18% free 12957K/15624K, paused 21ms, total 22ms
I/dalvikvm-heap( 1571): Grow heap (frag case) to 13.841MB for 1166380-byte allocation
D/dalvikvm( 1571): GC_FOR_ALLOC freed 406K, 19% free 13689K/16764K, paused 11ms, total 11ms
D/dalvikvm( 1571): GC_FOR_ALLOC freed 8K, 19% free 13681K/16764K, paused 8ms, total 8ms
I/dalvikvm-heap( 1571): Grow heap (frag case) to 14.548MB for 1166380-byte allocation
D/dalvikvm( 1571): GC_FOR_ALLOC freed <1K, 18% free 14820K/17904K, paused 8ms, total 8ms
I/ActivityManager( 1571): START u0 {act=android.intent.action.MAIN cat=[android.intent.category.HOME] flg=0x10200000 cmp=com.android.launcher/com.android.launcher2.Launcher} from pid 1571
D/dalvikvm( 1571): GC_FOR_ALLOC freed 7K, 18% free 14822K/17904K, paused 9ms, total 9ms
I/dalvikvm-heap( 1571): Grow heap (frag case) to 15.663MB for 1166380-byte allocation
D/dalvikvm( 1631): GC_FOR_ALLOC freed 1793K, 74% free 13193K/49116K, paused 4ms, total 4ms
D/dalvikvm( 1571): GC_FOR_ALLOC freed 1139K, 23% free 14821K/19044K, paused 9ms, total 9ms
E/SoundPool( 1571): error loading /system/media/audio/ui/Effect_Tick.ogg
W/AudioService( 1571): Soundpool could not load file: /system/media/audio/ui/Effect_Tick.ogg
E/SoundPool( 1571): error loading /system/media/audio/ui/Effect_Tick.ogg
W/AudioService( 1571): Soundpool could not load file: /system/media/audio/ui/Effect_Tick.ogg
E/SoundPool( 1571): error loading /system/media/audio/ui/Effect_Tick.ogg
W/AudioService( 1571): Soundpool could not load file: /system/media/audio/ui/Effect_Tick.ogg
E/SoundPool( 1571): error loading /system/media/audio/ui/Effect_Tick.ogg
W/AudioService( 1571): Soundpool could not load file: /system/media/audio/ui/Effect_Tick.ogg
E/SoundPool( 1571): error loading /system/media/audio/ui/Effect_Tick.ogg
W/AudioService( 1571): Soundpool could not load file: /system/media/audio/ui/Effect_Tick.ogg
E/SoundPool( 1571): error loading /system/media/audio/ui/KeypressStandard.ogg
W/AudioService( 1571): Soundpool could not load file: /system/media/audio/ui/KeypressStandard.ogg
E/SoundPool( 1571): error loading /system/media/audio/ui/KeypressSpacebar.ogg
W/AudioService( 1571): Soundpool could not load file: /system/media/audio/ui/KeypressSpacebar.ogg
E/SoundPool( 1571): error loading /system/media/audio/ui/KeypressDelete.ogg
W/AudioService( 1571): Soundpool could not load file: /system/media/audio/ui/KeypressDelete.ogg
E/SoundPool( 1571): error loading /system/media/audio/ui/KeypressReturn.ogg
W/AudioService( 1571): Soundpool could not load file: /system/media/audio/ui/KeypressReturn.ogg
E/SoundPool( 1571): error loading /system/media/audio/ui/KeypressInvalid.ogg
W/AudioService( 1571): Soundpool could not load file: /system/media/audio/ui/KeypressInvalid.ogg
W/AudioService( 1571): onLoadSoundEffects(), Error -1 while loading samples
D/dalvikvm( 1631): GC_FOR_ALLOC freed 1277K, 74% free 13177K/49116K, paused 3ms, total 3ms
D/EGL_emulation( 1714): eglMakeCurrent: 0xb8eeaee0: ver 3 0
D/EGL_emulation( 1714): eglMakeCurrent: 0xb8eeaee0: ver 3 0
E/EGL_emulation( 1714): tid 1714: eglSurfaceAttrib(1199): error 0x3009 (EGL_BAD_MATCH)
W/HardwareRenderer( 1714): Backbuffer cannot be preserved
D/EGL_emulation( 3359): eglMakeCurrent: 0xb8e8b190: ver 3 0
D/dalvikvm( 1714): GC_FOR_ALLOC freed 2671K, 37% free 21255K/33372K, paused 5ms, total 5ms
E/SoundPool( 1571): error loading /system/media/audio/ui/Effect_Tick.ogg
W/AudioService( 1571): Soundpool could not load file: /system/media/audio/ui/Effect_Tick.ogg
E/SoundPool( 1571): error loading /system/media/audio/ui/Effect_Tick.ogg
W/AudioService( 1571): Soundpool could not load file: /system/media/audio/ui/Effect_Tick.ogg
E/SoundPool( 1571): error loading /system/media/audio/ui/Effect_Tick.ogg
W/AudioService( 1571): Soundpool could not load file: /system/media/audio/ui/Effect_Tick.ogg
E/SoundPool( 1571): error loading /system/media/audio/ui/Effect_Tick.ogg
W/AudioService( 1571): Soundpool could not load file: /system/media/audio/ui/Effect_Tick.ogg
E/SoundPool( 1571): error loading /system/media/audio/ui/Effect_Tick.ogg
W/AudioService( 1571): Soundpool could not load file: /system/media/audio/ui/Effect_Tick.ogg
E/SoundPool( 1571): error loading /system/media/audio/ui/KeypressStandard.ogg
W/AudioService( 1571): Soundpool could not load file: /system/media/audio/ui/KeypressStandard.ogg
E/SoundPool( 1571): error loading /system/media/audio/ui/KeypressSpacebar.ogg
W/AudioService( 1571): Soundpool could not load file: /system/media/audio/ui/KeypressSpacebar.ogg
E/SoundPool( 1571): error loading /system/media/audio/ui/KeypressDelete.ogg
W/AudioService( 1571): Soundpool could not load file: /system/media/audio/ui/KeypressDelete.ogg
E/SoundPool( 1571): error loading /system/media/audio/ui/KeypressReturn.ogg
W/AudioService( 1571): Soundpool could not load file: /system/media/audio/ui/KeypressReturn.ogg
E/SoundPool( 1571): error loading /system/media/audio/ui/KeypressInvalid.ogg
W/AudioService( 1571): Soundpool could not load file: /system/media/audio/ui/KeypressInvalid.ogg
W/AudioService( 1571): onLoadSoundEffects(), Error -1 while loading samples
D/dalvikvm( 1714): GC_FOR_ALLOC freed 1049K, 34% free 22107K/33372K, paused 4ms, total 4ms
D/dalvikvm( 1714): GC_FOR_ALLOC freed 200K, 31% free 23175K/33372K, paused 5ms, total 5ms
D/dalvikvm( 1714): GC_FOR_ALLOC freed 75K, 28% free 24266K/33372K, paused 7ms, total 7ms
D/dalvikvm( 1714): GC_FOR_ALLOC freed 1K, 25% free 25337K/33372K, paused 2ms, total 2ms
D/dalvikvm( 1714): GC_FOR_ALLOC freed 42K, 21% free 26458K/33372K, paused 6ms, total 6ms
D/dalvikvm( 1714): GC_FOR_ALLOC freed 51K, 18% free 27481K/33372K, paused 5ms, total 6ms
D/dalvikvm( 1714): GC_FOR_ALLOC freed 22K, 15% free 28579K/33372K, paused 4ms, total 4ms
D/dalvikvm( 1714): GC_FOR_ALLOC freed 29K, 12% free 29623K/33372K, paused 7ms, total 7ms
I/dalvikvm-heap( 1714): Grow heap (frag case) to 30.046MB for 1096716-byte allocation
D/dalvikvm( 1714): GC_FOR_ALLOC freed <1K, 11% free 30693K/34444K, paused 10ms, total 10ms
D/dalvikvm( 1714): GC_FOR_ALLOC freed 3K, 11% free 30739K/34444K, paused 4ms, total 4ms
I/dalvikvm-heap( 1714): Grow heap (frag case) to 31.136MB for 1096716-byte allocation
D/dalvikvm( 1714): GC_FOR_ALLOC freed <1K, 11% free 31810K/35516K, paused 9ms, total 9ms
D/dalvikvm( 1714): GC_FOR_ALLOC freed 38K, 11% free 31773K/35516K, paused 8ms, total 8ms
I/dalvikvm-heap( 1714): Grow heap (frag case) to 32.146MB for 1096716-byte allocation
D/dalvikvm( 1714): GC_FOR_ALLOC freed <1K, 11% free 32844K/36588K, paused 5ms, total 5ms
D/dalvikvm( 1714): GC_FOR_ALLOC freed 8K, 11% free 32836K/36588K, paused 8ms, total 9ms
I/dalvikvm-heap( 1714): Grow heap (frag case) to 33.184MB for 1096716-byte allocation
D/dalvikvm( 1714): GC_FOR_ALLOC freed 0K, 10% free 33907K/37660K, paused 5ms, total 5ms
D/dalvikvm( 1714): GC_FOR_ALLOC freed 41K, 10% free 33969K/37660K, paused 6ms, total 6ms
I/dalvikvm-heap( 1714): Grow heap (frag case) to 34.291MB for 1096716-byte allocation
D/dalvikvm( 1714): GC_FOR_ALLOC freed <1K, 10% free 35040K/38732K, paused 8ms, total 8ms
D/dalvikvm( 1714): GC_FOR_ALLOC freed 39K, 10% free 35021K/38732K, paused 10ms, total 10ms
I/dalvikvm-heap( 1714): Grow heap (frag case) to 35.318MB for 1096716-byte allocation
D/dalvikvm( 1714): GC_FOR_ALLOC freed 0K, 10% free 36092K/39804K, paused 8ms, total 8ms
D/dalvikvm( 1714): GC_FOR_ALLOC freed 23K, 10% free 36069K/39804K, paused 8ms, total 8ms
I/dalvikvm-heap( 1714): Grow heap (frag case) to 36.341MB for 1096716-byte allocation
D/dalvikvm( 1714): GC_FOR_ALLOC freed 0K, 10% free 37140K/40876K, paused 7ms, total 7ms
D/dalvikvm( 1714): GC_FOR_ALLOC freed 17K, 10% free 37126K/40876K, paused 9ms, total 9ms
I/dalvikvm-heap( 1714): Grow heap (frag case) to 37.374MB for 1096716-byte allocation
D/dalvikvm( 1714): GC_FOR_ALLOC freed 3K, 9% free 38193K/41948K, paused 5ms, total 5ms
D/dalvikvm( 1714): GC_FOR_ALLOC freed 21K, 9% free 38266K/41948K, paused 8ms, total 8ms
I/dalvikvm-heap( 1714): Grow heap (frag case) to 38.487MB for 1096716-byte allocation
D/dalvikvm( 1714): GC_FOR_ALLOC freed <1K, 9% free 39336K/43020K, paused 5ms, total 5ms
D/dalvikvm( 1714): GC_FOR_ALLOC freed 71K, 9% free 39266K/43020K, paused 7ms, total 7ms
I/dalvikvm-heap( 1714): Grow heap (frag case) to 39.463MB for 1096716-byte allocation
D/dalvikvm( 1714): GC_FOR_ALLOC freed 1K, 9% free 40336K/44092K, paused 4ms, total 4ms
D/dalvikvm( 1714): GC_FOR_ALLOC freed 108K, 9% free 40339K/44092K, paused 4ms, total 4ms
I/dalvikvm-heap( 1714): Grow heap (frag case) to 40.511MB for 1096716-byte allocation
D/dalvikvm( 1714): GC_FOR_ALLOC freed 1K, 9% free 41409K/45164K, paused 6ms, total 6ms
E/SoundPool( 1571): error loading /system/media/audio/ui/Effect_Tick.ogg
W/AudioService( 1571): Soundpool could not load file: /system/media/audio/ui/Effect_Tick.ogg
E/SoundPool( 1571): error loading /system/media/audio/ui/Effect_Tick.ogg
W/AudioService( 1571): Soundpool could not load file: /system/media/audio/ui/Effect_Tick.ogg
E/SoundPool( 1571): error loading /system/media/audio/ui/Effect_Tick.ogg
W/AudioService( 1571): Soundpool could not load file: /system/media/audio/ui/Effect_Tick.ogg
E/SoundPool( 1571): error loading /system/media/audio/ui/Effect_Tick.ogg
W/AudioService( 1571): Soundpool could not load file: /system/media/audio/ui/Effect_Tick.ogg
E/SoundPool( 1571): error loading /system/media/audio/ui/Effect_Tick.ogg
W/AudioService( 1571): Soundpool could not load file: /system/media/audio/ui/Effect_Tick.ogg
E/SoundPool( 1571): error loading /system/media/audio/ui/KeypressStandard.ogg
W/AudioService( 1571): Soundpool could not load file: /system/media/audio/ui/KeypressStandard.ogg
E/SoundPool( 1571): error loading /system/media/audio/ui/KeypressSpacebar.ogg
W/AudioService( 1571): Soundpool could not load file: /system/media/audio/ui/KeypressSpacebar.ogg
E/SoundPool( 1571): error loading /system/media/audio/ui/KeypressDelete.ogg
W/AudioService( 1571): Soundpool could not load file: /system/media/audio/ui/KeypressDelete.ogg
E/SoundPool( 1571): error loading /system/media/audio/ui/KeypressReturn.ogg
W/AudioService( 1571): Soundpool could not load file: /system/media/audio/ui/KeypressReturn.ogg
E/SoundPool( 1571): error loading /system/media/audio/ui/KeypressInvalid.ogg
W/AudioService( 1571): Soundpool could not load file: /system/media/audio/ui/KeypressInvalid.ogg
W/AudioService( 1571): onLoadSoundEffects(), Error -1 while loading samples
I/ActivityManager( 1571): START u0 {act=android.intent.action.MAIN cat=[android.intent.category.LAUNCHER] flg=0x10200000 cmp=com.example.android.apis/.ApiDemos} from pid 1714
D/dalvikvm( 1571): GC_FOR_ALLOC freed 1323K, 21% free 15056K/19044K, paused 20ms, total 21ms
I/PackageManager( 1571): Running dexopt on: com.example.android.apis
W/linker  ( 3416): libdvm.so has text relocations. This is wasting memory and is a security risk. Please fix.
I/ActivityManager( 1571): Start proc com.example.android.apis for activity com.example.android.apis/.ApiDemos: pid=3403 uid=10050 gids={50050, 3003, 1028, 1015}
D/gralloc_ranchu( 1139): gralloc_alloc: Creating ashmem region of size 15622144
D/gralloc_ranchu( 1139): gralloc_alloc: Creating ashmem region of size 15622144
D/dalvikvm( 3416): DexOpt: load 29ms, verify+opt 95ms, 2657476 bytes
I/ProcessStatsService( 1571): Prepared write state in 5ms
I/ProcessStatsService( 1571): Prepared write state in 1ms
D/dalvikvm( 3403): GC_FOR_ALLOC freed 53K, 4% free 3762K/3888K, paused 2ms, total 2ms
D/dalvikvm( 3403): GC_FOR_ALLOC freed 604K, 16% free 3599K/4280K, paused 2ms, total 2ms
D/dalvikvm( 3403): GC_FOR_ALLOC freed 2K, 14% free 3710K/4280K, paused 2ms, total 2ms
I/dalvikvm-heap( 3403): Grow heap (frag case) to 3.986MB for 306948-byte allocation
D/dalvikvm( 3403): GC_FOR_ALLOC freed <1K, 13% free 4009K/4580K, paused 2ms, total 2ms
D/dalvikvm( 3403): GC_FOR_ALLOC freed <1K, 13% free 4010K/4580K, paused 2ms, total 3ms
I/dalvikvm-heap( 3403): Grow heap (frag case) to 7.282MB for 3456696-byte allocation
D/dalvikvm( 3403): GC_FOR_ALLOC freed <1K, 8% free 7385K/7956K, paused 2ms, total 2ms
D/        ( 3403): HostConnection::get() New Host Connection established 0xb8d77110, tid 3403
D/EGL_emulation( 3403): eglCreateContext: 0xb8e6ba00: maj 3 min 0 rcv 3
D/EGL_emulation( 3403): eglMakeCurrent: 0xb8e6ba00: ver 3 0
E/eglCodecCommon( 3403): glUtilsParamSize: unknow param 0x00008cdf
E/eglCodecCommon( 3403): glUtilsParamSize: unknow param 0x00008824
E/EGL_emulation( 3403): tid 3403: eglSurfaceAttrib(1199): error 0x3009 (EGL_BAD_MATCH)
W/HardwareRenderer( 3403): Backbuffer cannot be preserved
D/OpenGLRenderer( 3403): Enabling debug mode 0
I/ActivityManager( 1571): Displayed com.example.android.apis/.ApiDemos: +667ms
D/EGL_emulation( 1714): eglMakeCurrent: 0xb8eeaee0: ver 3 0
D/gralloc_ranchu( 1139): gralloc_alloc: Creating ashmem region of size 2637824
D/dalvikvm( 1571): GC_FOR_ALLOC freed 113K, 20% free 15317K/19044K, paused 23ms, total 23ms
I/dalvikvm-heap( 1571): Grow heap (frag case) to 16.146MB for 1166380-byte allocation
D/dalvikvm( 1571): GC_FOR_ALLOC freed 389K, 21% free 16067K/20184K, paused 17ms, total 17ms
D/gralloc_ranchu( 1139): gralloc_alloc: Creating ashmem region of size 2637824
D/dalvikvm( 1631): GC_FOR_ALLOC freed 1447K, 74% free 13181K/49116K, paused 5ms, total 5ms
D/dalvikvm( 1571): GC_FOR_ALLOC freed 2365K, 27% free 14841K/20184K, paused 6ms, total 6ms
D/dalvikvm( 1571): GC_FOR_ALLOC freed 1139K, 27% free 14841K/20184K, paused 7ms, total 7ms
D/dalvikvm( 1631): GC_FOR_ALLOC freed 1342K, 74% free 13177K/49116K, paused 2ms, total 2ms
I/ActivityManager( 1571): START u0 {act=android.intent.action.MAIN cat=[android.intent.category.HOME] flg=0x10200000 cmp=com.android.launcher/com.android.launcher2.Launcher} from pid 1571
D/dalvikvm( 1571): GC_FOR_ALLOC freed 1142K, 27% free 14842K/20184K, paused 7ms, total 7ms
D/dalvikvm( 1631): GC_FOR_ALLOC freed 24K, 71% free 14515K/49116K, paused 10ms, total 10ms
E/SoundPool( 1571): error loading /system/media/audio/ui/Effect_Tick.ogg
W/AudioService( 1571): Soundpool could not load file: /system/media/audio/ui/Effect_Tick.ogg
E/SoundPool( 1571): error loading /system/media/audio/ui/Effect_Tick.ogg
W/AudioService( 1571): Soundpool could not load file: /system/media/audio/ui/Effect_Tick.ogg
E/SoundPool( 1571): error loading /system/media/audio/ui/Effect_Tick.ogg
W/AudioService( 1571): Soundpool could not load file: /system/media/audio/ui/Effect_Tick.ogg
E/SoundPool( 1571): error loading /system/media/audio/ui/Effect_Tick.ogg
W/AudioService( 1571): Soundpool could not load file: /system/media/audio/ui/Effect_Tick.ogg
E/SoundPool( 1571): error loading /system/media/audio/ui/Effect_Tick.ogg
W/AudioService( 1571): Soundpool could not load file: /system/media/audio/ui/Effect_Tick.ogg
E/SoundPool( 1571): error loading /system/media/audio/ui/KeypressStandard.ogg
W/AudioService( 1571): Soundpool could not load file: /system/media/audio/ui/KeypressStandard.ogg
E/SoundPool( 1571): error loading /system/media/audio/ui/KeypressSpacebar.ogg
W/AudioService( 1571): Soundpool could not load file: /system/media/audio/ui/KeypressSpacebar.ogg
E/SoundPool( 1571): error loading /system/media/audio/ui/KeypressDelete.ogg
W/AudioService( 1571): Soundpool could not load file: /system/media/audio/ui/KeypressDelete.ogg
E/SoundPool( 1571): error loading /system/media/audio/ui/KeypressReturn.ogg
W/AudioService( 1571): Soundpool could not load file: /system/media/audio/ui/KeypressReturn.ogg
E/SoundPool( 1571): error loading /system/media/audio/ui/KeypressInvalid.ogg
W/AudioService( 1571): Soundpool could not load file: /system/media/audio/ui/KeypressInvalid.ogg
W/AudioService( 1571): onLoadSoundEffects(), Error -1 while loading samples
D/EGL_emulation( 1714): eglMakeCurrent: 0xb8eeaee0: ver 3 0
D/EGL_emulation( 1714): eglMakeCurrent: 0xb8eeaee0: ver 3 0
E/EGL_emulation( 1714): tid 1714: eglSurfaceAttrib(1199): error 0x3009 (EGL_BAD_MATCH)
W/HardwareRenderer( 1714): Backbuffer cannot be preserved
W/IInputConnectionWrapper( 3403): showStatusIcon on inactive InputConnection
D/EGL_emulation( 3403): eglMakeCurrent: 0xb8e6ba00: ver 3 0
I/LatinIME:LogUtils( 1665): Dictionary info: dictionary = UserHistoryDictionary.en_US.dic ; version = ? ; date = 1523488000
D/EGL_emulation( 1631): eglMakeCurrent: 0xb8e69f60: ver 3 0
D/AndroidRuntime( 3433): 
D/AndroidRuntime( 3433): >>>>>> AndroidRuntime START com.android.internal.os.RuntimeInit <<<<<<
W/linker  ( 3433): libdvm.so has text relocations. This is wasting memory and is a security risk. Please fix.
D/AndroidRuntime( 3433): CheckJNI is ON
D/dalvikvm( 3433): Trying to load lib libjavacore.so 0x0
D/dalvikvm( 3433): Added shared lib libjavacore.so 0x0
D/dalvikvm( 3433): Trying to load lib libnativehelper.so 0x0
D/dalvikvm( 3433): Added shared lib libnativehelper.so 0x0
D/dalvikvm( 3433): No JNI_OnLoad found in libnativehelper.so 0x0, skipping init
D/dalvikvm( 3433): Note: class Landroid/app/ActivityManagerNative; has 179 unimplemented (abstract) methods
E/memtrack( 3433): Couldn't load memtrack module (No such file or directory)
E/android.os.Debug( 3433): failed to load memtrack module: -2
D/AndroidRuntime( 3433): Calling main entry com.android.commands.am.Am
D/AndroidRuntime( 3433): Shutting down VM
I/ActivityManager( 1571): Force stopping edu.washington.isaacjc.activityspy appid=10060 user=0: from pid 3433
D/jdwp    ( 3433): Got wake-up signal, bailing out of select
D/dalvikvm( 3433): Debugger has detached; object registry had 1 entries
D/AndroidRuntime( 3447): 
D/AndroidRuntime( 3447): >>>>>> AndroidRuntime START com.android.internal.os.RuntimeInit <<<<<<
W/linker  ( 3447): libdvm.so has text relocations. This is wasting memory and is a security risk. Please fix.
D/AndroidRuntime( 3447): CheckJNI is ON
D/dalvikvm( 3447): Trying to load lib libjavacore.so 0x0
D/dalvikvm( 3447): Added shared lib libjavacore.so 0x0
D/dalvikvm( 3447): Trying to load lib libnativehelper.so 0x0
D/dalvikvm( 3447): Added shared lib libnativehelper.so 0x0
D/dalvikvm( 3447): No JNI_OnLoad found in libnativehelper.so 0x0, skipping init
D/dalvikvm( 3447): Note: class Landroid/app/ActivityManagerNative; has 179 unimplemented (abstract) methods
E/memtrack( 3447): Couldn't load memtrack module (No such file or directory)
E/android.os.Debug( 3447): failed to load memtrack module: -2
D/AndroidRuntime( 3447): Calling main entry com.android.commands.am.Am
I/ActivityManager( 1571): START u0 {act=android.intent.action.MAIN cat=[android.intent.category.LAUNCHER] flg=0x10000000 cmp=edu.washington.isaacjc.activityspy/.MainActivity} from pid 3447
D/dalvikvm( 1571): GC_FOR_ALLOC freed 1390K, 27% free 14869K/20184K, paused 10ms, total 10ms
D/AndroidRuntime( 3447): Shutting down VM
D/jdwp    ( 3447): Got wake-up signal, bailing out of select
D/dalvikvm( 3447): Debugger has detached; object registry had 1 entries
D/dalvikvm( 3457): Not late-enabling CheckJNI (already on)
I/ActivityManager( 1571): Start proc edu.washington.isaacjc.activityspy for activity edu.washington.isaacjc.activityspy/.MainActivity: pid=3457 uid=10060 gids={50060}
I/dalvikvm( 3457): Could not find method android.view.Window$Callback.onPointerCaptureChanged, referenced from method android.support.v7.view.WindowCallbackWrapper.onPointerCaptureChanged
W/dalvikvm( 3457): VFY: unable to resolve interface method 13807: Landroid/view/Window$Callback;.onPointerCaptureChanged (Z)V
D/dalvikvm( 3457): VFY: replacing opcode 0x72 at 0x0002
I/dalvikvm( 3457): Could not find method android.view.Window$Callback.onProvideKeyboardShortcuts, referenced from method android.support.v7.view.WindowCallbackWrapper.onProvideKeyboardShortcuts
W/dalvikvm( 3457): VFY: unable to resolve interface method 13809: Landroid/view/Window$Callback;.onProvideKeyboardShortcuts (Ljava/util/List;Landroid/view/Menu;I)V
D/dalvikvm( 3457): VFY: replacing opcode 0x72 at 0x0002
W/dalvikvm( 3457): VFY: unable to find class referenced in signature (Landroid/view/SearchEvent;)
I/dalvikvm( 3457): Could not find method android.view.Window$Callback.onSearchRequested, referenced from method android.support.v7.view.WindowCallbackWrapper.onSearchRequested
W/dalvikvm( 3457): VFY: unable to resolve interface method 13811: Landroid/view/Window$Callback;.onSearchRequested (Landroid/view/SearchEvent;)Z
D/dalvikvm( 3457): VFY: replacing opcode 0x72 at 0x0002
I/dalvikvm( 3457): Could not find method android.view.Window$Callback.onWindowStartingActionMode, referenced from method android.support.v7.view.WindowCallbackWrapper.onWindowStartingActionMode
W/dalvikvm( 3457): VFY: unable to resolve interface method 13815: Landroid/view/Window$Callback;.onWindowStartingActionMode (Landroid/view/ActionMode$Callback;I)Landroid/view/ActionMode;
D/dalvikvm( 3457): VFY: replacing opcode 0x72 at 0x0002
I/dalvikvm( 3457): Could not find method android.content.res.TypedArray.getChangingConfigurations, referenced from method android.support.v7.widget.TintTypedArray.getChangingConfigurations
W/dalvikvm( 3457): VFY: unable to resolve virtual method 818: Landroid/content/res/TypedArray;.getChangingConfigurations ()I
D/dalvikvm( 3457): VFY: replacing opcode 0x6e at 0x0002
I/dalvikvm( 3457): Could not find method android.content.res.TypedArray.getType, referenced from method android.support.v7.widget.TintTypedArray.getType
W/dalvikvm( 3457): VFY: unable to resolve virtual method 840: Landroid/content/res/TypedArray;.getType (I)I
D/dalvikvm( 3457): VFY: replacing opcode 0x6e at 0x0008
I/dalvikvm( 3457): Could not find method android.content.Context.createDeviceProtectedStorageContext, referenced from method android.support.v4.content.ContextCompat.createDeviceProtectedStorageContext
W/dalvikvm( 3457): VFY: unable to resolve virtual method 597: Landroid/content/Context;.createDeviceProtectedStorageContext ()Landroid/content/Context;
D/dalvikvm( 3457): VFY: replacing opcode 0x6e at 0x0006
I/dalvikvm( 3457): Could not find method android.content.Context.getCodeCacheDir, referenced from method android.support.v4.content.ContextCompat.getCodeCacheDir
W/dalvikvm( 3457): VFY: unable to resolve virtual method 603: Landroid/content/Context;.getCodeCacheDir ()Ljava/io/File;
D/dalvikvm( 3457): VFY: replacing opcode 0x6e at 0x0006
I/dalvikvm( 3457): Could not find method android.content.Context.getColor, referenced from method android.support.v4.content.ContextCompat.getColor
W/dalvikvm( 3457): VFY: unable to resolve virtual method 604: Landroid/content/Context;.getColor (I)I
D/dalvikvm( 3457): VFY: replacing opcode 0x6e at 0x0006
I/dalvikvm( 3457): Could not find method android.content.Context.getColorStateList, referenced from method android.support.v4.content.ContextCompat.getColorStateList
W/dalvikvm( 3457): VFY: unable to resolve virtual method 605: Landroid/content/Context;.getColorStateList (I)Landroid/content/res/ColorStateList;
D/dalvikvm( 3457): VFY: replacing opcode 0x6e at 0x0006
I/dalvikvm( 3457): Could not find method android.content.Context.getDataDir, referenced from method android.support.v4.content.ContextCompat.getDataDir
W/dalvikvm( 3457): VFY: unable to resolve virtual method 607: Landroid/content/Context;.getDataDir ()Ljava/io/File;
D/dalvikvm( 3457): VFY: replacing opcode 0x6e at 0x0006
I/dalvikvm( 3457): Could not find method android.content.Context.getDrawable, referenced from method android.support.v4.content.ContextCompat.getDrawable
