W/dalvikvm( 3457): VFY: unable to resolve virtual method 608: Landroid/content/Context;.getDrawable (I)Landroid/graphics/drawable/Drawable;
D/dalvikvm( 3457): VFY: replacing opcode 0x6e at 0x0006
I/dalvikvm( 3457): Could not find method android.content.Context.getNoBackupFilesDir, referenced from method android.support.v4.content.ContextCompat.getNoBackupFilesDir
W/dalvikvm( 3457): VFY: unable to resolve virtual method 616: Landroid/content/Context;.getNoBackupFilesDir ()Ljava/io/File;
D/dalvikvm( 3457): VFY: replacing opcode 0x6e at 0x0006
I/dalvikvm( 3457): Could not find method android.content.Context.isDeviceProtectedStorage, referenced from method android.support.v4.content.ContextCompat.isDeviceProtectedStorage
W/dalvikvm( 3457): VFY: unable to resolve virtual method 629: Landroid/content/Context;.isDeviceProtectedStorage ()Z
D/dalvikvm( 3457): VFY: replacing opcode 0x6e at 0x0006
I/dalvikvm( 3457): Could not find method android.content.Context.startForegroundService, referenced from method android.support.v4.content.ContextCompat.startForegroundService
W/dalvikvm( 3457): VFY: unable to resolve virtual method 644: Landroid/content/Context;.startForegroundService (Landroid/content/Intent;)Landroid/content/ComponentName;
D/dalvikvm( 3457): VFY: replacing opcode 0x6e at 0x0006
I/dalvikvm( 3457): Could not find method android.widget.FrameLayout.startActionModeForChild, referenced from method android.support.v7.widget.ActionBarContainer.startActionModeForChild
W/dalvikvm( 3457): VFY: unable to resolve virtual method 14293: Landroid/widget/FrameLayout;.startActionModeForChild (Landroid/view/View;Landroid/view/ActionMode$Callback;I)Landroid/view/ActionMode;
D/dalvikvm( 3457): VFY: replacing opcode 0x6f at 0x0002
I/dalvikvm( 3457): Could not find method android.content.Context.getColorStateList, referenced from method android.support.v7.content.res.AppCompatResources.getColorStateList
W/dalvikvm( 3457): VFY: unable to resolve virtual method 605: Landroid/content/Context;.getColorStateList (I)Landroid/content/res/ColorStateList;
D/dalvikvm( 3457): VFY: replacing opcode 0x6e at 0x0006
D/gralloc_ranchu( 1139): gralloc_alloc: Creating ashmem region of size 15622144
I/dalvikvm( 3457): Could not find method android.content.res.Resources.getDrawable, referenced from method android.support.v7.widget.ResourcesWrapper.getDrawable
W/dalvikvm( 3457): VFY: unable to resolve virtual method 781: Landroid/content/res/Resources;.getDrawable (ILandroid/content/res/Resources$Theme;)Landroid/graphics/drawable/Drawable;
D/dalvikvm( 3457): VFY: replacing opcode 0x6e at 0x0002
I/dalvikvm( 3457): Could not find method android.content.res.Resources.getDrawableForDensity, referenced from method android.support.v7.widget.ResourcesWrapper.getDrawableForDensity
W/dalvikvm( 3457): VFY: unable to resolve virtual method 783: Landroid/content/res/Resources;.getDrawableForDensity (IILandroid/content/res/Resources$Theme;)Landroid/graphics/drawable/Drawable;
D/dalvikvm( 3457): VFY: replacing opcode 0x6e at 0x0002
E/dalvikvm( 3457): Could not find class 'android.graphics.drawable.RippleDrawable', referenced from method android.support.v7.widget.AppCompatImageHelper.hasOverlappingRendering
W/dalvikvm( 3457): VFY: unable to resolve instanceof 226 (Landroid/graphics/drawable/RippleDrawable;) in Landroid/support/v7/widget/AppCompatImageHelper;
D/dalvikvm( 3457): VFY: replacing opcode 0x20 at 0x000c
I/dalvikvm( 3457): Could not find method android.widget.TextView.getAutoSizeMaxTextSize, referenced from method android.support.v7.widget.AppCompatTextView.getAutoSizeMaxTextSize
W/dalvikvm( 3457): VFY: unable to resolve virtual method 14604: Landroid/widget/TextView;.getAutoSizeMaxTextSize ()I
D/dalvikvm( 3457): VFY: replacing opcode 0x6f at 0x0004
I/dalvikvm( 3457): Could not find method android.widget.TextView.getAutoSizeMinTextSize, referenced from method android.support.v7.widget.AppCompatTextView.getAutoSizeMinTextSize
W/dalvikvm( 3457): VFY: unable to resolve virtual method 14605: Landroid/widget/TextView;.getAutoSizeMinTextSize ()I
D/dalvikvm( 3457): VFY: replacing opcode 0x6f at 0x0004
I/dalvikvm( 3457): Could not find method android.widget.TextView.getAutoSizeStepGranularity, referenced from method android.support.v7.widget.AppCompatTextView.getAutoSizeStepGranularity
W/dalvikvm( 3457): VFY: unable to resolve virtual method 14606: Landroid/widget/TextView;.getAutoSizeStepGranularity ()I
D/dalvikvm( 3457): VFY: replacing opcode 0x6f at 0x0004
I/dalvikvm( 3457): Could not find method android.widget.TextView.getAutoSizeTextAvailableSizes, referenced from method android.support.v7.widget.AppCompatTextView.getAutoSizeTextAvailableSizes
W/dalvikvm( 3457): VFY: unable to resolve virtual method 14607: Landroid/widget/TextView;.getAutoSizeTextAvailableSizes ()[I
D/dalvikvm( 3457): VFY: replacing opcode 0x6f at 0x0004
I/dalvikvm( 3457): Could not find method android.widget.TextView.getAutoSizeTextType, referenced from method android.support.v7.widget.AppCompatTextView.getAutoSizeTextType
W/dalvikvm( 3457): VFY: unable to resolve virtual method 14608: Landroid/widget/TextView;.getAutoSizeTextType ()I
D/dalvikvm( 3457): VFY: replacing opcode 0x6f at 0x0005
I/dalvikvm( 3457): Could not find method android.widget.TextView.setAutoSizeTextTypeUniformWithConfiguration, referenced from method android.support.v7.widget.AppCompatTextView.setAutoSizeTextTypeUniformWithConfiguration
W/dalvikvm( 3457): VFY: unable to resolve virtual method 14654: Landroid/widget/TextView;.setAutoSizeTextTypeUniformWithConfiguration (IIII)V
D/dalvikvm( 3457): VFY: replacing opcode 0x6f at 0x0004
I/dalvikvm( 3457): Could not find method android.widget.TextView.setAutoSizeTextTypeUniformWithPresetSizes, referenced from method android.support.v7.widget.AppCompatTextView.setAutoSizeTextTypeUniformWithPresetSizes
W/dalvikvm( 3457): VFY: unable to resolve virtual method 14655: Landroid/widget/TextView;.setAutoSizeTextTypeUniformWithPresetSizes ([II)V
D/dalvikvm( 3457): VFY: replacing opcode 0x6f at 0x0004
I/dalvikvm( 3457): Could not find method android.widget.TextView.setAutoSizeTextTypeWithDefaults, referenced from method android.support.v7.widget.AppCompatTextView.setAutoSizeTextTypeWithDefaults
W/dalvikvm( 3457): VFY: unable to resolve virtual method 14656: Landroid/widget/TextView;.setAutoSizeTextTypeWithDefaults (I)V
D/dalvikvm( 3457): VFY: replacing opcode 0x6f at 0x0004
I/dalvikvm( 3457): Could not find method android.widget.TextView.getAutoSizeStepGranularity, referenced from method android.support.v7.widget.AppCompatTextHelper.loadFromAttributes
W/dalvikvm( 3457): VFY: unable to resolve virtual method 14606: Landroid/widget/TextView;.getAutoSizeStepGranularity ()I
D/dalvikvm( 3457): VFY: replacing opcode 0x6e at 0x0161
I/dalvikvm( 3457): Could not find method android.text.StaticLayout$Builder.obtain, referenced from method android.support.v7.widget.AppCompatTextViewAutoSizeHelper.createStaticLayoutForMeasuring
W/dalvikvm( 3457): VFY: unable to resolve static method 13070: Landroid/text/StaticLayout$Builder;.obtain (Ljava/lang/CharSequence;IILandroid/text/TextPaint;I)Landroid/text/StaticLayout$Builder;
D/dalvikvm( 3457): VFY: replacing opcode 0x71 at 0x0014
I/MainActivity( 3457): onStart fired: Intent { act=android.intent.action.MAIN cat=[android.intent.category.LAUNCHER] flg=0x10000000 cmp=edu.washington.isaacjc.activityspy/.MainActivity }
I/MainActivity( 3457): onResume fired: Intent { act=android.intent.action.MAIN cat=[android.intent.category.LAUNCHER] flg=0x10000000 cmp=edu.washington.isaacjc.activityspy/.MainActivity }
D/        ( 3457): HostConnection::get() New Host Connection established 0xb8e73550, tid 3457
I/Choreographer( 1571): Skipped 37 frames!  The application may be doing too much work on its main thread.
D/EGL_emulation( 3457): eglCreateContext: 0xb8e60f50: maj 3 min 0 rcv 3
D/EGL_emulation( 3457): eglMakeCurrent: 0xb8e60f50: ver 3 0
E/eglCodecCommon( 3457): glUtilsParamSize: unknow param 0x00008cdf
E/eglCodecCommon( 3457): glUtilsParamSize: unknow param 0x00008824
E/EGL_emulation( 3457): tid 3457: eglSurfaceAttrib(1199): error 0x3009 (EGL_BAD_MATCH)
W/HardwareRenderer( 3457): Backbuffer cannot be preserved
D/OpenGLRenderer( 3457): Enabling debug mode 0
D/dalvikvm( 3457): GC_FOR_ALLOC freed 245K, 9% free 3560K/3880K, paused 20ms, total 20ms
I/dalvikvm( 3457): Could not find method android.view.View.setTooltipText, referenced from method android.support.v7.widget.TooltipCompat.setTooltipText
W/dalvikvm( 3457): VFY: unable to resolve virtual method 13611: Landroid/view/View;.setTooltipText (Ljava/lang/CharSequence;)V
D/dalvikvm( 3457): VFY: replacing opcode 0x6e at 0x0006
I/ActivityManager( 1571): Displayed edu.washington.isaacjc.activityspy/.MainActivity: +1s220ms
D/EGL_emulation( 1714): eglMakeCurrent: 0xb8eeaee0: ver 3 0
D/EGL_emulation( 1631): eglMakeCurrent: 0xb8e69f60: ver 3 0
D/gralloc_ranchu( 1139): gralloc_alloc: Creating ashmem region of size 2637824
D/dalvikvm( 1571): GC_FOR_ALLOC freed 1242K, 27% free 14889K/20184K, paused 14ms, total 14ms
D/dalvikvm( 1571): GC_FOR_ALLOC freed 1174K, 27% free 14855K/20184K, paused 18ms, total 18ms
D/dalvikvm( 1631): GC_FOR_ALLOC freed 2851K, 74% free 13185K/49116K, paused 3ms, total 3ms
D/gralloc_ranchu( 1139): gralloc_alloc: Creating ashmem region of size 2637824
D/dalvikvm( 1571): GC_FOR_ALLOC freed 1139K, 27% free 14854K/20184K, paused 12ms, total 12ms
D/dalvikvm( 1571): GC_FOR_ALLOC freed 1139K, 27% free 14854K/20184K, paused 7ms, total 7ms
D/dalvikvm( 1631): GC_FOR_ALLOC freed 8K, 71% free 14429K/49116K, paused 3ms, total 3ms
D/dalvikvm( 1631): GC_FOR_ALLOC freed <1K, 69% free 15568K/49116K, paused 2ms, total 2ms
D/dalvikvm( 1631): GC_FOR_ALLOC freed 1255K, 68% free 15763K/49116K, paused 2ms, total 2ms
E/SoundPool( 1571): error loading /system/media/audio/ui/Effect_Tick.ogg
W/AudioService( 1571): Soundpool could not load file: /system/media/audio/ui/Effect_Tick.ogg
E/SoundPool( 1571): error loading /system/media/audio/ui/Effect_Tick.ogg
W/AudioService( 1571): Soundpool could not load file: /system/media/audio/ui/Effect_Tick.ogg
E/SoundPool( 1571): error loading /system/media/audio/ui/Effect_Tick.ogg
W/AudioService( 1571): Soundpool could not load file: /system/media/audio/ui/Effect_Tick.ogg
E/SoundPool( 1571): error loading /system/media/audio/ui/Effect_Tick.ogg
W/AudioService( 1571): Soundpool could not load file: /system/media/audio/ui/Effect_Tick.ogg
E/SoundPool( 1571): error loading /system/media/audio/ui/Effect_Tick.ogg
W/AudioService( 1571): Soundpool could not load file: /system/media/audio/ui/Effect_Tick.ogg
E/SoundPool( 1571): error loading /system/media/audio/ui/KeypressStandard.ogg
W/AudioService( 1571): Soundpool could not load file: /system/media/audio/ui/KeypressStandard.ogg
E/SoundPool( 1571): error loading /system/media/audio/ui/KeypressSpacebar.ogg
W/AudioService( 1571): Soundpool could not load file: /system/media/audio/ui/KeypressSpacebar.ogg
I/ActivityManager( 1571): START u0 {act=android.intent.action.MAIN cat=[android.intent.category.HOME] flg=0x10200000 cmp=com.android.launcher/com.android.launcher2.Launcher} from pid 1571
D/dalvikvm( 1571): GC_FOR_ALLOC freed 1152K, 27% free 14857K/20184K, paused 9ms, total 9ms
E/SoundPool( 1571): error loading /system/media/audio/ui/KeypressDelete.ogg
W/AudioService( 1571): Soundpool could not load file: /system/media/audio/ui/KeypressDelete.ogg
E/SoundPool( 1571): error loading /system/media/audio/ui/KeypressReturn.ogg
W/AudioService( 1571): Soundpool could not load file: /system/media/audio/ui/KeypressReturn.ogg
E/SoundPool( 1571): error loading /system/media/audio/ui/KeypressInvalid.ogg
W/AudioService( 1571): Soundpool could not load file: /system/media/audio/ui/KeypressInvalid.ogg
W/AudioService( 1571): onLoadSoundEffects(), Error -1 while loading samples
I/MainActivity( 3457): onPause fired: Intent { act=android.intent.action.MAIN cat=[android.intent.category.LAUNCHER] flg=0x10000000 cmp=edu.washington.isaacjc.activityspy/.MainActivity }
D/EGL_emulation( 1714): eglMakeCurrent: 0xb8eeaee0: ver 3 0
D/EGL_emulation( 1714): eglMakeCurrent: 0xb8eeaee0: ver 3 0
E/EGL_emulation( 1714): tid 1714: eglSurfaceAttrib(1199): error 0x3009 (EGL_BAD_MATCH)
W/HardwareRenderer( 1714): Backbuffer cannot be preserved
I/MainActivity( 3457): onStop fired: Intent { act=android.intent.action.MAIN cat=[android.intent.category.LAUNCHER] flg=0x10000000 cmp=edu.washington.isaacjc.activityspy/.MainActivity }
D/EGL_emulation( 3457): eglMakeCurrent: 0xb8e60f50: ver 3 0
E/SoundPool( 1571): error loading /system/media/audio/ui/Effect_Tick.ogg
W/AudioService( 1571): Soundpool could not load file: /system/media/audio/ui/Effect_Tick.ogg
E/SoundPool( 1571): error loading /system/media/audio/ui/Effect_Tick.ogg
W/AudioService( 1571): Soundpool could not load file: /system/media/audio/ui/Effect_Tick.ogg
E/SoundPool( 1571): error loading /system/media/audio/ui/Effect_Tick.ogg
W/AudioService( 1571): Soundpool could not load file: /system/media/audio/ui/Effect_Tick.ogg
E/SoundPool( 1571): error loading /system/media/audio/ui/Effect_Tick.ogg
W/AudioService( 1571): Soundpool could not load file: /system/media/audio/ui/Effect_Tick.ogg
E/SoundPool( 1571): error loading /system/media/audio/ui/Effect_Tick.ogg
W/AudioService( 1571): Soundpool could not load file: /system/media/audio/ui/Effect_Tick.ogg
E/SoundPool( 1571): error loading /system/media/audio/ui/KeypressStandard.ogg
W/AudioService( 1571): Soundpool could not load file: /system/media/audio/ui/KeypressStandard.ogg
E/SoundPool( 1571): error loading /system/media/audio/ui/KeypressSpacebar.ogg
W/AudioService( 1571): Soundpool could not load file: /system/media/audio/ui/KeypressSpacebar.ogg
E/SoundPool( 1571): error loading /system/media/audio/ui/KeypressDelete.ogg
W/AudioService( 1571): Soundpool could not load file: /system/media/audio/ui/KeypressDelete.ogg
E/SoundPool( 1571): error loading /system/media/audio/ui/KeypressReturn.ogg
W/AudioService( 1571): Soundpool could not load file: /system/media/audio/ui/KeypressReturn.ogg
E/SoundPool( 1571): error loading /system/media/audio/ui/KeypressInvalid.ogg
W/AudioService( 1571): Soundpool could not load file: /system/media/audio/ui/KeypressInvalid.ogg
W/AudioService( 1571): onLoadSoundEffects(), Error -1 while loading samples
V/DeadZone( 1631): consuming errant click: (1157.7393,14.806641)
D/dalvikvm( 1631): GC_FOR_ALLOC freed 3981K, 74% free 13178K/49116K, paused 4ms, total 4ms
D/dalvikvm( 1631): GC_FOR_ALLOC freed 3K, 71% free 14427K/49116K, paused 4ms, total 4ms
D/dalvikvm( 1631): GC_FOR_ALLOC freed 3K, 68% free 15763K/49116K, paused 4ms, total 4ms
E/SoundPool( 1571): error loading /system/media/audio/ui/Effect_Tick.ogg
W/AudioService( 1571): Soundpool could not load file: /system/media/audio/ui/Effect_Tick.ogg
E/SoundPool( 1571): error loading /system/media/audio/ui/Effect_Tick.ogg
W/AudioService( 1571): Soundpool could not load file: /system/media/audio/ui/Effect_Tick.ogg
E/SoundPool( 1571): error loading /system/media/audio/ui/Effect_Tick.ogg
W/AudioService( 1571): Soundpool could not load file: /system/media/audio/ui/Effect_Tick.ogg
E/SoundPool( 1571): error loading /system/media/audio/ui/Effect_Tick.ogg
W/AudioService( 1571): Soundpool could not load file: /system/media/audio/ui/Effect_Tick.ogg
E/SoundPool( 1571): error loading /system/media/audio/ui/Effect_Tick.ogg
W/AudioService( 1571): Soundpool could not load file: /system/media/audio/ui/Effect_Tick.ogg
E/SoundPool( 1571): error loading /system/media/audio/ui/KeypressStandard.ogg
W/AudioService( 1571): Soundpool could not load file: /system/media/audio/ui/KeypressStandard.ogg
E/SoundPool( 1571): error loading /system/media/audio/ui/KeypressSpacebar.ogg
W/AudioService( 1571): Soundpool could not load file: /system/media/audio/ui/KeypressSpacebar.ogg
E/SoundPool( 1571): error loading /system/media/audio/ui/KeypressDelete.ogg
W/AudioService( 1571): Soundpool could not load file: /system/media/audio/ui/KeypressDelete.ogg
E/SoundPool( 1571): error loading /system/media/audio/ui/KeypressReturn.ogg
W/AudioService( 1571): Soundpool could not load file: /system/media/audio/ui/KeypressReturn.ogg
E/SoundPool( 1571): error loading /system/media/audio/ui/KeypressInvalid.ogg
W/AudioService( 1571): Soundpool could not load file: /system/media/audio/ui/KeypressInvalid.ogg
W/AudioService( 1571): onLoadSoundEffects(), Error -1 while loading samples
I/ActivityManager( 1571): START u0 {act=com.android.systemui.recent.action.TOGGLE_RECENTS flg=0x10800000 cmp=com.android.systemui/.recent.RecentsActivity} from pid 1631
D/dalvikvm( 1571): GC_FOR_ALLOC freed 1209K, 27% free 14865K/20184K, paused 7ms, total 7ms
D/EGL_emulation( 1631): eglMakeCurrent: 0xb8e69f60: ver 3 0
E/EGL_emulation( 1631): tid 1631: eglSurfaceAttrib(1199): error 0x3009 (EGL_BAD_MATCH)
W/HardwareRenderer( 1631): Backbuffer cannot be preserved
D/EGL_emulation( 1631): eglMakeCurrent: 0xb8e69f60: ver 3 0
D/EGL_emulation( 1631): eglMakeCurrent: 0xb8e69f60: ver 3 0
D/EGL_emulation( 1631): eglMakeCurrent: 0xb8e69f60: ver 3 0
D/EGL_emulation( 1714): eglMakeCurrent: 0xb8eeaee0: ver 3 0
D/EGL_emulation( 1631): eglMakeCurrent: 0xb8e69f60: ver 3 0
E/SoundPool( 1571): error loading /system/media/audio/ui/Effect_Tick.ogg
W/AudioService( 1571): Soundpool could not load file: /system/media/audio/ui/Effect_Tick.ogg
E/SoundPool( 1571): error loading /system/media/audio/ui/Effect_Tick.ogg
W/AudioService( 1571): Soundpool could not load file: /system/media/audio/ui/Effect_Tick.ogg
E/SoundPool( 1571): error loading /system/media/audio/ui/Effect_Tick.ogg
W/AudioService( 1571): Soundpool could not load file: /system/media/audio/ui/Effect_Tick.ogg
E/SoundPool( 1571): error loading /system/media/audio/ui/Effect_Tick.ogg
W/AudioService( 1571): Soundpool could not load file: /system/media/audio/ui/Effect_Tick.ogg
E/SoundPool( 1571): error loading /system/media/audio/ui/Effect_Tick.ogg
W/AudioService( 1571): Soundpool could not load file: /system/media/audio/ui/Effect_Tick.ogg
E/SoundPool( 1571): error loading /system/media/audio/ui/KeypressStandard.ogg
W/AudioService( 1571): Soundpool could not load file: /system/media/audio/ui/KeypressStandard.ogg
E/SoundPool( 1571): error loading /system/media/audio/ui/KeypressSpacebar.ogg
W/AudioService( 1571): Soundpool could not load file: /system/media/audio/ui/KeypressSpacebar.ogg
E/SoundPool( 1571): error loading /system/media/audio/ui/KeypressDelete.ogg
W/AudioService( 1571): Soundpool could not load file: /system/media/audio/ui/KeypressDelete.ogg
E/SoundPool( 1571): error loading /system/media/audio/ui/KeypressReturn.ogg
W/AudioService( 1571): Soundpool could not load file: /system/media/audio/ui/KeypressReturn.ogg
E/SoundPool( 1571): error loading /system/media/audio/ui/KeypressInvalid.ogg
W/AudioService( 1571): Soundpool could not load file: /system/media/audio/ui/KeypressInvalid.ogg
W/AudioService( 1571): onLoadSoundEffects(), Error -1 while loading samples
D/dalvikvm( 1571): GC_FOR_ALLOC freed 1176K, 27% free 14861K/20184K, paused 20ms, total 20ms
D/gralloc_ranchu( 1139): gralloc_alloc: Creating ashmem region of size 2637824
D/dalvikvm( 1571): GC_FOR_ALLOC freed 5K, 21% free 15996K/20184K, paused 7ms, total 8ms
D/dalvikvm( 1571): GC_FOR_ALLOC freed 1139K, 21% free 15995K/20184K, paused 8ms, total 8ms
D/EGL_emulation( 3457): eglMakeCurrent: 0xb8e60f50: ver 3 0
I/MainActivity( 3457): onRestart fired: Intent { act=android.intent.action.MAIN cat=[android.intent.category.LAUNCHER] flg=0x10000000 cmp=edu.washington.isaacjc.activityspy/.MainActivity }
I/MainActivity( 3457): onStart fired: Intent { act=android.intent.action.MAIN cat=[android.intent.category.LAUNCHER] flg=0x10000000 cmp=edu.washington.isaacjc.activityspy/.MainActivity }
I/MainActivity( 3457): onResume fired: Intent { act=android.intent.action.MAIN cat=[android.intent.category.LAUNCHER] flg=0x10000000 cmp=edu.washington.isaacjc.activityspy/.MainActivity }
D/EGL_emulation( 1631): eglMakeCurrent: 0xb8e69f60: ver 3 0
D/EGL_emulation( 3457): eglMakeCurrent: 0xb8e60f50: ver 3 0
E/EGL_emulation( 3457): tid 3457: eglSurfaceAttrib(1199): error 0x3009 (EGL_BAD_MATCH)
W/HardwareRenderer( 3457): Backbuffer cannot be preserved
D/EGL_emulation( 1631): eglMakeCurrent: 0xb8e69f60: ver 3 0
D/gralloc_ranchu( 1139): gralloc_alloc: Creating ashmem region of size 1167360
D/gralloc_ranchu( 1139): gralloc_alloc: Creating ashmem region of size 2637824
D/EGL_emulation( 1631): eglMakeCurrent: 0xb8e69f60: ver 3 0
D/dalvikvm( 1571): GC_FOR_ALLOC freed 2292K, 27% free 14860K/20184K, paused 10ms, total 10ms
D/dalvikvm( 1571): GC_FOR_ALLOC freed 1141K, 27% free 14858K/20184K, paused 10ms, total 10ms
D/dalvikvm( 1631): GC_FOR_ALLOC freed 3914K, 74% free 13186K/49116K, paused 6ms, total 6ms
D/gralloc_ranchu( 1139): gralloc_alloc: Creating ashmem region of size 2637824
D/dalvikvm( 1571): GC_FOR_ALLOC freed 1144K, 27% free 14857K/20184K, paused 14ms, total 14ms
E/SoundPool( 1571): error loading /system/media/audio/ui/Effect_Tick.ogg
W/AudioService( 1571): Soundpool could not load file: /system/media/audio/ui/Effect_Tick.ogg
E/SoundPool( 1571): error loading /system/media/audio/ui/Effect_Tick.ogg
W/AudioService( 1571): Soundpool could not load file: /system/media/audio/ui/Effect_Tick.ogg
E/SoundPool( 1571): error loading /system/media/audio/ui/Effect_Tick.ogg
W/AudioService( 1571): Soundpool could not load file: /system/media/audio/ui/Effect_Tick.ogg
E/SoundPool( 1571): error loading /system/media/audio/ui/Effect_Tick.ogg
W/AudioService( 1571): Soundpool could not load file: /system/media/audio/ui/Effect_Tick.ogg
E/SoundPool( 1571): error loading /system/media/audio/ui/Effect_Tick.ogg
W/AudioService( 1571): Soundpool could not load file: /system/media/audio/ui/Effect_Tick.ogg
E/SoundPool( 1571): error loading /system/media/audio/ui/KeypressStandard.ogg
W/AudioService( 1571): Soundpool could not load file: /system/media/audio/ui/KeypressStandard.ogg
E/SoundPool( 1571): error loading /system/media/audio/ui/KeypressSpacebar.ogg
W/AudioService( 1571): Soundpool could not load file: /system/media/audio/ui/KeypressSpacebar.ogg
E/SoundPool( 1571): error loading /system/media/audio/ui/KeypressDelete.ogg
W/AudioService( 1571): Soundpool could not load file: /system/media/audio/ui/KeypressDelete.ogg
E/SoundPool( 1571): error loading /system/media/audio/ui/KeypressReturn.ogg
W/AudioService( 1571): Soundpool could not load file: /system/media/audio/ui/KeypressReturn.ogg
E/SoundPool( 1571): error loading /system/media/audio/ui/KeypressInvalid.ogg
W/AudioService( 1571): Soundpool could not load file: /system/media/audio/ui/KeypressInvalid.ogg
W/AudioService( 1571): onLoadSoundEffects(), Error -1 while loading samples
D/dalvikvm( 1571): GC_FOR_ALLOC freed 1152K, 27% free 14858K/20184K, paused 9ms, total 9ms
D/dalvikvm( 1631): GC_FOR_ALLOC freed 1286K, 74% free 13188K/49116K, paused 7ms, total 7ms
D/gralloc_ranchu( 1139): gralloc_alloc: Creating ashmem region of size 2637824
D/dalvikvm( 1571): GC_FOR_ALLOC freed 1143K, 27% free 14857K/20184K, paused 9ms, total 9ms
D/dalvikvm( 1571): GC_FOR_ALLOC freed <1K, 21% free 15996K/20184K, paused 8ms, total 8ms
D/dalvikvm( 1631): GC_FOR_ALLOC freed 5K, 71% free 14439K/49116K, paused 3ms, total 3ms
D/dalvikvm( 1631): GC_FOR_ALLOC freed 1K, 69% free 15690K/49116K, paused 3ms, total 3ms
I/ActivityManager( 1571): START u0 {act=com.android.systemui.recent.action.TOGGLE_RECENTS flg=0x10800000 cmp=com.android.systemui/.recent.RecentsActivity (has extras)} from pid 1631
D/dalvikvm( 1571): GC_FOR_ALLOC freed 2280K, 27% free 14859K/20184K, paused 8ms, total 8ms
D/dalvikvm( 1571): GC_FOR_ALLOC freed <1K, 21% free 15998K/20184K, paused 6ms, total 6ms
I/MainActivity( 3457): onPause fired: Intent { act=android.intent.action.MAIN cat=[android.intent.category.LAUNCHER] flg=0x10000000 cmp=edu.washington.isaacjc.activityspy/.MainActivity }
D/dalvikvm( 1631): GC_FOR_ALLOC freed 2K, 66% free 17026K/49116K, paused 6ms, total 6ms
D/EGL_emulation( 1631): eglMakeCurrent: 0xb8e69f60: ver 3 0
E/EGL_emulation( 1631): tid 1631: eglSurfaceAttrib(1199): error 0x3009 (EGL_BAD_MATCH)
W/HardwareRenderer( 1631): Backbuffer cannot be preserved
D/EGL_emulation( 1631): eglMakeCurrent: 0xb8e69f60: ver 3 0
D/EGL_emulation( 1631): eglMakeCurrent: 0xb8e69f60: ver 3 0
W/InputMethodManagerService( 1571): Starting input on non-focused client com.android.internal.view.IInputMethodClient$Stub$Proxy@9d3c3ca8 (uid=10060 pid=3457)
D/gralloc_ranchu( 1139): gralloc_alloc: Creating ashmem region of size 1167360
D/EGL_emulation( 1631): eglMakeCurrent: 0xb8e69f60: ver 3 0
D/EGL_emulation( 1631): eglMakeCurrent: 0xb8e69f60: ver 3 0
D/EGL_emulation( 1631): eglMakeCurrent: 0xb8e69f60: ver 3 0
D/EGL_emulation( 1631): eglMakeCurrent: 0xb8e69f60: ver 3 0
I/MainActivity( 3457): onStop fired: Intent { act=android.intent.action.MAIN cat=[android.intent.category.LAUNCHER] flg=0x10000000 cmp=edu.washington.isaacjc.activityspy/.MainActivity }
D/EGL_emulation( 3457): eglMakeCurrent: 0xb8e60f50: ver 3 0
I/ActivityManager( 1571): Killing 2360:com.google.android.gms.ui/u0a7 (adj 15): empty for 3911s
I/ActivityManager( 1571): Killing 3457:edu.washington.isaacjc.activityspy/u0a60 (adj 9): remove task
W/InputDispatcher( 1571): channel '9d890978 edu.washington.isaacjc.activityspy/edu.washington.isaacjc.activityspy.MainActivity (server)' ~ Consumer closed input channel or an error occurred.  events=0x9
E/InputDispatcher( 1571): channel '9d890978 edu.washington.isaacjc.activityspy/edu.washington.isaacjc.activityspy.MainActivity (server)' ~ Channel is unrecoverably broken and will be disposed!
W/InputDispatcher( 1571): Attempted to unregister already unregistered input channel '9d890978 edu.washington.isaacjc.activityspy/edu.washington.isaacjc.activityspy.MainActivity (server)'
I/WindowState( 1571): WIN DEATH: Window{9d890978 u0 edu.washington.isaacjc.activityspy/edu.washington.isaacjc.activityspy.MainActivity}
D/EGL_emulation( 1631): eglMakeCurrent: 0xb8e69f60: ver 3 0
E/SoundPool( 1571): error loading /system/media/audio/ui/Effect_Tick.ogg
W/AudioService( 1571): Soundpool could not load file: /system/media/audio/ui/Effect_Tick.ogg
E/SoundPool( 1571): error loading /system/media/audio/ui/Effect_Tick.ogg
W/AudioService( 1571): Soundpool could not load file: /system/media/audio/ui/Effect_Tick.ogg
E/SoundPool( 1571): error loading /system/media/audio/ui/Effect_Tick.ogg
W/AudioService( 1571): Soundpool could not load file: /system/media/audio/ui/Effect_Tick.ogg
E/SoundPool( 1571): error loading /system/media/audio/ui/Effect_Tick.ogg
W/AudioService( 1571): Soundpool could not load file: /system/media/audio/ui/Effect_Tick.ogg
E/SoundPool( 1571): error loading /system/media/audio/ui/Effect_Tick.ogg
W/AudioService( 1571): Soundpool could not load file: /system/media/audio/ui/Effect_Tick.ogg
E/SoundPool( 1571): error loading /system/media/audio/ui/KeypressStandard.ogg
W/AudioService( 1571): Soundpool could not load file: /system/media/audio/ui/KeypressStandard.ogg
E/SoundPool( 1571): error loading /system/media/audio/ui/KeypressSpacebar.ogg
W/AudioService( 1571): Soundpool could not load file: /system/media/audio/ui/KeypressSpacebar.ogg
E/SoundPool( 1571): error loading /system/media/audio/ui/KeypressDelete.ogg
W/AudioService( 1571): Soundpool could not load file: /system/media/audio/ui/KeypressDelete.ogg
E/SoundPool( 1571): error loading /system/media/audio/ui/KeypressReturn.ogg
W/AudioService( 1571): Soundpool could not load file: /system/media/audio/ui/KeypressReturn.ogg
E/SoundPool( 1571): error loading /system/media/audio/ui/KeypressInvalid.ogg
W/AudioService( 1571): Soundpool could not load file: /system/media/audio/ui/KeypressInvalid.ogg
W/AudioService( 1571): onLoadSoundEffects(), Error -1 while loading samples
I/ActivityManager( 1571): START u0 {act=android.intent.action.MAIN cat=[android.intent.category.HOME] flg=0x10200000 cmp=com.android.launcher/com.android.launcher2.Launcher} from pid 1571
D/dalvikvm( 1571): GC_FOR_ALLOC freed 3468K, 33% free 13720K/20184K, paused 11ms, total 11ms
D/EGL_emulation( 1714): eglMakeCurrent: 0xb8eeaee0: ver 3 0
D/EGL_emulation( 1631): eglMakeCurrent: 0xb8e69f60: ver 3 0
D/EGL_emulation( 1631): eglMakeCurrent: 0xb8e69f60: ver 3 0
D/EGL_emulation( 1714): eglMakeCurrent: 0xb8eeaee0: ver 3 0
E/EGL_emulation( 1714): tid 1714: eglSurfaceAttrib(1199): error 0x3009 (EGL_BAD_MATCH)
W/HardwareRenderer( 1714): Backbuffer cannot be preserved
D/dalvikvm( 1714): GC_FOR_ALLOC freed 2550K, 10% free 40891K/45164K, paused 7ms, total 7ms
D/EGL_emulation( 1631): eglMakeCurrent: 0xb8e69f60: ver 3 0
D/EGL_emulation( 1631): eglMakeCurrent: 0xb8e69f60: ver 3 0
