E/SoundPool( 1571): error loading /system/media/audio/ui/KeypressInvalid.ogg
W/AudioService( 1571): Soundpool could not load file: /system/media/audio/ui/KeypressInvalid.ogg
W/AudioService( 1571): onLoadSoundEffects(), Error -1 while loading samples
I/Choreographer( 1714): Skipped 39 frames!  The application may be doing too much work on its main thread.
E/jdwp    ( 2022): Failed sending reply to debugger: Broken pipe
D/dalvikvm( 2022): Debugger has detached; object registry had 1 entries
D/AndroidRuntime( 3603): 
D/AndroidRuntime( 3603): >>>>>> AndroidRuntime START com.android.internal.os.RuntimeInit <<<<<<
W/linker  ( 3603): libdvm.so has text relocations. This is wasting memory and is a security risk. Please fix.
D/AndroidRuntime( 3603): CheckJNI is ON
D/dalvikvm( 3603): Trying to load lib libjavacore.so 0x0
D/dalvikvm( 3603): Added shared lib libjavacore.so 0x0
D/dalvikvm( 3603): Trying to load lib libnativehelper.so 0x0
D/dalvikvm( 3603): Added shared lib libnativehelper.so 0x0
D/dalvikvm( 3603): No JNI_OnLoad found in libnativehelper.so 0x0, skipping init
V/AlarmClock( 2102): AlarmInitReceiver android.intent.action.TIME_SET
D/dalvikvm( 3603): Note: class Landroid/app/ActivityManagerNative; has 179 unimplemented (abstract) methods
I/AlarmClock( 2102): Displaying next alarm time: ''
V/AlarmClock( 2102): AlarmInitReceiver finished
I/ActivityManager( 1571): Start proc com.android.providers.calendar for content provider com.android.providers.calendar/.CalendarProvider2: pid=3626 uid=10001 gids={50001, 3003, 1028, 1015}
I/ActivityManager( 1571): Killing 2376:com.google.android.googlequicksearchbox/u0a13 (adj 15): empty for 3617s
E/memtrack( 3603): Couldn't load memtrack module (No such file or directory)
E/android.os.Debug( 3603): failed to load memtrack module: -2
I/CalendarProvider2( 3626): Created com.android.providers.calendar.CalendarAlarmManager@9d05a7e8(com.android.providers.calendar.CalendarProvider2@9d051df0)
D/AndroidRuntime( 3603): Calling main entry com.android.commands.pm.Pm
W/ActivityManager( 1571): No content provider found for permission revoke: file:///data/local/tmp/edu.washington.isaacjc.activityspy
W/ActivityManager( 1571): No content provider found for permission revoke: file:///data/local/tmp/edu.washington.isaacjc.activityspy
I/PackageManager( 1571): Copying native libraries to /data/app-lib/vmdl-253717970
D/dalvikvm( 1571): GC_FOR_ALLOC freed 1860K, 32% free 13896K/20184K, paused 163ms, total 164ms
D/dalvikvm( 1571): GC_FOR_ALLOC freed 1858K, 31% free 14086K/20184K, paused 8ms, total 9ms
I/ActivityManager( 1571): Force stopping edu.washington.isaacjc.activityspy appid=10060 user=-1: uninstall pkg
I/PackageManager( 1571): Package edu.washington.isaacjc.activityspy codePath changed from /data/app/edu.washington.isaacjc.activityspy-1.apk to /data/app/edu.washington.isaacjc.activityspy-2.apk; Retaining data and using new
I/PackageManager( 1571): Running dexopt on: edu.washington.isaacjc.activityspy
W/linker  ( 3646): libdvm.so has text relocations. This is wasting memory and is a security risk. Please fix.
I/ActivityManager( 1571): START u0 {act=android.intent.action.MAIN cat=[android.intent.category.LAUNCHER] flg=0x10200000 cmp=edu.washington.isaacjc.activityspy/.MainActivity} from pid 1714
E/SoundPool( 1571): error loading /system/media/audio/ui/Effect_Tick.ogg
W/AudioService( 1571): Soundpool could not load file: /system/media/audio/ui/Effect_Tick.ogg
E/SoundPool( 1571): error loading /system/media/audio/ui/Effect_Tick.ogg
W/AudioService( 1571): Soundpool could not load file: /system/media/audio/ui/Effect_Tick.ogg
E/SoundPool( 1571): error loading /system/media/audio/ui/Effect_Tick.ogg
W/AudioService( 1571): Soundpool could not load file: /system/media/audio/ui/Effect_Tick.ogg
E/SoundPool( 1571): error loading /system/media/audio/ui/Effect_Tick.ogg
W/AudioService( 1571): Soundpool could not load file: /system/media/audio/ui/Effect_Tick.ogg
E/SoundPool( 1571): error loading /system/media/audio/ui/Effect_Tick.ogg
W/AudioService( 1571): Soundpool could not load file: /system/media/audio/ui/Effect_Tick.ogg
E/SoundPool( 1571): error loading /system/media/audio/ui/KeypressStandard.ogg
W/AudioService( 1571): Soundpool could not load file: /system/media/audio/ui/KeypressStandard.ogg
E/SoundPool( 1571): error loading /system/media/audio/ui/KeypressSpacebar.ogg
W/AudioService( 1571): Soundpool could not load file: /system/media/audio/ui/KeypressSpacebar.ogg
E/SoundPool( 1571): error loading /system/media/audio/ui/KeypressDelete.ogg
W/AudioService( 1571): Soundpool could not load file: /system/media/audio/ui/KeypressDelete.ogg
E/SoundPool( 1571): error loading /system/media/audio/ui/KeypressReturn.ogg
W/AudioService( 1571): Soundpool could not load file: /system/media/audio/ui/KeypressReturn.ogg
E/SoundPool( 1571): error loading /system/media/audio/ui/KeypressInvalid.ogg
W/AudioService( 1571): Soundpool could not load file: /system/media/audio/ui/KeypressInvalid.ogg
W/AudioService( 1571): onLoadSoundEffects(), Error -1 while loading samples
E/Launcher( 1714): Unable to launch. tag=ApplicationInfo(title=Activity Spy) intent=Intent { act=android.intent.action.MAIN cat=[android.intent.category.LAUNCHER] flg=0x10200000 cmp=edu.washington.isaacjc.activityspy/.MainActivity }
E/Launcher( 1714): android.content.ActivityNotFoundException: Unable to find explicit activity class {edu.washington.isaacjc.activityspy/edu.washington.isaacjc.activityspy.MainActivity}; have you declared this activity in your AndroidManifest.xml?
E/Launcher( 1714): 	at android.app.Instrumentation.checkStartActivityResult(Instrumentation.java:1628)
E/Launcher( 1714): 	at android.app.Instrumentation.execStartActivity(Instrumentation.java:1424)
E/Launcher( 1714): 	at android.app.Activity.startActivityForResult(Activity.java:3424)
E/Launcher( 1714): 	at android.app.Activity.startActivity(Activity.java:3623)
E/Launcher( 1714): 	at com.android.launcher2.Launcher.startActivity(Launcher.java:2151)
E/Launcher( 1714): 	at com.android.launcher2.Launcher.startActivitySafely(Launcher.java:2167)
E/Launcher( 1714): 	at com.android.launcher2.AppsCustomizePagedView.onClick(AppsCustomizePagedView.java:518)
E/Launcher( 1714): 	at android.view.View.performClick(View.java:4438)
E/Launcher( 1714): 	at android.view.View$PerformClick.run(View.java:18422)
E/Launcher( 1714): 	at android.os.Handler.handleCallback(Handler.java:733)
E/Launcher( 1714): 	at android.os.Handler.dispatchMessage(Handler.java:95)
E/Launcher( 1714): 	at android.os.Looper.loop(Looper.java:136)
E/Launcher( 1714): 	at android.app.ActivityThread.main(ActivityThread.java:5017)
E/Launcher( 1714): 	at java.lang.reflect.Method.invokeNative(Native Method)
E/Launcher( 1714): 	at java.lang.reflect.Method.invoke(Method.java:515)
E/Launcher( 1714): 	at com.android.internal.os.ZygoteInit$MethodAndArgsCaller.run(ZygoteInit.java:779)
E/Launcher( 1714): 	at com.android.internal.os.ZygoteInit.main(ZygoteInit.java:595)
E/Launcher( 1714): 	at dalvik.system.NativeStart.main(Native Method)
I/CalendarProvider2( 3626): Sending notification intent: Intent { act=android.intent.action.PROVIDER_CHANGED dat=content://com.android.calendar }
W/ContentResolver( 3626): Failed to get type for: content://com.android.calendar (Unknown URL content://com.android.calendar)
D/gralloc_ranchu( 1139): gralloc_alloc: Creating ashmem region of size 344064
W/dalvikvm( 3646): method Landroid/support/v7/widget/DropDownListView;.lookForSelectablePosition incorrectly overrides package-private method with same name in Landroid/widget/ListView;
D/dalvikvm( 3646): DexOpt: couldn't find field Landroid/view/inputmethod/EditorInfo;.contentMimeTypes
D/dalvikvm( 3646): DexOpt: load 148ms, verify+opt 353ms, 2466532 bytes
W/PackageManager( 1571): Code path for pkg : edu.washington.isaacjc.activityspy changing from /data/app/edu.washington.isaacjc.activityspy-1.apk to /data/app/edu.washington.isaacjc.activityspy-2.apk
W/PackageManager( 1571): Resource path for pkg : edu.washington.isaacjc.activityspy changing from /data/app/edu.washington.isaacjc.activityspy-1.apk to /data/app/edu.washington.isaacjc.activityspy-2.apk
D/BackupManagerService( 1571): Now staging backup of android
I/ActivityManager( 1571): Force stopping edu.washington.isaacjc.activityspy appid=10060 user=0: pkg removed
D/dalvikvm( 2480): WAIT_FOR_CONCURRENT_GC blocked 1ms
D/dalvikvm( 1714): GC_EXPLICIT freed 1023K, 9% free 41328K/45156K, paused 88ms+2ms, total 163ms
I/ActivityManager( 1571): Force stopping edu.washington.isaacjc.activityspy appid=10060 user=-1: update pkg
D/AlertReceiver( 3515): onReceive: a=android.intent.action.PROVIDER_CHANGED Intent { act=android.intent.action.PROVIDER_CHANGED dat=content://com.android.calendar flg=0x10 cmp=com.google.android.calendar/com.android.calendar.alerts.AlertReceiver }
I/InputReader( 1571): Reconfiguring input devices.  changes=0x00000010
I/PackageManager( 1571):   Action: "android.intent.action.SENDTO"
I/PackageManager( 1571):   Category: "android.intent.category.DEFAULT"
I/PackageManager( 1571):   Scheme: "sms"
I/PackageManager( 1571): Adding preferred activity ComponentInfo{com.android.mms/com.android.mms.ui.ComposeMessageActivity} for user 0 :
I/InputReader( 1571): Reconfiguring input devices.  changes=0x00000010
I/InputReader( 1571): Reconfiguring input devices.  changes=0x00000010
D/dalvikvm( 1631): GC_EXPLICIT freed 2990K, 68% free 15583K/47976K, paused 116ms+1ms, total 237ms
D/dalvikvm( 2480): GC_EXPLICIT freed 255K, 10% free 3694K/4092K, paused 34ms+1ms, total 231ms
I/PackageManager( 1571):   Action: "android.intent.action.SENDTO"
I/PackageManager( 1571):   Category: "android.intent.category.DEFAULT"
I/PackageManager( 1571):   Scheme: "smsto"
I/PackageManager( 1571): Adding preferred activity ComponentInfo{com.android.mms/com.android.mms.ui.ComposeMessageActivity} for user 0 :
W/Launcher.Model( 2480): Nobody to tell about the new app.  Launcher is probably loading.
D/dalvikvm( 1571): GC_EXPLICIT freed 1947K, 30% free 14186K/20184K, paused 90ms+3ms, total 142ms
D/dalvikvm( 1571): WAIT_FOR_CONCURRENT_GC blocked 43ms
D/dalvikvm( 1571): WAIT_FOR_CONCURRENT_GC blocked 41ms
D/dalvikvm( 1571): WAIT_FOR_CONCURRENT_GC blocked 33ms
D/AlertService( 3515): 0 Action = android.intent.action.PROVIDER_CHANGED
I/ActivityManager( 1571): Start proc android.process.acore for broadcast com.android.providers.contacts/.PackageIntentReceiver: pid=3657 uid=10002 gids={50002, 3003, 1028, 1015}
D/dalvikvm( 1701): GC_FOR_ALLOC freed 441K, 12% free 3919K/4436K, paused 161ms, total 170ms
I/PackageManager( 1571):   Action: "android.intent.action.SENDTO"
I/PackageManager( 1571):   Category: "android.intent.category.DEFAULT"
I/PackageManager( 1571):   Scheme: "mms"
I/PackageManager( 1571): Adding preferred activity ComponentInfo{com.android.mms/com.android.mms.ui.ComposeMessageActivity} for user 0 :
D/dalvikvm( 2022): GC_EXPLICIT freed 1612K, 12% free 17772K/20084K, paused 93ms+7ms, total 628ms
I/IcingInternalCorpora( 2022): Received calendar change notification.
D/BackupManagerService( 1571): Received broadcast Intent { act=android.intent.action.PACKAGE_REMOVED dat=package:edu.washington.isaacjc.activityspy flg=0x4000010 (has extras) }
I/PackageManager( 1571):   Action: "android.intent.action.SENDTO"
I/PackageManager( 1571):   Category: "android.intent.category.DEFAULT"
I/PackageManager( 1571):   Scheme: "mmsto"
I/PackageManager( 1571): Adding preferred activity ComponentInfo{com.android.mms/com.android.mms.ui.ComposeMessageActivity} for user 0 :
D/AndroidRuntime( 3603): Shutting down VM
D/BackupManagerService( 1571): Received broadcast Intent { act=android.intent.action.PACKAGE_ADDED dat=package:edu.washington.isaacjc.activityspy flg=0x4000010 (has extras) }
V/BackupManagerService( 1571): removePackageParticipantsLocked: uid=10060 #1
V/BackupManagerService( 1571): addPackageParticipantsLocked: #1
D/jdwp    ( 3603): Got wake-up signal, bailing out of select
D/dalvikvm( 3603): Debugger has detached; object registry had 1 entries
I/PackageManager( 1571):   Action: "android.intent.action.SENDTO"
I/PackageManager( 1571):   Category: "android.intent.category.DEFAULT"
I/PackageManager( 1571):   Scheme: "sms"
I/PackageManager( 1571): Adding preferred activity ComponentInfo{com.android.mms/com.android.mms.ui.ComposeMessageActivity} for user 0 :
D/dalvikvm( 1701): GC_FOR_ALLOC freed 395K, 13% free 3933K/4504K, paused 3ms, total 4ms
I/PackageManager( 1571):   Action: "android.intent.action.SENDTO"
I/PackageManager( 1571):   Category: "android.intent.category.DEFAULT"
I/PackageManager( 1571):   Scheme: "smsto"
I/PackageManager( 1571): Adding preferred activity ComponentInfo{com.android.mms/com.android.mms.ui.ComposeMessageActivity} for user 0 :
I/PackageManager( 1571):   Action: "android.intent.action.SENDTO"
I/PackageManager( 1571):   Category: "android.intent.category.DEFAULT"
I/PackageManager( 1571):   Scheme: "mms"
I/PackageManager( 1571): Adding preferred activity ComponentInfo{com.android.mms/com.android.mms.ui.ComposeMessageActivity} for user 0 :
I/PackageManager( 1571):   Action: "android.intent.action.SENDTO"
I/PackageManager( 1571):   Category: "android.intent.category.DEFAULT"
I/PackageManager( 1571):   Scheme: "mmsto"
I/PackageManager( 1571): Adding preferred activity ComponentInfo{com.android.mms/com.android.mms.ui.ComposeMessageActivity} for user 0 :
I/PackageManager( 1571):   Action: "android.intent.action.SENDTO"
I/PackageManager( 1571):   Category: "android.intent.category.DEFAULT"
I/PackageManager( 1571):   Scheme: "sms"
I/PackageManager( 1571): Adding preferred activity ComponentInfo{com.android.mms/com.android.mms.ui.ComposeMessageActivity} for user 0 :
D/dalvikvm( 1701): GC_FOR_ALLOC freed 459K, 14% free 3890K/4520K, paused 3ms, total 4ms
I/PackageManager( 1571):   Action: "android.intent.action.SENDTO"
I/PackageManager( 1571):   Category: "android.intent.category.DEFAULT"
I/PackageManager( 1571):   Scheme: "smsto"
I/PackageManager( 1571): Adding preferred activity ComponentInfo{com.android.mms/com.android.mms.ui.ComposeMessageActivity} for user 0 :
I/PackageManager( 1571):   Action: "android.intent.action.SENDTO"
I/PackageManager( 1571):   Category: "android.intent.category.DEFAULT"
I/PackageManager( 1571):   Scheme: "mms"
I/PackageManager( 1571): Adding preferred activity ComponentInfo{com.android.mms/com.android.mms.ui.ComposeMessageActivity} for user 0 :
I/PackageManager( 1571):   Action: "android.intent.action.SENDTO"
I/PackageManager( 1571):   Category: "android.intent.category.DEFAULT"
I/PackageManager( 1571):   Scheme: "mmsto"
I/PackageManager( 1571): Adding preferred activity ComponentInfo{com.android.mms/com.android.mms.ui.ComposeMessageActivity} for user 0 :
I/PackageManager( 1571):   Action: "android.intent.action.SENDTO"
I/PackageManager( 1571):   Category: "android.intent.category.DEFAULT"
I/PackageManager( 1571):   Scheme: "sms"
I/PackageManager( 1571): Adding preferred activity ComponentInfo{com.android.mms/com.android.mms.ui.ComposeMessageActivity} for user 0 :
I/PackageManager( 1571):   Action: "android.intent.action.SENDTO"
I/PackageManager( 1571):   Category: "android.intent.category.DEFAULT"
I/PackageManager( 1571):   Scheme: "smsto"
I/PackageManager( 1571): Adding preferred activity ComponentInfo{com.android.mms/com.android.mms.ui.ComposeMessageActivity} for user 0 :
D/AndroidRuntime( 3678): 
D/AndroidRuntime( 3678): >>>>>> AndroidRuntime START com.android.internal.os.RuntimeInit <<<<<<
W/linker  ( 3678): libdvm.so has text relocations. This is wasting memory and is a security risk. Please fix.
D/dalvikvm( 1571): GC_FOR_ALLOC freed 2365K, 32% free 13867K/20184K, paused 57ms, total 57ms
D/AndroidRuntime( 3678): CheckJNI is ON
D/dalvikvm( 1701): GC_FOR_ALLOC freed 447K, 14% free 3928K/4520K, paused 4ms, total 4ms
D/dalvikvm( 3657): GC_FOR_ALLOC freed 255K, 9% free 3560K/3888K, paused 159ms, total 159ms
I/PackageManager( 1571):   Action: "android.intent.action.SENDTO"
I/PackageManager( 1571):   Category: "android.intent.category.DEFAULT"
I/PackageManager( 1571):   Scheme: "mms"
D/dalvikvm( 3678): Trying to load lib libjavacore.so 0x0
D/dalvikvm( 3678): Added shared lib libjavacore.so 0x0
I/PackageManager( 1571): Adding preferred activity ComponentInfo{com.android.mms/com.android.mms.ui.ComposeMessageActivity} for user 0 :
D/dalvikvm( 3678): Trying to load lib libnativehelper.so 0x0
D/dalvikvm( 3678): Added shared lib libnativehelper.so 0x0
D/dalvikvm( 3678): No JNI_OnLoad found in libnativehelper.so 0x0, skipping init
I/PackageManager( 1571):   Action: "android.intent.action.SENDTO"
I/PackageManager( 1571):   Category: "android.intent.category.DEFAULT"
I/PackageManager( 1571):   Scheme: "mmsto"
I/PackageManager( 1571): Adding preferred activity ComponentInfo{com.android.mms/com.android.mms.ui.ComposeMessageActivity} for user 0 :
I/PackageManager( 1571):   Action: "android.intent.action.SENDTO"
I/PackageManager( 1571):   Category: "android.intent.category.DEFAULT"
I/PackageManager( 1571):   Scheme: "sms"
I/PackageManager( 1571): Adding preferred activity ComponentInfo{com.android.mms/com.android.mms.ui.ComposeMessageActivity} for user 0 :
I/PackageManager( 1571):   Action: "android.intent.action.SENDTO"
I/PackageManager( 1571):   Category: "android.intent.category.DEFAULT"
I/PackageManager( 1571):   Scheme: "smsto"
I/PackageManager( 1571): Adding preferred activity ComponentInfo{com.android.mms/com.android.mms.ui.ComposeMessageActivity} for user 0 :
D/dalvikvm( 1701): GC_FOR_ALLOC freed 430K, 14% free 3931K/4520K, paused 3ms, total 3ms
I/PackageManager( 1571):   Action: "android.intent.action.SENDTO"
I/PackageManager( 1571):   Category: "android.intent.category.DEFAULT"
I/PackageManager( 1571):   Scheme: "mms"
I/PackageManager( 1571): Adding preferred activity ComponentInfo{com.android.mms/com.android.mms.ui.ComposeMessageActivity} for user 0 :
D/dalvikvm( 3678): Note: class Landroid/app/ActivityManagerNative; has 179 unimplemented (abstract) methods
I/PackageManager( 1571):   Action: "android.intent.action.SENDTO"
I/PackageManager( 1571):   Category: "android.intent.category.DEFAULT"
I/PackageManager( 1571):   Scheme: "mmsto"
I/PackageManager( 1571): Adding preferred activity ComponentInfo{com.android.mms/com.android.mms.ui.ComposeMessageActivity} for user 0 :
I/PackageManager( 1571):   Action: "android.intent.action.SENDTO"
I/PackageManager( 1571):   Category: "android.intent.category.DEFAULT"
I/PackageManager( 1571):   Scheme: "sms"
I/PackageManager( 1571): Adding preferred activity ComponentInfo{com.android.mms/com.android.mms.ui.ComposeMessageActivity} for user 0 :
I/ActivityManager( 1571): Start proc com.google.android.googlequicksearchbox for broadcast com.google.android.googlequicksearchbox/com.google.android.searchcommon.summons.icing.InternalIcingCorporaProvider$CorporaChangedReceiver: pid=3689 uid=10013 gids={50013, 3003, 1028, 3002, 1015}
I/PackageManager( 1571):   Action: "android.intent.action.SENDTO"
I/PackageManager( 1571):   Category: "android.intent.category.DEFAULT"
I/PackageManager( 1571): Adding preferred activity ComponentInfo{com.android.mms/com.android.mms.ui.ComposeMessageActivity} for user 0 :
I/PackageManager( 1571):   Scheme: "smsto"
I/dalvikvm( 2022): JIT code cache full after ChainingCell (trace uses 96B)
E/NetworkScheduler( 1682): Unrecognised action provided: android.intent.action.PACKAGE_REMOVED
E/memtrack( 3678): Couldn't load memtrack module (No such file or directory)
E/android.os.Debug( 3678): failed to load memtrack module: -2
D/dalvikvm( 1701): GC_FOR_ALLOC freed 428K, 14% free 3928K/4520K, paused 39ms, total 55ms
I/PackageManager( 1571):   Action: "android.intent.action.SENDTO"
I/PackageManager( 1571):   Category: "android.intent.category.DEFAULT"
I/PackageManager( 1571):   Scheme: "mms"
I/PackageManager( 1571): Adding preferred activity ComponentInfo{com.android.mms/com.android.mms.ui.ComposeMessageActivity} for user 0 :
D/AndroidRuntime( 3678): Calling main entry com.android.commands.am.Am
I/PackageManager( 1571):   Action: "android.intent.action.SENDTO"
I/PackageManager( 1571):   Category: "android.intent.category.DEFAULT"
I/PackageManager( 1571):   Scheme: "mmsto"
I/PackageManager( 1571): Adding preferred activity ComponentInfo{com.android.mms/com.android.mms.ui.ComposeMessageActivity} for user 0 :
I/ActivityManager( 1571): START u0 {act=android.intent.action.MAIN cat=[android.intent.category.LAUNCHER] flg=0x10000000 cmp=edu.washington.isaacjc.activityspy/.MainActivity} from pid 3678
D/gralloc_ranchu( 1139): gralloc_alloc: Creating ashmem region of size 2637824
D/dalvikvm( 1571): GC_FOR_ALLOC freed 1680K, 32% free 13823K/20184K, paused 14ms, total 15ms
D/dalvikvm( 1571): GC_FOR_ALLOC freed 1158K, 32% free 13813K/20184K, paused 30ms, total 30ms
D/AndroidRuntime( 3678): Shutting down VM
D/jdwp    ( 3678): Got wake-up signal, bailing out of select
D/dalvikvm( 3678): Debugger has detached; object registry had 1 entries
D/gralloc_ranchu( 1139): gralloc_alloc: Creating ashmem region of size 15622144
D/dalvikvm( 3707): Not late-enabling CheckJNI (already on)
I/ActivityManager( 1571): Start proc edu.washington.isaacjc.activityspy for activity edu.washington.isaacjc.activityspy/.MainActivity: pid=3707 uid=10060 gids={50060}
I/ContactLocale( 3657): AddressBook Labels [en_US]: [, A, B, C, D, E, F, G, H, I, J, K, L, M, N, O, P, Q, R, S, T, U, V, W, X, Y, Z, , , , , , , , , , , , , , , , , , , , , , , , , , , , , , , , , , , , , , , , , , , , , , , , , , , , , , , , , , , , , , , , , , , , , , , , , , , , , , , , , , , , , , , , , , , , , , , , , , , , , , , , , , , , , , , , , , , , , , , , , , , , , , , , , , , , , , , , , , , , , , , , , , , , , , , , , , , , , , , , , , , , , , , , , , , , , , , , , , , , , , #, ]
W/Launcher( 2480): setApplicationContext called twice! old=com.google.android.velvet.VelvetApplication@9d04b5b0 new=com.google.android.velvet.VelvetApplication@9d04b5b0
I/ActivityManager( 1571): Start proc com.android.keychain for broadcast com.android.keychain/.KeyChainBroadcastReceiver: pid=3720 uid=1000 gids={41000, 1028, 1015, 3002, 3001, 3003}
I/IcingInternalCorpora( 2022): EventIndexer: starting incremental update
I/IcingInternalCorpora( 2022): EventIndexer: 0 added, 0 removed, 0 changed, 0 unchanged, 0 errors.
I/dalvikvm( 3707): Could not find method android.view.Window$Callback.onPointerCaptureChanged, referenced from method android.support.v7.view.WindowCallbackWrapper.onPointerCaptureChanged
W/dalvikvm( 3707): VFY: unable to resolve interface method 13807: Landroid/view/Window$Callback;.onPointerCaptureChanged (Z)V
D/dalvikvm( 3707): VFY: replacing opcode 0x72 at 0x0002
I/dalvikvm( 3707): Could not find method android.view.Window$Callback.onProvideKeyboardShortcuts, referenced from method android.support.v7.view.WindowCallbackWrapper.onProvideKeyboardShortcuts
W/dalvikvm( 3707): VFY: unable to resolve interface method 13809: Landroid/view/Window$Callback;.onProvideKeyboardShortcuts (Ljava/util/List;Landroid/view/Menu;I)V
D/dalvikvm( 3707): VFY: replacing opcode 0x72 at 0x0002
W/dalvikvm( 3707): VFY: unable to find class referenced in signature (Landroid/view/SearchEvent;)
I/dalvikvm( 3707): Could not find method android.view.Window$Callback.onSearchRequested, referenced from method android.support.v7.view.WindowCallbackWrapper.onSearchRequested
W/dalvikvm( 3707): VFY: unable to resolve interface method 13811: Landroid/view/Window$Callback;.onSearchRequested (Landroid/view/SearchEvent;)Z
D/dalvikvm( 3707): VFY: replacing opcode 0x72 at 0x0002
I/dalvikvm( 3707): Could not find method android.view.Window$Callback.onWindowStartingActionMode, referenced from method android.support.v7.view.WindowCallbackWrapper.onWindowStartingActionMode
W/dalvikvm( 3707): VFY: unable to resolve interface method 13815: Landroid/view/Window$Callback;.onWindowStartingActionMode (Landroid/view/ActionMode$Callback;I)Landroid/view/ActionMode;
D/dalvikvm( 3707): VFY: replacing opcode 0x72 at 0x0002
I/dalvikvm( 3707): Could not find method android.content.res.TypedArray.getChangingConfigurations, referenced from method android.support.v7.widget.TintTypedArray.getChangingConfigurations
W/dalvikvm( 3707): VFY: unable to resolve virtual method 818: Landroid/content/res/TypedArray;.getChangingConfigurations ()I
D/dalvikvm( 3707): VFY: replacing opcode 0x6e at 0x0002
W/ContextImpl( 3720): Calling a method in the system process without a qualified user: android.app.ContextImpl.startService:1479 android.content.ContextWrapper.startService:494 android.content.ContextWrapper.startService:494 com.android.keychain.KeyChainBroadcastReceiver.onReceive:12 android.app.ActivityThread.handleReceiver:2419 
I/ActivityManager( 1571): Delay finish: com.android.keychain/.KeyChainBroadcastReceiver
I/dalvikvm( 3707): Could not find method android.content.res.TypedArray.getType, referenced from method android.support.v7.widget.TintTypedArray.getType
W/dalvikvm( 3707): VFY: unable to resolve virtual method 840: Landroid/content/res/TypedArray;.getType (I)I
D/dalvikvm( 3707): VFY: replacing opcode 0x6e at 0x0008
I/IcingInternalCorpora( 2022): EventIndexer: finished after 157 ms.
I/ActivityManager( 1571): Resuming delayed broadcast
I/dalvikvm( 3707): Could not find method android.content.Context.createDeviceProtectedStorageContext, referenced from method android.support.v4.content.ContextCompat.createDeviceProtectedStorageContext
W/dalvikvm( 3707): VFY: unable to resolve virtual method 597: Landroid/content/Context;.createDeviceProtectedStorageContext ()Landroid/content/Context;
D/dalvikvm( 3707): VFY: replacing opcode 0x6e at 0x0006
I/dalvikvm( 3707): Could not find method android.content.Context.getCodeCacheDir, referenced from method android.support.v4.content.ContextCompat.getCodeCacheDir
W/dalvikvm( 3707): VFY: unable to resolve virtual method 603: Landroid/content/Context;.getCodeCacheDir ()Ljava/io/File;
D/dalvikvm( 3707): VFY: replacing opcode 0x6e at 0x0006
I/dalvikvm( 3707): Could not find method android.content.Context.getColor, referenced from method android.support.v4.content.ContextCompat.getColor
W/dalvikvm( 3707): VFY: unable to resolve virtual method 604: Landroid/content/Context;.getColor (I)I
D/dalvikvm( 3707): VFY: replacing opcode 0x6e at 0x0006
I/dalvikvm( 3707): Could not find method android.content.Context.getColorStateList, referenced from method android.support.v4.content.ContextCompat.getColorStateList
W/dalvikvm( 3707): VFY: unable to resolve virtual method 605: Landroid/content/Context;.getColorStateList (I)Landroid/content/res/ColorStateList;
D/dalvikvm( 3707): VFY: replacing opcode 0x6e at 0x0006
I/dalvikvm( 3707): Could not find method android.content.Context.getDataDir, referenced from method android.support.v4.content.ContextCompat.getDataDir
W/dalvikvm( 3707): VFY: unable to resolve virtual method 607: Landroid/content/Context;.getDataDir ()Ljava/io/File;
D/dalvikvm( 3707): VFY: replacing opcode 0x6e at 0x0006
I/dalvikvm( 3707): Could not find method android.content.Context.getDrawable, referenced from method android.support.v4.content.ContextCompat.getDrawable
W/dalvikvm( 3707): VFY: unable to resolve virtual method 608: Landroid/content/Context;.getDrawable (I)Landroid/graphics/drawable/Drawable;
D/dalvikvm( 3707): VFY: replacing opcode 0x6e at 0x0006
I/dalvikvm( 3707): Could not find method android.content.Context.getNoBackupFilesDir, referenced from method android.support.v4.content.ContextCompat.getNoBackupFilesDir
W/dalvikvm( 3707): VFY: unable to resolve virtual method 616: Landroid/content/Context;.getNoBackupFilesDir ()Ljava/io/File;
D/dalvikvm( 3707): VFY: replacing opcode 0x6e at 0x0006
I/dalvikvm( 3707): Could not find method android.content.Context.isDeviceProtectedStorage, referenced from method android.support.v4.content.ContextCompat.isDeviceProtectedStorage
W/dalvikvm( 3707): VFY: unable to resolve virtual method 629: Landroid/content/Context;.isDeviceProtectedStorage ()Z
D/dalvikvm( 3707): VFY: replacing opcode 0x6e at 0x0006
I/dalvikvm( 3707): Could not find method android.content.Context.startForegroundService, referenced from method android.support.v4.content.ContextCompat.startForegroundService
W/dalvikvm( 3707): VFY: unable to resolve virtual method 644: Landroid/content/Context;.startForegroundService (Landroid/content/Intent;)Landroid/content/ComponentName;
D/dalvikvm( 3707): VFY: replacing opcode 0x6e at 0x0006
I/ActivityManager( 1571): Delay finish: com.google.android.googlequicksearchbox/com.google.android.searchcommon.summons.icing.InternalIcingCorporaProvider$CorporaChangedReceiver
I/Icing.InternalIcingCorporaProvider( 3689): Updating corpora: A: edu.washington.isaacjc.activityspy, C: MAYBE
I/ChromeSync( 2022): [Sync,SyncIntentOperation] Handling the intent: Intent { act=android.intent.action.PACKAGE_ADDED dat=package:edu.washington.isaacjc.activityspy flg=0x4000010 cmp=com.google.android.gms/.chimera.GmsIntentOperationService (has extras) }.
I/dalvikvm( 3707): Could not find method android.widget.FrameLayout.startActionModeForChild, referenced from method android.support.v7.widget.ActionBarContainer.startActionModeForChild
W/dalvikvm( 3707): VFY: unable to resolve virtual method 14293: Landroid/widget/FrameLayout;.startActionModeForChild (Landroid/view/View;Landroid/view/ActionMode$Callback;I)Landroid/view/ActionMode;
D/dalvikvm( 3707): VFY: replacing opcode 0x6f at 0x0002
I/dalvikvm( 3707): Could not find method android.content.Context.getColorStateList, referenced from method android.support.v7.content.res.AppCompatResources.getColorStateList
W/dalvikvm( 3707): VFY: unable to resolve virtual method 605: Landroid/content/Context;.getColorStateList (I)Landroid/content/res/ColorStateList;
D/dalvikvm( 3707): VFY: replacing opcode 0x6e at 0x0006
I/dalvikvm( 3707): Could not find method android.content.res.Resources.getDrawable, referenced from method android.support.v7.widget.ResourcesWrapper.getDrawable
W/dalvikvm( 3707): VFY: unable to resolve virtual method 781: Landroid/content/res/Resources;.getDrawable (ILandroid/content/res/Resources$Theme;)Landroid/graphics/drawable/Drawable;
D/dalvikvm( 3707): VFY: replacing opcode 0x6e at 0x0002
I/dalvikvm( 3707): Could not find method android.content.res.Resources.getDrawableForDensity, referenced from method android.support.v7.widget.ResourcesWrapper.getDrawableForDensity
W/dalvikvm( 3707): VFY: unable to resolve virtual method 783: Landroid/content/res/Resources;.getDrawableForDensity (IILandroid/content/res/Resources$Theme;)Landroid/graphics/drawable/Drawable;
D/dalvikvm( 3707): VFY: replacing opcode 0x6e at 0x0002
E/dalvikvm( 3707): Could not find class 'android.graphics.drawable.RippleDrawable', referenced from method android.support.v7.widget.AppCompatImageHelper.hasOverlappingRendering
W/dalvikvm( 3707): VFY: unable to resolve instanceof 226 (Landroid/graphics/drawable/RippleDrawable;) in Landroid/support/v7/widget/AppCompatImageHelper;
D/dalvikvm( 3707): VFY: replacing opcode 0x20 at 0x000c
I/dalvikvm( 3707): Could not find method android.widget.TextView.getAutoSizeMaxTextSize, referenced from method android.support.v7.widget.AppCompatTextView.getAutoSizeMaxTextSize
E/ActivityThread( 3689): Failed to find provider info for com.google.android.partnersetup.rlzappprovider
W/dalvikvm( 3707): VFY: unable to resolve virtual method 14604: Landroid/widget/TextView;.getAutoSizeMaxTextSize ()I
D/dalvikvm( 3707): VFY: replacing opcode 0x6f at 0x0004
I/dalvikvm( 3707): Could not find method android.widget.TextView.getAutoSizeMinTextSize, referenced from method android.support.v7.widget.AppCompatTextView.getAutoSizeMinTextSize
W/dalvikvm( 3707): VFY: unable to resolve virtual method 14605: Landroid/widget/TextView;.getAutoSizeMinTextSize ()I
D/dalvikvm( 3707): VFY: replacing opcode 0x6f at 0x0004
I/dalvikvm( 3707): Could not find method android.widget.TextView.getAutoSizeStepGranularity, referenced from method android.support.v7.widget.AppCompatTextView.getAutoSizeStepGranularity
W/dalvikvm( 3707): VFY: unable to resolve virtual method 14606: Landroid/widget/TextView;.getAutoSizeStepGranularity ()I
D/dalvikvm( 3707): VFY: replacing opcode 0x6f at 0x0004
I/dalvikvm( 3707): Could not find method android.widget.TextView.getAutoSizeTextAvailableSizes, referenced from method android.support.v7.widget.AppCompatTextView.getAutoSizeTextAvailableSizes
W/dalvikvm( 3707): VFY: unable to resolve virtual method 14607: Landroid/widget/TextView;.getAutoSizeTextAvailableSizes ()[I
D/dalvikvm( 3707): VFY: replacing opcode 0x6f at 0x0004
I/dalvikvm( 3707): Could not find method android.widget.TextView.getAutoSizeTextType, referenced from method android.support.v7.widget.AppCompatTextView.getAutoSizeTextType
W/dalvikvm( 3707): VFY: unable to resolve virtual method 14608: Landroid/widget/TextView;.getAutoSizeTextType ()I
D/dalvikvm( 3707): VFY: replacing opcode 0x6f at 0x0005
I/dalvikvm( 3707): Could not find method android.widget.TextView.setAutoSizeTextTypeUniformWithConfiguration, referenced from method android.support.v7.widget.AppCompatTextView.setAutoSizeTextTypeUniformWithConfiguration
W/dalvikvm( 3707): VFY: unable to resolve virtual method 14654: Landroid/widget/TextView;.setAutoSizeTextTypeUniformWithConfiguration (IIII)V
D/dalvikvm( 3707): VFY: replacing opcode 0x6f at 0x0004
I/dalvikvm( 3707): Could not find method android.widget.TextView.setAutoSizeTextTypeUniformWithPresetSizes, referenced from method android.support.v7.widget.AppCompatTextView.setAutoSizeTextTypeUniformWithPresetSizes
W/dalvikvm( 3707): VFY: unable to resolve virtual method 14655: Landroid/widget/TextView;.setAutoSizeTextTypeUniformWithPresetSizes ([II)V
D/dalvikvm( 3707): VFY: replacing opcode 0x6f at 0x0004
I/dalvikvm( 3707): Could not find method android.widget.TextView.setAutoSizeTextTypeWithDefaults, referenced from method android.support.v7.widget.AppCompatTextView.setAutoSizeTextTypeWithDefaults
W/dalvikvm( 3707): VFY: unable to resolve virtual method 14656: Landroid/widget/TextView;.setAutoSizeTextTypeWithDefaults (I)V
D/dalvikvm( 3707): VFY: replacing opcode 0x6f at 0x0004
I/dalvikvm( 3707): Could not find method android.widget.TextView.getAutoSizeStepGranularity, referenced from method android.support.v7.widget.AppCompatTextHelper.loadFromAttributes
W/dalvikvm( 3707): VFY: unable to resolve virtual method 14606: Landroid/widget/TextView;.getAutoSizeStepGranularity ()I
D/dalvikvm( 3707): VFY: replacing opcode 0x6e at 0x0161
I/dalvikvm( 3707): Could not find method android.text.StaticLayout$Builder.obtain, referenced from method android.support.v7.widget.AppCompatTextViewAutoSizeHelper.createStaticLayoutForMeasuring
W/dalvikvm( 3707): VFY: unable to resolve static method 13070: Landroid/text/StaticLayout$Builder;.obtain (Ljava/lang/CharSequence;IILandroid/text/TextPaint;I)Landroid/text/StaticLayout$Builder;
D/dalvikvm( 3707): VFY: replacing opcode 0x71 at 0x0014
I/MainActivity( 3707): onStart fired: Intent { act=android.intent.action.MAIN cat=[android.intent.category.LAUNCHER] flg=0x10000000 cmp=edu.washington.isaacjc.activityspy/.MainActivity }
I/MainActivity( 3707): onResume fired: Intent { act=android.intent.action.MAIN cat=[android.intent.category.LAUNCHER] flg=0x10000000 cmp=edu.washington.isaacjc.activityspy/.MainActivity }
D/dalvikvm( 3689): GC_FOR_ALLOC freed 272K, 9% free 3543K/3888K, paused 3ms, total 3ms
W/ContextImpl( 3689): Implicit intents with startService are not safe: Intent { act=com.google.android.gms.icing.INDEX_SERVICE } android.content.ContextWrapper.bindService:517 com.google.android.gms.internal.av.a:-1 com.google.android.gms.internal.au.connect:-1 
I/Icing   ( 2022): IndexChimeraService.getServiceInterface callingPackage=com.google.android.googlequicksearchbox componentName=null serviceId=21
D/        ( 3707): HostConnection::get() New Host Connection established 0xb8e61dd0, tid 3707
I/Icing   ( 2022): IndexChimeraService.getServiceInterface callingPackage=com.google.android.gms componentName=AppsCorpus serviceId=32
I/Icing   ( 2022): IndexChimeraService.getServiceInterface callingPackage=com.google.android.gms componentName=AppsCorpus serviceId=36
D/EGL_emulation( 3707): eglCreateContext: 0xb8e62900: maj 3 min 0 rcv 3
D/EGL_emulation( 3707): eglMakeCurrent: 0xb8e62900: ver 3 0
E/eglCodecCommon( 3707): glUtilsParamSize: unknow param 0x00008cdf
E/eglCodecCommon( 3707): glUtilsParamSize: unknow param 0x00008824
E/EGL_emulation( 3707): tid 3707: eglSurfaceAttrib(1199): error 0x3009 (EGL_BAD_MATCH)
W/HardwareRenderer( 3707): Backbuffer cannot be preserved
D/OpenGLRenderer( 3707): Enabling debug mode 0
D/dalvikvm( 3707): GC_FOR_ALLOC freed 242K, 9% free 3572K/3888K, paused 17ms, total 19ms
I/dalvikvm( 3707): Could not find method android.view.View.setTooltipText, referenced from method android.support.v7.widget.TooltipCompat.setTooltipText
W/dalvikvm( 3707): VFY: unable to resolve virtual method 13611: Landroid/view/View;.setTooltipText (Ljava/lang/CharSequence;)V
D/dalvikvm( 3707): VFY: replacing opcode 0x6e at 0x0006
D/dalvikvm( 1714): GC_FOR_ALLOC freed 4188K, 14% free 39160K/45156K, paused 10ms, total 23ms
I/Icing   ( 2022): Usage reports ok 0, Failed Usage reports 0, indexed 0, rejected 0, imm upload true
I/Icing   ( 2022): Usage reports ok 0, Failed Usage reports 0, indexed 0, rejected 0, imm upload false
I/Icing   ( 2022): Usage reports ok 0, Failed Usage reports 0, indexed 0, rejected 0, imm upload false
D/dalvikvm( 1714): GC_FOR_ALLOC freed 606K, 12% free 39979K/45156K, paused 12ms, total 13ms
I/Icing   ( 2022): IndexChimeraService.getServiceInterface callingPackage=com.google.android.googlequicksearchbox componentName=null serviceId=21
I/Icing   ( 2022): Usage reports ok 0, Failed Usage reports 0, indexed 0, rejected 0, imm upload true
I/ActivityManager( 1571): Displayed edu.washington.isaacjc.activityspy/.MainActivity: +1s770ms
D/EGL_emulation( 1714): eglMakeCurrent: 0xb8eeaee0: ver 3 0
D/AlertService( 3515): Beginning updateAlertNotification
D/AlertService( 3515): No fired or scheduled alerts
D/AlertService( 3515): Scheduling next alarm with AlarmScheduler. sEventReminderReceived: null
D/AlarmScheduler( 3515): No events found starting within 1 week.
I/ActivityManager( 1571): Resuming delayed broadcast
I/ActivityManager( 1571): Start proc com.svox.pico for broadcast com.svox.pico/.VoiceDataInstallerReceiver: pid=3747 uid=10041 gids={50041, 1028, 1015}
E/jdwp    ( 3747): Failed writing handshake bytes: Broken pipe (-1 of 14)
D/dalvikvm( 3747): Debugger has detached; object registry had 0 entries
E/NetworkScheduler( 1682): Unrecognised action provided: android.intent.action.PACKAGE_REPLACED
W/Launcher( 2480): setApplicationContext called twice! old=com.google.android.velvet.VelvetApplication@9d04b5b0 new=com.google.android.velvet.VelvetApplication@9d04b5b0
I/FontsPackageChangeOp( 2022): Package edu.washington.isaacjc.activityspy has no metadata
I/PeopleContactsSync( 2022): triggerPendingContactsCleanup: no accounts
I/Icing   ( 2022): IndexChimeraService.getServiceInterface callingPackage=com.google.android.gms componentName=AppsCorpus serviceId=36
I/Icing   ( 2022): IndexChimeraService.getServiceInterface callingPackage=com.google.android.gms componentName=AppsCorpus serviceId=32
I/Icing   ( 2022): Indexing 1A8AC91B5A9563B94FC8A67F79C577709A2F7F03 from com.google.android.gms
D/dalvikvm( 2022): JIT code cache reset in 10 ms (523192 bytes 1/0)
D/dalvikvm( 2022): GC_FOR_ALLOC freed 1951K, 12% free 17869K/20084K, paused 28ms, total 28ms
I/Icing   ( 2022): Usage reports ok 0, Failed Usage reports 0, indexed 0, rejected 0, imm upload false
I/Icing   ( 2022): Usage reports ok 0, Failed Usage reports 0, indexed 0, rejected 0, imm upload false
I/Icing   ( 2022): Indexing done 1A8AC91B5A9563B94FC8A67F79C577709A2F7F03
I/Icing   ( 2022): Indexing 053A23A004A1D5FC2B52E853E19D78B4C94E6086 from com.google.android.googlequicksearchbox
I/Icing   ( 2022): Indexing done 053A23A004A1D5FC2B52E853E19D78B4C94E6086
I/ActivityManager( 1571): Delay finish: com.google.android.gms/.stats.service.DropBoxEntryAddedReceiver
I/ActivityManager( 1571): Resuming delayed broadcast
I/Icing   ( 2022): Indexing 1A8AC91B5A9563B94FC8A67F79C577709A2F7F03 from com.google.android.gms
I/Icing   ( 2022): Indexing done 1A8AC91B5A9563B94FC8A67F79C577709A2F7F03
D/AlarmManagerService( 1571): Kernel timezone updated to 0 minutes west of GMT
V/AlarmClock( 2102): AlarmInitReceiver android.intent.action.TIME_SET
D/        ( 1701): Setting time of day to sec=1523490156
D/dalvikvm( 2102): GC_FOR_ALLOC freed 470K, 14% free 3417K/3964K, paused 65ms, total 65ms
I/AlarmClock( 2102): Displaying next alarm time: ''
V/AlarmClock( 2102): AlarmInitReceiver finished
D/gralloc_ranchu( 1139): gralloc_alloc: Creating ashmem region of size 16588800
I/ActivityManager( 1571): Waited long enough for: ServiceRecord{9d896dd8 u0 com.google.android.gms/.chimera.GmsIntentOperationService}
I/ActivityManager( 1571): Config changes=480 {1.0 310mcc260mnc en_US ldltr sw411dp w780dp h386dp 560dpi nrml long land finger qwerty/v/v dpad/v s.7}
I/InputReader( 1571): Reconfiguring input devices.  changes=0x00000004
I/InputReader( 1571): Device reconfigured: id=0, name='qwerty2', size 1440x2880, orientation 3, mode 1, display id 0
I/MainActivity( 3707): onPause fired: Intent { act=android.intent.action.MAIN cat=[android.intent.category.LAUNCHER] flg=0x10000000 cmp=edu.washington.isaacjc.activityspy/.MainActivity }
I/MainActivity( 3707): onStop fired: Intent { act=android.intent.action.MAIN cat=[android.intent.category.LAUNCHER] flg=0x10000000 cmp=edu.washington.isaacjc.activityspy/.MainActivity }
I/MainActivity( 3707): onDestroy fired: Intent { act=android.intent.action.MAIN cat=[android.intent.category.LAUNCHER] flg=0x10000000 cmp=edu.washington.isaacjc.activityspy/.MainActivity }
E/MainActivity( 3707): Were going down, Captain!
D/EGL_emulation( 1631): eglMakeCurrent: 0xb8e69f60: ver 3 0
D/EGL_emulation( 1631): eglMakeCurrent: 0xb8e69f60: ver 3 0
I/MainActivity( 3707): onStart fired: Intent { act=android.intent.action.MAIN cat=[android.intent.category.LAUNCHER] flg=0x10000000 cmp=edu.washington.isaacjc.activityspy/.MainActivity }
I/MainActivity( 3707): onResume fired: Intent { act=android.intent.action.MAIN cat=[android.intent.category.LAUNCHER] flg=0x10000000 cmp=edu.washington.isaacjc.activityspy/.MainActivity }
D/gralloc_ranchu( 1139): gralloc_alloc: Creating ashmem region of size 16588800
D/PhoneStatusBar( 1631): mSettingsPanelGravity = 55
D/EGL_emulation( 1631): eglMakeCurrent: 0xb8e69f60: ver 3 0
D/EGL_emulation( 1631): eglMakeCurrent: 0xb8e69f60: ver 3 0
D/EGL_emulation( 3707): eglMakeCurrent: 0xb8e62900: ver 3 0
E/EGL_emulation( 3707): tid 3707: eglSurfaceAttrib(1199): error 0x3009 (EGL_BAD_MATCH)
W/HardwareRenderer( 3707): Backbuffer cannot be preserved
D/EGL_emulation( 1631): eglMakeCurrent: 0xb8e69f60: ver 3 0
E/EGL_emulation( 1631): tid 1631: eglSurfaceAttrib(1199): error 0x3009 (EGL_BAD_MATCH)
W/HardwareRenderer( 1631): Backbuffer cannot be preserved
D/EGL_emulation( 1631): eglMakeCurrent: 0xb8e69f60: ver 3 0
D/EGL_emulation( 1631): eglMakeCurrent: 0xb8e69f60: ver 3 0
E/EGL_emulation( 1631): tid 1631: eglSurfaceAttrib(1199): error 0x3009 (EGL_BAD_MATCH)
W/HardwareRenderer( 1631): Backbuffer cannot be preserved
D/EGL_emulation( 1631): eglMakeCurrent: 0xb8e69f60: ver 3 0
E/EGL_emulation( 1631): tid 1631: eglSurfaceAttrib(1199): error 0x3009 (EGL_BAD_MATCH)
W/HardwareRenderer( 1631): Backbuffer cannot be preserved
D/EGL_emulation( 1631): eglMakeCurrent: 0xb8e69f60: ver 3 0
E/EGL_emulation( 1631): tid 1631: eglSurfaceAttrib(1199): error 0x3009 (EGL_BAD_MATCH)
W/HardwareRenderer( 1631): Backbuffer cannot be preserved
I/WindowManager( 1571): Screen frozen for +666ms due to Window{9d30d8f0 u0 StatusBar}
D/dalvikvm( 1571): GC_EXPLICIT freed 604K, 26% free 14978K/20184K, paused 9ms+1ms, total 25ms
D/AndroidRuntime( 3767): 
D/AndroidRuntime( 3767): >>>>>> AndroidRuntime START com.android.internal.os.RuntimeInit <<<<<<
W/linker  ( 3767): libdvm.so has text relocations. This is wasting memory and is a security risk. Please fix.
D/AndroidRuntime( 3767): CheckJNI is ON
D/dalvikvm( 3767): Trying to load lib libjavacore.so 0x0
D/dalvikvm( 3767): Added shared lib libjavacore.so 0x0
D/dalvikvm( 3767): Trying to load lib libnativehelper.so 0x0
D/dalvikvm( 3767): Added shared lib libnativehelper.so 0x0
D/dalvikvm( 3767): No JNI_OnLoad found in libnativehelper.so 0x0, skipping init
D/dalvikvm( 3767): Note: class Landroid/app/ActivityManagerNative; has 179 unimplemented (abstract) methods
E/memtrack( 3767): Couldn't load memtrack module (No such file or directory)
E/android.os.Debug( 3767): failed to load memtrack module: -2
D/AndroidRuntime( 3767): Calling main entry com.android.commands.am.Am
I/ActivityManager( 1571): Force stopping edu.washington.isaacjc.activityspy appid=10060 user=0: from pid 3767
I/ActivityManager( 1571): Killing 3707:edu.washington.isaacjc.activityspy/u0a60 (adj 0): stop edu.washington.isaacjc.activityspy
W/ActivityManager( 1571): Force removing ActivityRecord{9d8c4648 u0 edu.washington.isaacjc.activityspy/.MainActivity t20}: app died, no saved state
W/InputDispatcher( 1571): channel '9d4f1d70 edu.washington.isaacjc.activityspy/edu.washington.isaacjc.activityspy.MainActivity (server)' ~ Consumer closed input channel or an error occurred.  events=0x9
E/InputDispatcher( 1571): channel '9d4f1d70 edu.washington.isaacjc.activityspy/edu.washington.isaacjc.activityspy.MainActivity (server)' ~ Channel is unrecoverably broken and will be disposed!
D/gralloc_ranchu( 1139): gralloc_alloc: Creating ashmem region of size 16588800
D/EGL_emulation( 1714): eglMakeCurrent: 0xb8eeaee0: ver 3 0
W/InputDispatcher( 1571): Attempted to unregister already unregistered input channel '9d4f1d70 edu.washington.isaacjc.activityspy/edu.washington.isaacjc.activityspy.MainActivity (server)'
I/InputReader( 1571): Reconfiguring input devices.  changes=0x00000004
I/InputReader( 1571): Device reconfigured: id=0, name='qwerty2', size 1440x2880, orientation 0, mode 1, display id 0
I/InputReader( 1571): Reconfiguring input devices.  changes=0x00000004
I/ActivityManager( 1571): Config changes=480 {1.0 310mcc260mnc en_US ldltr sw411dp w411dp h749dp 560dpi nrml long port finger qwerty/v/v dpad/v s.8}
I/WindowState( 1571): WIN DEATH: Window{9d4f1d70 u0 edu.washington.isaacjc.activityspy/edu.washington.isaacjc.activityspy.MainActivity}
D/EGL_emulation( 1631): eglMakeCurrent: 0xb8e69f60: ver 3 0
D/EGL_emulation( 1631): eglMakeCurrent: 0xb8e69f60: ver 3 0
D/PhoneStatusBar( 1631): mSettingsPanelGravity = 55
D/EGL_emulation( 1631): eglMakeCurrent: 0xb8e69f60: ver 3 0
D/AndroidRuntime( 3767): Shutting down VM
D/jdwp    ( 3767): Got wake-up signal, bailing out of select
D/dalvikvm( 3767): Debugger has detached; object registry had 1 entries
D/EGL_emulation( 1631): eglMakeCurrent: 0xb8e69f60: ver 3 0
D/EGL_emulation( 1631): eglMakeCurrent: 0xb8e69f60: ver 3 0
E/EGL_emulation( 1631): tid 1631: eglSurfaceAttrib(1199): error 0x3009 (EGL_BAD_MATCH)
W/HardwareRenderer( 1631): Backbuffer cannot be preserved
D/EGL_emulation( 1714): eglMakeCurrent: 0xb8eeaee0: ver 3 0
E/EGL_emulation( 1714): tid 1714: eglSurfaceAttrib(1199): error 0x3009 (EGL_BAD_MATCH)
W/HardwareRenderer( 1714): Backbuffer cannot be preserved
W/InputMethodManagerService( 1571): Got RemoteException sending setActive(false) notification to pid 3707 uid 10060
W/Binder  ( 1665): Caught a RuntimeException from the binder stub implementation.
W/Binder  ( 1665): java.lang.NullPointerException
W/Binder  ( 1665): 	at android.inputmethodservice.IInputMethodWrapper.setSessionEnabled(IInputMethodWrapper.java:280)
W/Binder  ( 1665): 	at com.android.internal.view.IInputMethod$Stub.onTransact(IInputMethod.java:129)
W/Binder  ( 1665): 	at android.os.Binder.execTransact(Binder.java:404)
W/Binder  ( 1665): 	at dalvik.system.NativeStart.run(Native Method)
D/EGL_emulation( 1631): eglMakeCurrent: 0xb8e69f60: ver 3 0
D/EGL_emulation( 1631): eglMakeCurrent: 0xb8e69f60: ver 3 0
E/EGL_emulation( 1631): tid 1631: eglSurfaceAttrib(1199): error 0x3009 (EGL_BAD_MATCH)
W/HardwareRenderer( 1631): Backbuffer cannot be preserved
I/WindowManager( 1571): Screen frozen for +272ms due to Window{9d30d8f0 u0 StatusBar}
I/Choreographer( 1571): Skipped 30 frames!  The application may be doing too much work on its main thread.
D/dalvikvm( 1571): GC_EXPLICIT freed 1381K, 32% free 13736K/20184K, paused 1ms+16ms, total 52ms
D/AlarmManagerService( 1571): Kernel timezone updated to 0 minutes west of GMT
D/        ( 1701): Setting time of day to sec=1523490907
V/AlarmClock( 2102): AlarmInitReceiver android.intent.action.TIME_SET
D/gralloc_ranchu( 1139): gralloc_alloc: Creating ashmem region of size 16588800
I/AlarmClock( 2102): Displaying next alarm time: ''
V/AlarmClock( 2102): AlarmInitReceiver finished
D/AlarmManagerService( 1571): Kernel timezone updated to 0 minutes west of GMT
D/        ( 1701): Setting time of day to sec=1523493825
V/AlarmClock( 2102): AlarmInitReceiver android.intent.action.TIME_SET
I/AlarmClock( 2102): Displaying next alarm time: ''
V/AlarmClock( 2102): AlarmInitReceiver finished
D/dalvikvm( 1682): GC_FOR_ALLOC freed 1380K, 19% free 7291K/8900K, paused 1046ms, total 1047ms
V/BackupManagerService( 1571): Running a backup pass
V/BackupManagerService( 1571): clearing pending backups
V/PerformBackupTask( 1571): Beginning backup of 1 targets
D/PerformBackupTask( 1571): invokeAgentForBackup on @pm@
V/BackupServiceBinder( 1571): doBackup() invoked
I/PerformBackupTask( 1571): no backup data written; not calling transport
D/PerformBackupTask( 1571): starting agent for backup of BackupRequest{pkg=android}
D/BackupManagerService( 1571): awaiting agent for ApplicationInfo{9d101d70 android}
D/BackupManagerService( 1571): agentConnected pkg=android agent=android.app.backup.BackupAgent$BackupServiceBinder@9d551688
I/BackupManagerService( 1571): got agent android.app.backup.BackupAgent$BackupServiceBinder@9d551688
