I/PackageManager( 1571):   Scheme: "mmsto"
I/PackageManager( 1571): Adding preferred activity ComponentInfo{com.android.mms/com.android.mms.ui.ComposeMessageActivity} for user 0 :
E/memtrack( 2922): Couldn't load memtrack module (No such file or directory)
E/android.os.Debug( 2922): failed to load memtrack module: -2
D/AndroidRuntime( 2922): Calling main entry com.android.commands.am.Am
D/dalvikvm( 1571): GC_FOR_ALLOC freed 1816K, 34% free 10349K/15624K, paused 19ms, total 19ms
I/Choreographer( 1714): Skipped 63 frames!  The application may be doing too much work on its main thread.
I/ActivityManager( 1571): START u0 {act=android.intent.action.MAIN cat=[android.intent.category.LAUNCHER] flg=0x10000000 cmp=edu.washington.isaacjc.activityspy/.MainActivity} from pid 2922
W/ContextImpl( 2937): Calling a method in the system process without a qualified user: android.app.ContextImpl.startService:1479 android.content.ContextWrapper.startService:494 android.content.ContextWrapper.startService:494 com.android.keychain.KeyChainBroadcastReceiver.onReceive:12 android.app.ActivityThread.handleReceiver:2419 
D/gralloc_ranchu( 1139): gralloc_alloc: Creating ashmem region of size 2637824
D/dalvikvm( 1571): GC_FOR_ALLOC freed 1240K, 34% free 10411K/15624K, paused 30ms, total 30ms
D/AndroidRuntime( 2922): Shutting down VM
D/jdwp    ( 2922): Got wake-up signal, bailing out of select
D/dalvikvm( 2922): Debugger has detached; object registry had 1 entries
D/gralloc_ranchu( 1139): gralloc_alloc: Creating ashmem region of size 15622144
D/dalvikvm( 2961): Not late-enabling CheckJNI (already on)
I/ActivityManager( 1571): Start proc edu.washington.isaacjc.activityspy for activity edu.washington.isaacjc.activityspy/.MainActivity: pid=2961 uid=10060 gids={50060}
D/dalvikvm( 1714): GC_FOR_ALLOC freed 4867K, 12% free 38012K/43124K, paused 22ms, total 22ms
D/EGL_emulation( 1714): eglMakeCurrent: 0xb8eeaee0: ver 3 0
I/dalvikvm( 2961): Could not find method android.view.Window$Callback.onPointerCaptureChanged, referenced from method android.support.v7.view.WindowCallbackWrapper.onPointerCaptureChanged
W/dalvikvm( 2961): VFY: unable to resolve interface method 13807: Landroid/view/Window$Callback;.onPointerCaptureChanged (Z)V
D/dalvikvm( 2961): VFY: replacing opcode 0x72 at 0x0002
I/dalvikvm( 2961): Could not find method android.view.Window$Callback.onProvideKeyboardShortcuts, referenced from method android.support.v7.view.WindowCallbackWrapper.onProvideKeyboardShortcuts
W/dalvikvm( 2961): VFY: unable to resolve interface method 13809: Landroid/view/Window$Callback;.onProvideKeyboardShortcuts (Ljava/util/List;Landroid/view/Menu;I)V
D/dalvikvm( 2961): VFY: replacing opcode 0x72 at 0x0002
W/dalvikvm( 2961): VFY: unable to find class referenced in signature (Landroid/view/SearchEvent;)
I/dalvikvm( 2961): Could not find method android.view.Window$Callback.onSearchRequested, referenced from method android.support.v7.view.WindowCallbackWrapper.onSearchRequested
W/dalvikvm( 2961): VFY: unable to resolve interface method 13811: Landroid/view/Window$Callback;.onSearchRequested (Landroid/view/SearchEvent;)Z
D/dalvikvm( 2961): VFY: replacing opcode 0x72 at 0x0002
I/dalvikvm( 2961): Could not find method android.view.Window$Callback.onWindowStartingActionMode, referenced from method android.support.v7.view.WindowCallbackWrapper.onWindowStartingActionMode
W/dalvikvm( 2961): VFY: unable to resolve interface method 13815: Landroid/view/Window$Callback;.onWindowStartingActionMode (Landroid/view/ActionMode$Callback;I)Landroid/view/ActionMode;
D/dalvikvm( 2961): VFY: replacing opcode 0x72 at 0x0002
I/dalvikvm( 2961): Could not find method android.content.res.TypedArray.getChangingConfigurations, referenced from method android.support.v7.widget.TintTypedArray.getChangingConfigurations
W/dalvikvm( 2961): VFY: unable to resolve virtual method 818: Landroid/content/res/TypedArray;.getChangingConfigurations ()I
D/dalvikvm( 2961): VFY: replacing opcode 0x6e at 0x0002
I/dalvikvm( 2961): Could not find method android.content.res.TypedArray.getType, referenced from method android.support.v7.widget.TintTypedArray.getType
W/dalvikvm( 2961): VFY: unable to resolve virtual method 840: Landroid/content/res/TypedArray;.getType (I)I
D/dalvikvm( 2961): VFY: replacing opcode 0x6e at 0x0008
I/dalvikvm( 2961): Could not find method android.content.Context.createDeviceProtectedStorageContext, referenced from method android.support.v4.content.ContextCompat.createDeviceProtectedStorageContext
W/dalvikvm( 2961): VFY: unable to resolve virtual method 597: Landroid/content/Context;.createDeviceProtectedStorageContext ()Landroid/content/Context;
D/dalvikvm( 2961): VFY: replacing opcode 0x6e at 0x0006
I/dalvikvm( 2961): Could not find method android.content.Context.getCodeCacheDir, referenced from method android.support.v4.content.ContextCompat.getCodeCacheDir
W/dalvikvm( 2961): VFY: unable to resolve virtual method 603: Landroid/content/Context;.getCodeCacheDir ()Ljava/io/File;
D/dalvikvm( 2961): VFY: replacing opcode 0x6e at 0x0006
I/dalvikvm( 2961): Could not find method android.content.Context.getColor, referenced from method android.support.v4.content.ContextCompat.getColor
W/dalvikvm( 2961): VFY: unable to resolve virtual method 604: Landroid/content/Context;.getColor (I)I
D/dalvikvm( 2961): VFY: replacing opcode 0x6e at 0x0006
I/dalvikvm( 2961): Could not find method android.content.Context.getColorStateList, referenced from method android.support.v4.content.ContextCompat.getColorStateList
W/dalvikvm( 2961): VFY: unable to resolve virtual method 605: Landroid/content/Context;.getColorStateList (I)Landroid/content/res/ColorStateList;
D/dalvikvm( 2961): VFY: replacing opcode 0x6e at 0x0006
I/dalvikvm( 2961): Could not find method android.content.Context.getDataDir, referenced from method android.support.v4.content.ContextCompat.getDataDir
W/dalvikvm( 2961): VFY: unable to resolve virtual method 607: Landroid/content/Context;.getDataDir ()Ljava/io/File;
D/dalvikvm( 2961): VFY: replacing opcode 0x6e at 0x0006
D/EGL_emulation( 1714): eglMakeCurrent: 0xb8eeaee0: ver 3 0
I/dalvikvm( 2961): Could not find method android.content.Context.getDrawable, referenced from method android.support.v4.content.ContextCompat.getDrawable
W/dalvikvm( 2961): VFY: unable to resolve virtual method 608: Landroid/content/Context;.getDrawable (I)Landroid/graphics/drawable/Drawable;
D/dalvikvm( 2961): VFY: replacing opcode 0x6e at 0x0006
I/dalvikvm( 2961): Could not find method android.content.Context.getNoBackupFilesDir, referenced from method android.support.v4.content.ContextCompat.getNoBackupFilesDir
W/dalvikvm( 2961): VFY: unable to resolve virtual method 616: Landroid/content/Context;.getNoBackupFilesDir ()Ljava/io/File;
D/dalvikvm( 2961): VFY: replacing opcode 0x6e at 0x0006
I/dalvikvm( 2961): Could not find method android.content.Context.isDeviceProtectedStorage, referenced from method android.support.v4.content.ContextCompat.isDeviceProtectedStorage
W/dalvikvm( 2961): VFY: unable to resolve virtual method 629: Landroid/content/Context;.isDeviceProtectedStorage ()Z
D/dalvikvm( 2961): VFY: replacing opcode 0x6e at 0x0006
I/dalvikvm( 2961): Could not find method android.content.Context.startForegroundService, referenced from method android.support.v4.content.ContextCompat.startForegroundService
W/dalvikvm( 2961): VFY: unable to resolve virtual method 644: Landroid/content/Context;.startForegroundService (Landroid/content/Intent;)Landroid/content/ComponentName;
D/dalvikvm( 2961): VFY: replacing opcode 0x6e at 0x0006
I/dalvikvm( 2961): Could not find method android.widget.FrameLayout.startActionModeForChild, referenced from method android.support.v7.widget.ActionBarContainer.startActionModeForChild
W/dalvikvm( 2961): VFY: unable to resolve virtual method 14293: Landroid/widget/FrameLayout;.startActionModeForChild (Landroid/view/View;Landroid/view/ActionMode$Callback;I)Landroid/view/ActionMode;
D/dalvikvm( 2961): VFY: replacing opcode 0x6f at 0x0002
D/EGL_emulation( 1714): eglMakeCurrent: 0xb8eeaee0: ver 3 0
I/dalvikvm( 2961): Could not find method android.content.Context.getColorStateList, referenced from method android.support.v7.content.res.AppCompatResources.getColorStateList
W/dalvikvm( 2961): VFY: unable to resolve virtual method 605: Landroid/content/Context;.getColorStateList (I)Landroid/content/res/ColorStateList;
D/dalvikvm( 2961): VFY: replacing opcode 0x6e at 0x0006
W/ConfigurationChimeraPro( 1682): Got null configs for com.google.android.gms.chromesync -- metadata{ service_id: 51 }
I/ChromeSync( 2022): [Sync,SyncIntentOperation] Handling the intent: Intent { act=android.intent.action.PACKAGE_ADDED dat=package:edu.washington.isaacjc.activityspy flg=0x4000010 cmp=com.google.android.gms/.chimera.GmsIntentOperationService (has extras) }.
I/dalvikvm( 2961): Could not find method android.content.res.Resources.getDrawable, referenced from method android.support.v7.widget.ResourcesWrapper.getDrawable
W/dalvikvm( 2961): VFY: unable to resolve virtual method 781: Landroid/content/res/Resources;.getDrawable (ILandroid/content/res/Resources$Theme;)Landroid/graphics/drawable/Drawable;
D/dalvikvm( 2961): VFY: replacing opcode 0x6e at 0x0002
I/dalvikvm( 2961): Could not find method android.content.res.Resources.getDrawableForDensity, referenced from method android.support.v7.widget.ResourcesWrapper.getDrawableForDensity
W/dalvikvm( 2961): VFY: unable to resolve virtual method 783: Landroid/content/res/Resources;.getDrawableForDensity (IILandroid/content/res/Resources$Theme;)Landroid/graphics/drawable/Drawable;
D/dalvikvm( 2961): VFY: replacing opcode 0x6e at 0x0002
E/dalvikvm( 2961): Could not find class 'android.graphics.drawable.RippleDrawable', referenced from method android.support.v7.widget.AppCompatImageHelper.hasOverlappingRendering
W/dalvikvm( 2961): VFY: unable to resolve instanceof 226 (Landroid/graphics/drawable/RippleDrawable;) in Landroid/support/v7/widget/AppCompatImageHelper;
D/dalvikvm( 2961): VFY: replacing opcode 0x20 at 0x000c
I/dalvikvm( 2961): Could not find method android.widget.TextView.getAutoSizeMaxTextSize, referenced from method android.support.v7.widget.AppCompatTextView.getAutoSizeMaxTextSize
I/Icing.InternalIcingCorporaProvider( 2376): Updating corpora: A: edu.washington.isaacjc.activityspy, C: MAYBE
I/ActivityManager( 1571): Delay finish: com.google.android.googlequicksearchbox/com.google.android.searchcommon.summons.icing.InternalIcingCorporaProvider$CorporaChangedReceiver
W/dalvikvm( 2961): VFY: unable to resolve virtual method 14604: Landroid/widget/TextView;.getAutoSizeMaxTextSize ()I
D/dalvikvm( 2961): VFY: replacing opcode 0x6f at 0x0004
I/dalvikvm( 2961): Could not find method android.widget.TextView.getAutoSizeMinTextSize, referenced from method android.support.v7.widget.AppCompatTextView.getAutoSizeMinTextSize
W/dalvikvm( 2961): VFY: unable to resolve virtual method 14605: Landroid/widget/TextView;.getAutoSizeMinTextSize ()I
D/dalvikvm( 2961): VFY: replacing opcode 0x6f at 0x0004
I/dalvikvm( 2961): Could not find method android.widget.TextView.getAutoSizeStepGranularity, referenced from method android.support.v7.widget.AppCompatTextView.getAutoSizeStepGranularity
W/dalvikvm( 2961): VFY: unable to resolve virtual method 14606: Landroid/widget/TextView;.getAutoSizeStepGranularity ()I
D/dalvikvm( 2961): VFY: replacing opcode 0x6f at 0x0004
I/dalvikvm( 2961): Could not find method android.widget.TextView.getAutoSizeTextAvailableSizes, referenced from method android.support.v7.widget.AppCompatTextView.getAutoSizeTextAvailableSizes
W/dalvikvm( 2961): VFY: unable to resolve virtual method 14607: Landroid/widget/TextView;.getAutoSizeTextAvailableSizes ()[I
D/dalvikvm( 2961): VFY: replacing opcode 0x6f at 0x0004
I/dalvikvm( 2961): Could not find method android.widget.TextView.getAutoSizeTextType, referenced from method android.support.v7.widget.AppCompatTextView.getAutoSizeTextType
W/dalvikvm( 2961): VFY: unable to resolve virtual method 14608: Landroid/widget/TextView;.getAutoSizeTextType ()I
D/dalvikvm( 2961): VFY: replacing opcode 0x6f at 0x0005
I/dalvikvm( 2961): Could not find method android.widget.TextView.setAutoSizeTextTypeUniformWithConfiguration, referenced from method android.support.v7.widget.AppCompatTextView.setAutoSizeTextTypeUniformWithConfiguration
W/dalvikvm( 2961): VFY: unable to resolve virtual method 14654: Landroid/widget/TextView;.setAutoSizeTextTypeUniformWithConfiguration (IIII)V
D/dalvikvm( 2961): VFY: replacing opcode 0x6f at 0x0004
I/dalvikvm( 2961): Could not find method android.widget.TextView.setAutoSizeTextTypeUniformWithPresetSizes, referenced from method android.support.v7.widget.AppCompatTextView.setAutoSizeTextTypeUniformWithPresetSizes
W/dalvikvm( 2961): VFY: unable to resolve virtual method 14655: Landroid/widget/TextView;.setAutoSizeTextTypeUniformWithPresetSizes ([II)V
D/dalvikvm( 2961): VFY: replacing opcode 0x6f at 0x0004
I/dalvikvm( 2961): Could not find method android.widget.TextView.setAutoSizeTextTypeWithDefaults, referenced from method android.support.v7.widget.AppCompatTextView.setAutoSizeTextTypeWithDefaults
W/dalvikvm( 2961): VFY: unable to resolve virtual method 14656: Landroid/widget/TextView;.setAutoSizeTextTypeWithDefaults (I)V
D/dalvikvm( 2961): VFY: replacing opcode 0x6f at 0x0004
I/dalvikvm( 2961): Could not find method android.widget.TextView.getAutoSizeStepGranularity, referenced from method android.support.v7.widget.AppCompatTextHelper.loadFromAttributes
W/dalvikvm( 2961): VFY: unable to resolve virtual method 14606: Landroid/widget/TextView;.getAutoSizeStepGranularity ()I
D/dalvikvm( 2961): VFY: replacing opcode 0x6e at 0x0161
I/dalvikvm( 2961): Could not find method android.text.StaticLayout$Builder.obtain, referenced from method android.support.v7.widget.AppCompatTextViewAutoSizeHelper.createStaticLayoutForMeasuring
W/dalvikvm( 2961): VFY: unable to resolve static method 13070: Landroid/text/StaticLayout$Builder;.obtain (Ljava/lang/CharSequence;IILandroid/text/TextPaint;I)Landroid/text/StaticLayout$Builder;
D/dalvikvm( 2961): VFY: replacing opcode 0x71 at 0x0014
I/MainActivity( 2961): onStart fired: Intent { act=android.intent.action.MAIN cat=[android.intent.category.LAUNCHER] flg=0x10000000 cmp=edu.washington.isaacjc.activityspy/.MainActivity }
I/MainActivity( 2961): onResume fired: Intent { act=android.intent.action.MAIN cat=[android.intent.category.LAUNCHER] flg=0x10000000 cmp=edu.washington.isaacjc.activityspy/.MainActivity }
I/ActivityManager( 1571): Resuming delayed broadcast
W/ContextImpl( 2376): Implicit intents with startService are not safe: Intent { act=com.google.android.gms.icing.INDEX_SERVICE } android.content.ContextWrapper.bindService:517 com.google.android.gms.internal.av.a:-1 com.google.android.gms.internal.au.connect:-1 
E/NetworkScheduler( 1682): Unrecognised action provided: android.intent.action.PACKAGE_REPLACED
I/ActivityManager( 1571): Delay finish: com.google.android.gms/.gcm.nts.SchedulerReceiver
D/        ( 2961): HostConnection::get() New Host Connection established 0xb8d76100, tid 2961
I/Icing   ( 2022): IndexChimeraService.getServiceInterface callingPackage=com.google.android.googlequicksearchbox componentName=null serviceId=21
I/Icing   ( 2022): IndexChimeraService.getServiceInterface callingPackage=com.google.android.gms componentName=AppsCorpus serviceId=36
D/EGL_emulation( 2961): eglCreateContext: 0xb8e60ea0: maj 3 min 0 rcv 3
I/Icing   ( 2022): IndexChimeraService.getServiceInterface callingPackage=com.google.android.gms componentName=AppsCorpus serviceId=32
I/Icing   ( 2022): Usage reports ok 0, Failed Usage reports 0, indexed 0, rejected 0, imm upload false
D/dalvikvm( 1714): GC_FOR_ALLOC freed 489K, 10% free 38898K/43124K, paused 16ms, total 16ms
I/Icing   ( 2022): Usage reports ok 0, Failed Usage reports 0, indexed 0, rejected 0, imm upload true
D/EGL_emulation( 2961): eglMakeCurrent: 0xb8e60ea0: ver 3 0
E/eglCodecCommon( 2961): glUtilsParamSize: unknow param 0x00008cdf
E/eglCodecCommon( 2961): glUtilsParamSize: unknow param 0x00008824
E/EGL_emulation( 2961): tid 2961: eglSurfaceAttrib(1199): error 0x3009 (EGL_BAD_MATCH)
W/HardwareRenderer( 2961): Backbuffer cannot be preserved
D/dalvikvm( 1714): GC_FOR_ALLOC freed 22K, 8% free 39963K/43124K, paused 3ms, total 3ms
D/OpenGLRenderer( 2961): Enabling debug mode 0
D/dalvikvm( 2961): GC_FOR_ALLOC freed 236K, 8% free 3579K/3888K, paused 2ms, total 2ms
I/dalvikvm( 2961): Could not find method android.view.View.setTooltipText, referenced from method android.support.v7.widget.TooltipCompat.setTooltipText
W/dalvikvm( 2961): VFY: unable to resolve virtual method 13611: Landroid/view/View;.setTooltipText (Ljava/lang/CharSequence;)V
D/dalvikvm( 2961): VFY: replacing opcode 0x6e at 0x0006
I/Icing   ( 2022): Usage reports ok 0, Failed Usage reports 0, indexed 0, rejected 0, imm upload false
I/ActivityManager( 1571): Resuming delayed broadcast
W/Launcher( 2480): setApplicationContext called twice! old=com.google.android.velvet.VelvetApplication@9d04b5b0 new=com.google.android.velvet.VelvetApplication@9d04b5b0
I/FontsPackageChangeOp( 2022): Package edu.washington.isaacjc.activityspy has no metadata
D/dalvikvm( 1682): GC_FOR_ALLOC freed 1048K, 19% free 7268K/8956K, paused 14ms, total 14ms
I/Icing   ( 2022): IndexChimeraService.getServiceInterface callingPackage=com.google.android.gms componentName=AppsCorpus serviceId=36
I/Icing   ( 2022): IndexChimeraService.getServiceInterface callingPackage=com.google.android.gms componentName=AppsCorpus serviceId=32
I/PeopleContactsSync( 2022): triggerPendingContactsCleanup: no accounts
I/Icing   ( 2022): Usage reports ok 0, Failed Usage reports 0, indexed 0, rejected 0, imm upload false
I/Icing   ( 2022): Usage reports ok 0, Failed Usage reports 0, indexed 0, rejected 0, imm upload false
I/ActivityManager( 1571): Displayed edu.washington.isaacjc.activityspy/.MainActivity: +1s167ms
I/Icing   ( 2022): Indexing 053A23A004A1D5FC2B52E853E19D78B4C94E6086 from com.google.android.googlequicksearchbox
I/Icing   ( 2022): Indexing 1A8AC91B5A9563B94FC8A67F79C577709A2F7F03 from com.google.android.gms
D/dalvikvm( 2022): GC_FOR_ALLOC freed 1910K, 14% free 17844K/20620K, paused 23ms, total 23ms
I/Icing   ( 2022): Indexing done 053A23A004A1D5FC2B52E853E19D78B4C94E6086
I/Icing   ( 2022): Indexing done 1A8AC91B5A9563B94FC8A67F79C577709A2F7F03
D/dalvikvm( 1571): GC_FOR_ALLOC freed 715K, 27% free 11479K/15624K, paused 8ms, total 8ms
I/ActivityManager( 1571): Killing 2173:com.android.dialer/u0a4 (adj 15): empty #17
D/EGL_emulation( 1631): eglMakeCurrent: 0xb8e69f60: ver 3 0
D/gralloc_ranchu( 1139): gralloc_alloc: Creating ashmem region of size 2637824
E/SoundPool( 1571): error loading /system/media/audio/ui/Effect_Tick.ogg
W/AudioService( 1571): Soundpool could not load file: /system/media/audio/ui/Effect_Tick.ogg
E/SoundPool( 1571): error loading /system/media/audio/ui/Effect_Tick.ogg
W/AudioService( 1571): Soundpool could not load file: /system/media/audio/ui/Effect_Tick.ogg
E/SoundPool( 1571): error loading /system/media/audio/ui/Effect_Tick.ogg
W/AudioService( 1571): Soundpool could not load file: /system/media/audio/ui/Effect_Tick.ogg
E/SoundPool( 1571): error loading /system/media/audio/ui/Effect_Tick.ogg
W/AudioService( 1571): Soundpool could not load file: /system/media/audio/ui/Effect_Tick.ogg
E/SoundPool( 1571): error loading /system/media/audio/ui/Effect_Tick.ogg
W/AudioService( 1571): Soundpool could not load file: /system/media/audio/ui/Effect_Tick.ogg
E/SoundPool( 1571): error loading /system/media/audio/ui/KeypressStandard.ogg
W/AudioService( 1571): Soundpool could not load file: /system/media/audio/ui/KeypressStandard.ogg
E/SoundPool( 1571): error loading /system/media/audio/ui/KeypressSpacebar.ogg
W/AudioService( 1571): Soundpool could not load file: /system/media/audio/ui/KeypressSpacebar.ogg
E/SoundPool( 1571): error loading /system/media/audio/ui/KeypressDelete.ogg
W/AudioService( 1571): Soundpool could not load file: /system/media/audio/ui/KeypressDelete.ogg
E/SoundPool( 1571): error loading /system/media/audio/ui/KeypressReturn.ogg
W/AudioService( 1571): Soundpool could not load file: /system/media/audio/ui/KeypressReturn.ogg
E/SoundPool( 1571): error loading /system/media/audio/ui/KeypressInvalid.ogg
W/AudioService( 1571): Soundpool could not load file: /system/media/audio/ui/KeypressInvalid.ogg
W/AudioService( 1571): onLoadSoundEffects(), Error -1 while loading samples
D/dalvikvm( 1571): GC_FOR_ALLOC freed 119K, 20% free 12547K/15624K, paused 19ms, total 19ms
I/dalvikvm-heap( 1571): Grow heap (frag case) to 13.441MB for 1166380-byte allocation
D/dalvikvm( 1571): GC_FOR_ALLOC freed 4K, 19% free 13682K/16764K, paused 14ms, total 14ms
I/ActivityManager( 1571): START u0 {act=android.intent.action.MAIN cat=[android.intent.category.HOME] flg=0x10200000 cmp=com.android.launcher/com.android.launcher2.Launcher} from pid 1571
D/dalvikvm( 1571): GC_FOR_ALLOC freed 6K, 19% free 13680K/16764K, paused 15ms, total 15ms
I/dalvikvm-heap( 1571): Grow heap (frag case) to 14.547MB for 1166380-byte allocation
D/dalvikvm( 1571): GC_FOR_ALLOC freed 1141K, 24% free 13678K/17904K, paused 8ms, total 9ms
I/MainActivity( 2961): onPause fired: Intent { act=android.intent.action.MAIN cat=[android.intent.category.LAUNCHER] flg=0x10000000 cmp=edu.washington.isaacjc.activityspy/.MainActivity }
D/dalvikvm( 1631): GC_FOR_ALLOC freed 2708K, 71% free 14289K/49116K, paused 3ms, total 3ms
D/EGL_emulation( 1714): eglMakeCurrent: 0xb8eeaee0: ver 3 0
E/EGL_emulation( 1714): tid 1714: eglSurfaceAttrib(1199): error 0x3009 (EGL_BAD_MATCH)
W/HardwareRenderer( 1714): Backbuffer cannot be preserved
W/InputMethodManagerService( 1571): Starting input on non-focused client com.android.internal.view.IInputMethodClient$Stub$Proxy@9d319f28 (uid=10060 pid=2961)
D/EGL_emulation( 2961): eglMakeCurrent: 0xb8e60ea0: ver 3 0
I/MainActivity( 2961): onStop fired: Intent { act=android.intent.action.MAIN cat=[android.intent.category.LAUNCHER] flg=0x10000000 cmp=edu.washington.isaacjc.activityspy/.MainActivity }
I/MainActivity( 2961): onDestroy fired: Intent { act=android.intent.action.MAIN cat=[android.intent.category.LAUNCHER] flg=0x10000000 cmp=edu.washington.isaacjc.activityspy/.MainActivity }
E/MainActivity( 2961): Were going down, Captain!
D/EGL_emulation( 2961): eglMakeCurrent: 0xb8e60ea0: ver 3 0
I/ActivityManager( 1571): Killing 2447:com.android.exchange/u0a27 (adj 15): empty #17
D/EGL_emulation( 1631): eglMakeCurrent: 0xb8e69f60: ver 3 0
D/dalvikvm( 1714): GC_FOR_ALLOC freed 279K, 5% free 41390K/43124K, paused 4ms, total 4ms
D/dalvikvm( 1714): GC_FOR_ALLOC freed 1K, 5% free 41665K/43404K, paused 7ms, total 7ms
E/SoundPool( 1571): error loading /system/media/audio/ui/Effect_Tick.ogg
W/AudioService( 1571): Soundpool could not load file: /system/media/audio/ui/Effect_Tick.ogg
E/SoundPool( 1571): error loading /system/media/audio/ui/Effect_Tick.ogg
W/AudioService( 1571): Soundpool could not load file: /system/media/audio/ui/Effect_Tick.ogg
E/SoundPool( 1571): error loading /system/media/audio/ui/Effect_Tick.ogg
W/AudioService( 1571): Soundpool could not load file: /system/media/audio/ui/Effect_Tick.ogg
E/SoundPool( 1571): error loading /system/media/audio/ui/Effect_Tick.ogg
W/AudioService( 1571): Soundpool could not load file: /system/media/audio/ui/Effect_Tick.ogg
E/SoundPool( 1571): error loading /system/media/audio/ui/Effect_Tick.ogg
W/AudioService( 1571): Soundpool could not load file: /system/media/audio/ui/Effect_Tick.ogg
E/SoundPool( 1571): error loading /system/media/audio/ui/KeypressStandard.ogg
W/AudioService( 1571): Soundpool could not load file: /system/media/audio/ui/KeypressStandard.ogg
E/SoundPool( 1571): error loading /system/media/audio/ui/KeypressSpacebar.ogg
W/AudioService( 1571): Soundpool could not load file: /system/media/audio/ui/KeypressSpacebar.ogg
E/SoundPool( 1571): error loading /system/media/audio/ui/KeypressDelete.ogg
W/AudioService( 1571): Soundpool could not load file: /system/media/audio/ui/KeypressDelete.ogg
E/SoundPool( 1571): error loading /system/media/audio/ui/KeypressReturn.ogg
W/AudioService( 1571): Soundpool could not load file: /system/media/audio/ui/KeypressReturn.ogg
E/SoundPool( 1571): error loading /system/media/audio/ui/KeypressInvalid.ogg
W/AudioService( 1571): Soundpool could not load file: /system/media/audio/ui/KeypressInvalid.ogg
W/AudioService( 1571): onLoadSoundEffects(), Error -1 while loading samples
E/SoundPool( 1571): error loading /system/media/audio/ui/Effect_Tick.ogg
W/AudioService( 1571): Soundpool could not load file: /system/media/audio/ui/Effect_Tick.ogg
E/SoundPool( 1571): error loading /system/media/audio/ui/Effect_Tick.ogg
W/AudioService( 1571): Soundpool could not load file: /system/media/audio/ui/Effect_Tick.ogg
E/SoundPool( 1571): error loading /system/media/audio/ui/Effect_Tick.ogg
W/AudioService( 1571): Soundpool could not load file: /system/media/audio/ui/Effect_Tick.ogg
E/SoundPool( 1571): error loading /system/media/audio/ui/Effect_Tick.ogg
W/AudioService( 1571): Soundpool could not load file: /system/media/audio/ui/Effect_Tick.ogg
E/SoundPool( 1571): error loading /system/media/audio/ui/Effect_Tick.ogg
W/AudioService( 1571): Soundpool could not load file: /system/media/audio/ui/Effect_Tick.ogg
E/SoundPool( 1571): error loading /system/media/audio/ui/KeypressStandard.ogg
W/AudioService( 1571): Soundpool could not load file: /system/media/audio/ui/KeypressStandard.ogg
E/SoundPool( 1571): error loading /system/media/audio/ui/KeypressSpacebar.ogg
W/AudioService( 1571): Soundpool could not load file: /system/media/audio/ui/KeypressSpacebar.ogg
E/SoundPool( 1571): error loading /system/media/audio/ui/KeypressDelete.ogg
W/AudioService( 1571): Soundpool could not load file: /system/media/audio/ui/KeypressDelete.ogg
E/SoundPool( 1571): error loading /system/media/audio/ui/KeypressReturn.ogg
W/AudioService( 1571): Soundpool could not load file: /system/media/audio/ui/KeypressReturn.ogg
E/SoundPool( 1571): error loading /system/media/audio/ui/KeypressInvalid.ogg
W/AudioService( 1571): Soundpool could not load file: /system/media/audio/ui/KeypressInvalid.ogg
W/AudioService( 1571): onLoadSoundEffects(), Error -1 while loading samples
I/ActivityManager( 1571): START u0 {act=android.intent.action.MAIN cat=[android.intent.category.LAUNCHER] flg=0x10200000 cmp=edu.washington.isaacjc.activityspy/.MainActivity} from pid 1714
I/MainActivity( 2961): onStart fired: Intent { act=android.intent.action.MAIN cat=[android.intent.category.LAUNCHER] flg=0x10200000 cmp=edu.washington.isaacjc.activityspy/.MainActivity bnds=[28,326][287,648] }
I/MainActivity( 2961): onResume fired: Intent { act=android.intent.action.MAIN cat=[android.intent.category.LAUNCHER] flg=0x10200000 cmp=edu.washington.isaacjc.activityspy/.MainActivity bnds=[28,326][287,648] }
D/gralloc_ranchu( 1139): gralloc_alloc: Creating ashmem region of size 15622144
D/EGL_emulation( 2961): eglMakeCurrent: 0xb8e60ea0: ver 3 0
E/EGL_emulation( 2961): tid 2961: eglSurfaceAttrib(1199): error 0x3009 (EGL_BAD_MATCH)
W/HardwareRenderer( 2961): Backbuffer cannot be preserved
I/ActivityManager( 1571): Displayed edu.washington.isaacjc.activityspy/.MainActivity: +363ms
D/EGL_emulation( 1714): eglMakeCurrent: 0xb8eeaee0: ver 3 0
D/EGL_emulation( 1631): eglMakeCurrent: 0xb8e69f60: ver 3 0
D/gralloc_ranchu( 1139): gralloc_alloc: Creating ashmem region of size 2637824
D/dalvikvm( 1571): GC_FOR_ALLOC freed 3523K, 37% free 11445K/17904K, paused 25ms, total 25ms
E/SoundPool( 1571): error loading /system/media/audio/ui/Effect_Tick.ogg
W/AudioService( 1571): Soundpool could not load file: /system/media/audio/ui/Effect_Tick.ogg
E/SoundPool( 1571): error loading /system/media/audio/ui/Effect_Tick.ogg
W/AudioService( 1571): Soundpool could not load file: /system/media/audio/ui/Effect_Tick.ogg
E/SoundPool( 1571): error loading /system/media/audio/ui/Effect_Tick.ogg
W/AudioService( 1571): Soundpool could not load file: /system/media/audio/ui/Effect_Tick.ogg
E/SoundPool( 1571): error loading /system/media/audio/ui/Effect_Tick.ogg
W/AudioService( 1571): Soundpool could not load file: /system/media/audio/ui/Effect_Tick.ogg
E/SoundPool( 1571): error loading /system/media/audio/ui/Effect_Tick.ogg
W/AudioService( 1571): Soundpool could not load file: /system/media/audio/ui/Effect_Tick.ogg
E/SoundPool( 1571): error loading /system/media/audio/ui/KeypressStandard.ogg
W/AudioService( 1571): Soundpool could not load file: /system/media/audio/ui/KeypressStandard.ogg
E/SoundPool( 1571): error loading /system/media/audio/ui/KeypressSpacebar.ogg
W/AudioService( 1571): Soundpool could not load file: /system/media/audio/ui/KeypressSpacebar.ogg
E/SoundPool( 1571): error loading /system/media/audio/ui/KeypressDelete.ogg
W/AudioService( 1571): Soundpool could not load file: /system/media/audio/ui/KeypressDelete.ogg
E/SoundPool( 1571): error loading /system/media/audio/ui/KeypressReturn.ogg
W/AudioService( 1571): Soundpool could not load file: /system/media/audio/ui/KeypressReturn.ogg
E/SoundPool( 1571): error loading /system/media/audio/ui/KeypressInvalid.ogg
W/AudioService( 1571): Soundpool could not load file: /system/media/audio/ui/KeypressInvalid.ogg
W/AudioService( 1571): onLoadSoundEffects(), Error -1 while loading samples
D/dalvikvm( 1571): GC_FOR_ALLOC freed 65K, 30% free 12532K/17904K, paused 12ms, total 12ms
I/ActivityManager( 1571): START u0 {act=android.intent.action.MAIN cat=[android.intent.category.HOME] flg=0x10200000 cmp=com.android.launcher/com.android.launcher2.Launcher} from pid 1571
D/dalvikvm( 1571): GC_FOR_ALLOC freed 7K, 24% free 13672K/17904K, paused 10ms, total 10ms
I/MainActivity( 2961): onPause fired: Intent { act=android.intent.action.MAIN cat=[android.intent.category.LAUNCHER] flg=0x10200000 cmp=edu.washington.isaacjc.activityspy/.MainActivity bnds=[28,326][287,648] }
D/dalvikvm( 1631): GC_FOR_ALLOC freed 2612K, 74% free 13042K/49116K, paused 4ms, total 4ms
D/EGL_emulation( 1714): eglMakeCurrent: 0xb8eeaee0: ver 3 0
D/dalvikvm( 1631): GC_FOR_ALLOC freed 4K, 72% free 14181K/49116K, paused 12ms, total 13ms
D/dalvikvm( 1714): GC_FOR_ALLOC freed 1121K, 6% free 41233K/43684K, paused 4ms, total 4ms
D/EGL_emulation( 1714): eglMakeCurrent: 0xb8eeaee0: ver 3 0
E/EGL_emulation( 1714): tid 1714: eglSurfaceAttrib(1199): error 0x3009 (EGL_BAD_MATCH)
W/HardwareRenderer( 1714): Backbuffer cannot be preserved
D/EGL_emulation( 2961): eglMakeCurrent: 0xb8e60ea0: ver 3 0
I/MainActivity( 2961): onStop fired: Intent { act=android.intent.action.MAIN cat=[android.intent.category.LAUNCHER] flg=0x10200000 cmp=edu.washington.isaacjc.activityspy/.MainActivity bnds=[28,326][287,648] }
I/MainActivity( 2961): onDestroy fired: Intent { act=android.intent.action.MAIN cat=[android.intent.category.LAUNCHER] flg=0x10200000 cmp=edu.washington.isaacjc.activityspy/.MainActivity bnds=[28,326][287,648] }
E/MainActivity( 2961): Were going down, Captain!
D/EGL_emulation( 2961): eglMakeCurrent: 0xb8e60ea0: ver 3 0
D/AndroidRuntime( 2996): 
D/AndroidRuntime( 2996): >>>>>> AndroidRuntime START com.android.internal.os.RuntimeInit <<<<<<
W/linker  ( 2996): libdvm.so has text relocations. This is wasting memory and is a security risk. Please fix.
D/AndroidRuntime( 2996): CheckJNI is ON
D/dalvikvm( 2996): Trying to load lib libjavacore.so 0x0
D/dalvikvm( 2996): Added shared lib libjavacore.so 0x0
D/dalvikvm( 2996): Trying to load lib libnativehelper.so 0x0
D/dalvikvm( 2996): Added shared lib libnativehelper.so 0x0
D/dalvikvm( 2996): No JNI_OnLoad found in libnativehelper.so 0x0, skipping init
D/dalvikvm( 2996): Note: class Landroid/app/ActivityManagerNative; has 179 unimplemented (abstract) methods
E/memtrack( 2996): Couldn't load memtrack module (No such file or directory)
E/android.os.Debug( 2996): failed to load memtrack module: -2
D/AndroidRuntime( 2996): Calling main entry com.android.commands.am.Am
D/AndroidRuntime( 2996): Shutting down VM
I/ActivityManager( 1571): Force stopping edu.washington.isaacjc.activityspy appid=10060 user=0: from pid 2996
I/ActivityManager( 1571): Killing 2961:edu.washington.isaacjc.activityspy/u0a60 (adj 9): stop edu.washington.isaacjc.activityspy
D/jdwp    ( 2996): Got wake-up signal, bailing out of select
D/dalvikvm( 2996): Debugger has detached; object registry had 1 entries
D/EGL_emulation( 1631): eglMakeCurrent: 0xb8e69f60: ver 3 0
D/AndroidRuntime( 3012): 
D/AndroidRuntime( 3012): >>>>>> AndroidRuntime START com.android.internal.os.RuntimeInit <<<<<<
W/linker  ( 3012): libdvm.so has text relocations. This is wasting memory and is a security risk. Please fix.
D/AndroidRuntime( 3012): CheckJNI is ON
D/dalvikvm( 3012): Trying to load lib libjavacore.so 0x0
D/dalvikvm( 3012): Added shared lib libjavacore.so 0x0
D/dalvikvm( 3012): Trying to load lib libnativehelper.so 0x0
D/dalvikvm( 3012): Added shared lib libnativehelper.so 0x0
D/dalvikvm( 3012): No JNI_OnLoad found in libnativehelper.so 0x0, skipping init
D/dalvikvm( 3012): Note: class Landroid/app/ActivityManagerNative; has 179 unimplemented (abstract) methods
E/memtrack( 3012): Couldn't load memtrack module (No such file or directory)
E/android.os.Debug( 3012): failed to load memtrack module: -2
D/AndroidRuntime( 3012): Calling main entry com.android.commands.pm.Pm
W/ActivityManager( 1571): No content provider found for permission revoke: file:///data/local/tmp/edu.washington.isaacjc.activityspy
W/ActivityManager( 1571): No content provider found for permission revoke: file:///data/local/tmp/edu.washington.isaacjc.activityspy
I/PackageManager( 1571): Copying native libraries to /data/app-lib/vmdl-279960810
D/dalvikvm( 1571): GC_FOR_ALLOC freed 2810K, 28% free 12909K/17904K, paused 39ms, total 39ms
D/dalvikvm( 1571): GC_FOR_ALLOC freed 2058K, 28% free 12892K/17904K, paused 19ms, total 19ms
I/ActivityManager( 1571): Force stopping edu.washington.isaacjc.activityspy appid=10060 user=-1: uninstall pkg
I/PackageManager( 1571): Running dexopt on: edu.washington.isaacjc.activityspy
I/PackageManager( 1571): Package edu.washington.isaacjc.activityspy codePath changed from /data/app/edu.washington.isaacjc.activityspy-2.apk to /data/app/edu.washington.isaacjc.activityspy-1.apk; Retaining data and using new
W/linker  ( 3023): libdvm.so has text relocations. This is wasting memory and is a security risk. Please fix.
W/dalvikvm( 3023): method Landroid/support/v7/widget/DropDownListView;.lookForSelectablePosition incorrectly overrides package-private method with same name in Landroid/widget/ListView;
D/dalvikvm( 3023): DexOpt: couldn't find field Landroid/view/inputmethod/EditorInfo;.contentMimeTypes
D/dalvikvm( 3023): DexOpt: load 39ms, verify+opt 190ms, 2466532 bytes
W/PackageManager( 1571): Code path for pkg : edu.washington.isaacjc.activityspy changing from /data/app/edu.washington.isaacjc.activityspy-2.apk to /data/app/edu.washington.isaacjc.activityspy-1.apk
I/ActivityManager( 1571): Force stopping edu.washington.isaacjc.activityspy appid=10060 user=-1: update pkg
W/PackageManager( 1571): Resource path for pkg : edu.washington.isaacjc.activityspy changing from /data/app/edu.washington.isaacjc.activityspy-2.apk to /data/app/edu.washington.isaacjc.activityspy-1.apk
I/ActivityManager( 1571): Force stopping edu.washington.isaacjc.activityspy appid=10060 user=0: pkg removed
D/dalvikvm( 1714): GC_EXPLICIT freed 594K, 6% free 41192K/43684K, paused 3ms+2ms, total 35ms
D/dalvikvm( 2376): GC_EXPLICIT freed 124K, 13% free 3774K/4320K, paused 1ms+1ms, total 7ms
D/dalvikvm( 2480): GC_EXPLICIT freed 147K, 8% free 3690K/3980K, paused 1ms+1ms, total 36ms
I/InputReader( 1571): Reconfiguring input devices.  changes=0x00000010
D/dalvikvm( 1631): GC_EXPLICIT freed 2449K, 74% free 13034K/49116K, paused 5ms+1ms, total 47ms
I/PackageManager( 1571):   Action: "android.intent.action.SENDTO"
I/PackageManager( 1571):   Category: "android.intent.category.DEFAULT"
I/PackageManager( 1571):   Scheme: "sms"
I/PackageManager( 1571): Adding preferred activity ComponentInfo{com.android.mms/com.android.mms.ui.ComposeMessageActivity} for user 0 :
I/InputReader( 1571): Reconfiguring input devices.  changes=0x00000010
I/InputReader( 1571): Reconfiguring input devices.  changes=0x00000010
I/PackageManager( 1571):   Action: "android.intent.action.SENDTO"
I/PackageManager( 1571):   Category: "android.intent.category.DEFAULT"
I/PackageManager( 1571):   Scheme: "smsto"
I/PackageManager( 1571): Adding preferred activity ComponentInfo{com.android.mms/com.android.mms.ui.ComposeMessageActivity} for user 0 :
D/BackupManagerService( 1571): Received broadcast Intent { act=android.intent.action.PACKAGE_REMOVED dat=package:edu.washington.isaacjc.activityspy flg=0x4000010 (has extras) }
D/dalvikvm( 1701): GC_FOR_ALLOC freed 498K, 14% free 3907K/4540K, paused 25ms, total 30ms
I/PackageManager( 1571):   Action: "android.intent.action.SENDTO"
I/PackageManager( 1571):   Category: "android.intent.category.DEFAULT"
I/PackageManager( 1571):   Scheme: "mms"
D/BackupManagerService( 1571): Received broadcast Intent { act=android.intent.action.PACKAGE_ADDED dat=package:edu.washington.isaacjc.activityspy flg=0x4000010 (has extras) }
V/BackupManagerService( 1571): removePackageParticipantsLocked: uid=10060 #1
V/BackupManagerService( 1571): addPackageParticipantsLocked: #1
I/PackageManager( 1571): Adding preferred activity ComponentInfo{com.android.mms/com.android.mms.ui.ComposeMessageActivity} for user 0 :
W/Launcher.Model( 2480): Nobody to tell about the new app.  Launcher is probably loading.
D/dalvikvm( 1571): GC_EXPLICIT freed 1409K, 26% free 13267K/17904K, paused 14ms+86ms, total 174ms
I/PackageManager( 1571):   Action: "android.intent.action.SENDTO"
I/PackageManager( 1571):   Category: "android.intent.category.DEFAULT"
I/PackageManager( 1571):   Scheme: "mmsto"
D/AndroidRuntime( 3012): Shutting down VM
D/jdwp    ( 3012): Got wake-up signal, bailing out of select
D/dalvikvm( 3012): Debugger has detached; object registry had 1 entries
I/PackageManager( 1571): Adding preferred activity ComponentInfo{com.android.mms/com.android.mms.ui.ComposeMessageActivity} for user 0 :
I/PackageManager( 1571):   Action: "android.intent.action.SENDTO"
I/PackageManager( 1571):   Category: "android.intent.category.DEFAULT"
I/PackageManager( 1571):   Scheme: "sms"
D/dalvikvm( 2022): GC_EXPLICIT freed 398K, 15% free 17668K/20620K, paused 3ms+18ms, total 324ms
I/PackageManager( 1571): Adding preferred activity ComponentInfo{com.android.mms/com.android.mms.ui.ComposeMessageActivity} for user 0 :
I/PackageManager( 1571): Adding preferred activity ComponentInfo{com.android.mms/com.android.mms.ui.ComposeMessageActivity} for user 0 :
I/PackageManager( 1571):   Action: "android.intent.action.SENDTO"
I/PackageManager( 1571):   Category: "android.intent.category.DEFAULT"
I/PackageManager( 1571):   Scheme: "smsto"
D/dalvikvm( 1701): GC_FOR_ALLOC freed 409K, 14% free 3937K/4540K, paused 3ms, total 7ms
I/PackageManager( 1571):   Action: "android.intent.action.SENDTO"
I/PackageManager( 1571):   Category: "android.intent.category.DEFAULT"
I/PackageManager( 1571):   Scheme: "mms"
I/PackageManager( 1571): Adding preferred activity ComponentInfo{com.android.mms/com.android.mms.ui.ComposeMessageActivity} for user 0 :
E/NetworkScheduler( 1682): Unrecognised action provided: android.intent.action.PACKAGE_REMOVED
I/PackageManager( 1571):   Action: "android.intent.action.SENDTO"
I/PackageManager( 1571):   Category: "android.intent.category.DEFAULT"
I/PackageManager( 1571):   Scheme: "mmsto"
I/PackageManager( 1571): Adding preferred activity ComponentInfo{com.android.mms/com.android.mms.ui.ComposeMessageActivity} for user 0 :
I/PackageManager( 1571):   Action: "android.intent.action.SENDTO"
I/PackageManager( 1571):   Category: "android.intent.category.DEFAULT"
I/PackageManager( 1571):   Scheme: "sms"
I/PackageManager( 1571): Adding preferred activity ComponentInfo{com.android.mms/com.android.mms.ui.ComposeMessageActivity} for user 0 :
I/PackageManager( 1571):   Action: "android.intent.action.SENDTO"
I/PackageManager( 1571):   Category: "android.intent.category.DEFAULT"
I/PackageManager( 1571):   Scheme: "smsto"
I/PackageManager( 1571): Adding preferred activity ComponentInfo{com.android.mms/com.android.mms.ui.ComposeMessageActivity} for user 0 :
D/dalvikvm( 1701): GC_FOR_ALLOC freed 457K, 14% free 3906K/4540K, paused 3ms, total 3ms
W/Launcher( 2480): setApplicationContext called twice! old=com.google.android.velvet.VelvetApplication@9d04b5b0 new=com.google.android.velvet.VelvetApplication@9d04b5b0
W/ContextImpl( 2937): Calling a method in the system process without a qualified user: android.app.ContextImpl.startService:1479 android.content.ContextWrapper.startService:494 android.content.ContextWrapper.startService:494 com.android.keychain.KeyChainBroadcastReceiver.onReceive:12 android.app.ActivityThread.handleReceiver:2419 
I/PackageManager( 1571):   Action: "android.intent.action.SENDTO"
I/PackageManager( 1571):   Category: "android.intent.category.DEFAULT"
I/PackageManager( 1571):   Scheme: "mms"
I/PackageManager( 1571): Adding preferred activity ComponentInfo{com.android.mms/com.android.mms.ui.ComposeMessageActivity} for user 0 :
I/ActivityManager( 1571): Delay finish: com.android.keychain/.KeyChainBroadcastReceiver
I/PackageManager( 1571):   Action: "android.intent.action.SENDTO"
I/PackageManager( 1571):   Category: "android.intent.category.DEFAULT"
I/PackageManager( 1571):   Scheme: "mmsto"
I/PackageManager( 1571): Adding preferred activity ComponentInfo{com.android.mms/com.android.mms.ui.ComposeMessageActivity} for user 0 :
I/ActivityManager( 1571): Resuming delayed broadcast
I/PackageManager( 1571):   Action: "android.intent.action.SENDTO"
I/PackageManager( 1571):   Category: "android.intent.category.DEFAULT"
I/PackageManager( 1571):   Scheme: "sms"
I/PackageManager( 1571): Adding preferred activity ComponentInfo{com.android.mms/com.android.mms.ui.ComposeMessageActivity} for user 0 :
I/ChromeSync( 2022): [Sync,SyncIntentOperation] Handling the intent: Intent { act=android.intent.action.PACKAGE_ADDED dat=package:edu.washington.isaacjc.activityspy flg=0x4000010 cmp=com.google.android.gms/.chimera.GmsIntentOperationService (has extras) }.
I/ActivityManager( 1571): Delay finish: com.google.android.googlequicksearchbox/com.google.android.searchcommon.summons.icing.InternalIcingCorporaProvider$CorporaChangedReceiver
I/PackageManager( 1571):   Action: "android.intent.action.SENDTO"
I/PackageManager( 1571):   Category: "android.intent.category.DEFAULT"
I/PackageManager( 1571):   Scheme: "smsto"
I/PackageManager( 1571): Adding preferred activity ComponentInfo{com.android.mms/com.android.mms.ui.ComposeMessageActivity} for user 0 :
I/Icing.InternalIcingCorporaProvider( 2376): Updating corpora: A: edu.washington.isaacjc.activityspy, C: MAYBE
I/ActivityManager( 1571): Resuming delayed broadcast
D/dalvikvm( 1701): GC_FOR_ALLOC freed 424K, 14% free 3943K/4540K, paused 5ms, total 8ms
I/PackageManager( 1571):   Action: "android.intent.action.SENDTO"
I/PackageManager( 1571):   Category: "android.intent.category.DEFAULT"
I/PackageManager( 1571):   Scheme: "mms"
I/PackageManager( 1571): Adding preferred activity ComponentInfo{com.android.mms/com.android.mms.ui.ComposeMessageActivity} for user 0 :
I/PackageManager( 1571):   Action: "android.intent.action.SENDTO"
I/PackageManager( 1571):   Category: "android.intent.category.DEFAULT"
I/PackageManager( 1571):   Scheme: "mmsto"
I/PackageManager( 1571): Adding preferred activity ComponentInfo{com.android.mms/com.android.mms.ui.ComposeMessageActivity} for user 0 :
D/dalvikvm( 1571): GC_FOR_ALLOC freed 2674K, 30% free 12639K/17904K, paused 20ms, total 21ms
W/ContextImpl( 2376): Implicit intents with startService are not safe: Intent { act=com.google.android.gms.icing.INDEX_SERVICE } android.content.ContextWrapper.bindService:517 com.google.android.gms.internal.av.a:-1 com.google.android.gms.internal.au.connect:-1 
D/AndroidRuntime( 3050): 
D/AndroidRuntime( 3050): >>>>>> AndroidRuntime START com.android.internal.os.RuntimeInit <<<<<<
W/linker  ( 3050): libdvm.so has text relocations. This is wasting memory and is a security risk. Please fix.
D/AndroidRuntime( 3050): CheckJNI is ON
D/dalvikvm( 3050): Trying to load lib libjavacore.so 0x0
D/dalvikvm( 3050): Added shared lib libjavacore.so 0x0
D/dalvikvm( 3050): Trying to load lib libnativehelper.so 0x0
D/dalvikvm( 3050): Added shared lib libnativehelper.so 0x0
D/dalvikvm( 3050): No JNI_OnLoad found in libnativehelper.so 0x0, skipping init
I/PackageManager( 1571):   Action: "android.intent.action.SENDTO"
I/PackageManager( 1571):   Category: "android.intent.category.DEFAULT"
I/PackageManager( 1571):   Scheme: "sms"
I/PackageManager( 1571): Adding preferred activity ComponentInfo{com.android.mms/com.android.mms.ui.ComposeMessageActivity} for user 0 :
D/dalvikvm( 3050): Note: class Landroid/app/ActivityManagerNative; has 179 unimplemented (abstract) methods
I/Icing   ( 2022): IndexChimeraService.getServiceInterface callingPackage=com.google.android.gms componentName=AppsCorpus serviceId=36
I/Icing   ( 2022): IndexChimeraService.getServiceInterface callingPackage=com.google.android.gms componentName=AppsCorpus serviceId=32
I/Icing   ( 2022): IndexChimeraService.getServiceInterface callingPackage=com.google.android.googlequicksearchbox componentName=null serviceId=21
I/PackageManager( 1571):   Action: "android.intent.action.SENDTO"
I/PackageManager( 1571):   Category: "android.intent.category.DEFAULT"
I/PackageManager( 1571):   Scheme: "smsto"
I/PackageManager( 1571): Adding preferred activity ComponentInfo{com.android.mms/com.android.mms.ui.ComposeMessageActivity} for user 0 :
I/Icing   ( 2022): Usage reports ok 0, Failed Usage reports 0, indexed 0, rejected 0, imm upload false
E/memtrack( 3050): Couldn't load memtrack module (No such file or directory)
E/android.os.Debug( 3050): failed to load memtrack module: -2
D/AndroidRuntime( 3050): Calling main entry com.android.commands.am.Am
D/dalvikvm( 1701): GC_FOR_ALLOC freed 431K, 14% free 3940K/4540K, paused 147ms, total 147ms
I/PackageManager( 1571):   Action: "android.intent.action.SENDTO"
I/PackageManager( 1571):   Category: "android.intent.category.DEFAULT"
I/PackageManager( 1571):   Scheme: "mms"
I/PackageManager( 1571): Adding preferred activity ComponentInfo{com.android.mms/com.android.mms.ui.ComposeMessageActivity} for user 0 :
I/ActivityManager( 1571): START u0 {act=android.intent.action.MAIN cat=[android.intent.category.LAUNCHER] flg=0x10000000 cmp=edu.washington.isaacjc.activityspy/.MainActivity} from pid 3050
I/PackageManager( 1571):   Action: "android.intent.action.SENDTO"
I/PackageManager( 1571):   Category: "android.intent.category.DEFAULT"
I/PackageManager( 1571):   Scheme: "mmsto"
I/PackageManager( 1571): Adding preferred activity ComponentInfo{com.android.mms/com.android.mms.ui.ComposeMessageActivity} for user 0 :
I/PackageManager( 1571):   Action: "android.intent.action.SENDTO"
I/PackageManager( 1571):   Category: "android.intent.category.DEFAULT"
I/PackageManager( 1571):   Scheme: "sms"
I/PackageManager( 1571): Adding preferred activity ComponentInfo{com.android.mms/com.android.mms.ui.ComposeMessageActivity} for user 0 :
D/dalvikvm( 1571): GC_FOR_ALLOC freed 891K, 23% free 13795K/17904K, paused 28ms, total 29ms
D/AndroidRuntime( 3050): Shutting down VM
I/ActivityManager( 1571): Delay finish: com.android.launcher/com.android.launcher2.PackageChangedReceiver
I/Icing   ( 2022): Usage reports ok 0, Failed Usage reports 0, indexed 0, rejected 0, imm upload false
D/gralloc_ranchu( 1139): gralloc_alloc: Creating ashmem region of size 15622144
D/jdwp    ( 3050): Got wake-up signal, bailing out of select
D/dalvikvm( 3050): Debugger has detached; object registry had 1 entries
D/dalvikvm( 3060): Not late-enabling CheckJNI (already on)
I/ActivityManager( 1571): Start proc edu.washington.isaacjc.activityspy for activity edu.washington.isaacjc.activityspy/.MainActivity: pid=3060 uid=10060 gids={50060}
I/PackageManager( 1571):   Action: "android.intent.action.SENDTO"
I/PackageManager( 1571):   Category: "android.intent.category.DEFAULT"
I/PackageManager( 1571):   Scheme: "smsto"
D/dalvikvm( 3060): Debugger has detached; object registry had 1 entries
I/Icing   ( 2022): Usage reports ok 0, Failed Usage reports 0, indexed 0, rejected 0, imm upload true
I/PackageManager( 1571): Adding preferred activity ComponentInfo{com.android.mms/com.android.mms.ui.ComposeMessageActivity} for user 0 :
I/dalvikvm( 3060): Could not find method android.view.Window$Callback.onPointerCaptureChanged, referenced from method android.support.v7.view.WindowCallbackWrapper.onPointerCaptureChanged
D/dalvikvm( 1701): GC_FOR_ALLOC freed 421K, 14% free 3941K/4540K, paused 5ms, total 6ms
W/dalvikvm( 3060): VFY: unable to resolve interface method 13807: Landroid/view/Window$Callback;.onPointerCaptureChanged (Z)V
D/dalvikvm( 3060): VFY: replacing opcode 0x72 at 0x0002
I/dalvikvm( 3060): Could not find method android.view.Window$Callback.onProvideKeyboardShortcuts, referenced from method android.support.v7.view.WindowCallbackWrapper.onProvideKeyboardShortcuts
W/dalvikvm( 3060): VFY: unable to resolve interface method 13809: Landroid/view/Window$Callback;.onProvideKeyboardShortcuts (Ljava/util/List;Landroid/view/Menu;I)V
D/dalvikvm( 3060): VFY: replacing opcode 0x72 at 0x0002
D/EGL_emulation( 1714): eglMakeCurrent: 0xb8eeaee0: ver 3 0
W/dalvikvm( 3060): VFY: unable to find class referenced in signature (Landroid/view/SearchEvent;)
I/dalvikvm( 3060): Could not find method android.view.Window$Callback.onSearchRequested, referenced from method android.support.v7.view.WindowCallbackWrapper.onSearchRequested
W/dalvikvm( 3060): VFY: unable to resolve interface method 13811: Landroid/view/Window$Callback;.onSearchRequested (Landroid/view/SearchEvent;)Z
D/dalvikvm( 3060): VFY: replacing opcode 0x72 at 0x0002
