D/dalvikvm( 1631): GC_FOR_ALLOC freed 5244K, 73% free 13264K/47976K, paused 4ms, total 4ms
D/gralloc_ranchu( 1139): gralloc_alloc: Creating ashmem region of size 16588800
D/dalvikvm( 1631): GC_FOR_ALLOC freed 57K, 71% free 14346K/47976K, paused 8ms, total 8ms
I/InputReader( 1571): Reconfiguring input devices.  changes=0x00000004
I/InputReader( 1571): Device reconfigured: id=0, name='qwerty2', size 1440x2880, orientation 0, mode 1, display id 0
I/ActivityManager( 1571): Config changes=480 {1.0 310mcc260mnc en_US ldltr sw411dp w411dp h749dp 560dpi nrml long port finger qwerty/v/v dpad/v s.12}
D/gralloc_ranchu( 1139): gralloc_alloc: Creating ashmem region of size 16588800
D/dalvikvm( 1631): GC_FOR_ALLOC freed 1263K, 70% free 14453K/47976K, paused 4ms, total 4ms
D/dalvikvm( 1714): GC_FOR_ALLOC freed 560K, 9% free 41397K/45156K, paused 11ms, total 11ms
D/dalvikvm( 1631): GC_FOR_ALLOC freed 3K, 68% free 15787K/47976K, paused 9ms, total 9ms
D/EGL_emulation( 1714): eglMakeCurrent: 0xb8eeaee0: ver 3 0
E/EGL_emulation( 1714): tid 1714: eglSurfaceAttrib(1199): error 0x3009 (EGL_BAD_MATCH)
W/HardwareRenderer( 1714): Backbuffer cannot be preserved
D/EGL_emulation( 1631): eglMakeCurrent: 0xb8e69f60: ver 3 0
W/IInputConnectionWrapper( 3938): showStatusIcon on inactive InputConnection
D/PhoneStatusBar( 1631): mSettingsPanelGravity = 55
D/EGL_emulation( 1631): eglMakeCurrent: 0xb8e69f60: ver 3 0
D/dalvikvm( 1631): GC_FOR_ALLOC freed 118K, 64% free 17507K/47976K, paused 4ms, total 4ms
D/EGL_emulation( 1631): eglMakeCurrent: 0xb8e69f60: ver 3 0
I/MainActivity( 3938): onStop fired: Intent { act=android.intent.action.MAIN cat=[android.intent.category.LAUNCHER] flg=0x10000000 cmp=edu.washington.isaacjc.activityspy/.MainActivity }
D/EGL_emulation( 1631): eglMakeCurrent: 0xb8e69f60: ver 3 0
D/EGL_emulation( 1631): eglMakeCurrent: 0xb8e69f60: ver 3 0
E/EGL_emulation( 1631): tid 1631: eglSurfaceAttrib(1199): error 0x3009 (EGL_BAD_MATCH)
W/HardwareRenderer( 1631): Backbuffer cannot be preserved
D/EGL_emulation( 1631): eglMakeCurrent: 0xb8e69f60: ver 3 0
I/WindowManager( 1571): Screen frozen for +507ms due to Window{9d30d8f0 u0 StatusBar}
D/EGL_emulation( 1631): eglMakeCurrent: 0xb8e69f60: ver 3 0
E/EGL_emulation( 1631): tid 1631: eglSurfaceAttrib(1199): error 0x3009 (EGL_BAD_MATCH)
W/HardwareRenderer( 1631): Backbuffer cannot be preserved
D/dalvikvm( 1571): GC_EXPLICIT freed 2323K, 27% free 14896K/20184K, paused 1ms+1ms, total 12ms
D/AndroidRuntime( 3979): 
D/AndroidRuntime( 3979): >>>>>> AndroidRuntime START com.android.internal.os.RuntimeInit <<<<<<
W/linker  ( 3979): libdvm.so has text relocations. This is wasting memory and is a security risk. Please fix.
D/AndroidRuntime( 3979): CheckJNI is ON
D/dalvikvm( 3979): Trying to load lib libjavacore.so 0x0
D/dalvikvm( 3979): Added shared lib libjavacore.so 0x0
D/dalvikvm( 3979): Trying to load lib libnativehelper.so 0x0
D/dalvikvm( 3979): Added shared lib libnativehelper.so 0x0
D/dalvikvm( 3979): No JNI_OnLoad found in libnativehelper.so 0x0, skipping init
D/dalvikvm( 3979): Note: class Landroid/app/ActivityManagerNative; has 179 unimplemented (abstract) methods
E/memtrack( 3979): Couldn't load memtrack module (No such file or directory)
E/android.os.Debug( 3979): failed to load memtrack module: -2
D/AndroidRuntime( 3979): Calling main entry com.android.commands.am.Am
W/InputDispatcher( 1571): channel '9d701ca0 edu.washington.isaacjc.activityspy/edu.washington.isaacjc.activityspy.MainActivity (server)' ~ Consumer closed input channel or an error occurred.  events=0x9
E/InputDispatcher( 1571): channel '9d701ca0 edu.washington.isaacjc.activityspy/edu.washington.isaacjc.activityspy.MainActivity (server)' ~ Channel is unrecoverably broken and will be disposed!
W/InputDispatcher( 1571): Attempted to unregister already unregistered input channel '9d701ca0 edu.washington.isaacjc.activityspy/edu.washington.isaacjc.activityspy.MainActivity (server)'
D/AndroidRuntime( 3979): Shutting down VM
D/jdwp    ( 3979): Got wake-up signal, bailing out of select
D/dalvikvm( 3979): Debugger has detached; object registry had 1 entries
I/ActivityManager( 1571): Force stopping edu.washington.isaacjc.activityspy appid=10060 user=0: from pid 3979
I/ActivityManager( 1571): Killing 3938:edu.washington.isaacjc.activityspy/u0a60 (adj 7): stop edu.washington.isaacjc.activityspy
I/ActivityManager( 1571):   Force finishing activity ActivityRecord{9d597a08 u0 edu.washington.isaacjc.activityspy/.MainActivity t21}
I/WindowState( 1571): WIN DEATH: Window{9d701ca0 u0 edu.washington.isaacjc.activityspy/edu.washington.isaacjc.activityspy.MainActivity}
