D/PerformBackupTask( 1571): invokeAgentForBackup on android
V/BackupServiceBinder( 1571): doBackup() invoked
D/BackupHelperDispatcher( 1571): handling existing helper 'wallpaper' android.app.backup.WallpaperBackupHelper@9d438068
V/LocalTransport( 1571): performBackup() pkg=android
V/LocalTransport( 1571): Got change set key=wallpaper:/data/system/wallpaper_info.xml size=-1 key64=d2FsbHBhcGVyOi9kYXRhL3N5c3RlbS93YWxscGFwZXJfaW5mby54bWw=
V/LocalTransport( 1571): Got change set key=wallpaper:/data/system/wallpaper_info.xml size=115 key64=d2FsbHBhcGVyOi9kYXRhL3N5c3RlbS93YWxscGFwZXJfaW5mby54bWw=
V/LocalTransport( 1571):   data size 115
V/LocalTransport( 1571): finishBackup()
I/PerformBackupTask( 1571): Backup pass finished.
D/ConnectivityService( 1571): Sampling interval elapsed, updating statistics ..
D/ConnectivityService( 1571): Done.
D/ConnectivityService( 1571): Setting timer for 720seconds
W/SurfaceFlinger( 1139): Timed out waiting for hw vsync; faking it
D/AlarmManagerService( 1571): Kernel timezone updated to 0 minutes west of GMT
D/        ( 1701): Setting time of day to sec=1523495079
V/AlarmClock( 2102): AlarmInitReceiver android.intent.action.TIME_SET
I/AlarmClock( 2102): Displaying next alarm time: ''
V/AlarmClock( 2102): AlarmInitReceiver finished
D/AlarmManagerService( 1571): Kernel timezone updated to 0 minutes west of GMT
D/        ( 1701): Setting time of day to sec=1523497219
V/AlarmClock( 2102): AlarmInitReceiver android.intent.action.TIME_SET
D/dalvikvm( 2102): GC_FOR_ALLOC freed 533K, 16% free 3392K/4000K, paused 7ms, total 7ms
I/AlarmClock( 2102): Displaying next alarm time: ''
V/AlarmClock( 2102): AlarmInitReceiver finished
D/dalvikvm( 3515): GC_FOR_ALLOC freed 394K, 13% free 3420K/3888K, paused 57ms, total 57ms
E/StrictMode( 3515): A resource was acquired at attached stack trace but never released. See java.io.Closeable for information on avoiding resource leaks.
E/StrictMode( 3515): java.lang.Throwable: Explicit termination method 'close' not called
E/StrictMode( 3515): 	at dalvik.system.CloseGuard.open(CloseGuard.java:184)
E/StrictMode( 3515): 	at android.os.ParcelFileDescriptor.<init>(ParcelFileDescriptor.java:179)
E/StrictMode( 3515): 	at android.os.ParcelFileDescriptor$1.createFromParcel(ParcelFileDescriptor.java:905)
E/StrictMode( 3515): 	at android.os.ParcelFileDescriptor$1.createFromParcel(ParcelFileDescriptor.java:897)
E/StrictMode( 3515): 	at android.app.IBackupAgent$Stub.onTransact(IBackupAgent.java:57)
E/StrictMode( 3515): 	at android.os.Binder.execTransact(Binder.java:404)
E/StrictMode( 3515): 	at dalvik.system.NativeStart.run(Native Method)
E/StrictMode( 3515): A resource was acquired at attached stack trace but never released. See java.io.Closeable for information on avoiding resource leaks.
E/StrictMode( 3515): java.lang.Throwable: Explicit termination method 'close' not called
E/StrictMode( 3515): 	at dalvik.system.CloseGuard.open(CloseGuard.java:184)
E/StrictMode( 3515): 	at android.os.ParcelFileDescriptor.<init>(ParcelFileDescriptor.java:179)
E/StrictMode( 3515): 	at android.os.ParcelFileDescriptor$1.createFromParcel(ParcelFileDescriptor.java:905)
E/StrictMode( 3515): 	at android.os.ParcelFileDescriptor$1.createFromParcel(ParcelFileDescriptor.java:897)
E/StrictMode( 3515): 	at android.app.IBackupAgent$Stub.onTransact(IBackupAgent.java:64)
E/StrictMode( 3515): 	at android.os.Binder.execTransact(Binder.java:404)
E/StrictMode( 3515): 	at dalvik.system.NativeStart.run(Native Method)
V/BackupManagerService( 1571): Running a backup pass
V/BackupManagerService( 1571): Backup requested but nothing pending
E/StrictMode( 3515): A resource was acquired at attached stack trace but never released. See java.io.Closeable for information on avoiding resource leaks.
E/StrictMode( 3515): java.lang.Throwable: Explicit termination method 'close' not called
E/StrictMode( 3515): 	at dalvik.system.CloseGuard.open(CloseGuard.java:184)
E/StrictMode( 3515): 	at android.os.ParcelFileDescriptor.<init>(ParcelFileDescriptor.java:179)
E/StrictMode( 3515): 	at android.os.ParcelFileDescriptor$1.createFromParcel(ParcelFileDescriptor.java:905)
E/StrictMode( 3515): 	at android.os.ParcelFileDescriptor$1.createFromParcel(ParcelFileDescriptor.java:897)
E/StrictMode( 3515): 	at android.app.IBackupAgent$Stub.onTransact(IBackupAgent.java:71)
E/StrictMode( 3515): 	at android.os.Binder.execTransact(Binder.java:404)
E/StrictMode( 3515): 	at dalvik.system.NativeStart.run(Native Method)
I/LatinIME:LogUtils( 1665): Dictionary info: dictionary = UserHistoryDictionary.en_US.dic ; version = ? ; date = 1523497219
D/dalvikvm( 3626): GC_FOR_ALLOC freed 306K, 10% free 3508K/3888K, paused 4ms, total 4ms
D/AlarmManagerService( 1571): Kernel timezone updated to 0 minutes west of GMT
D/        ( 1701): Setting time of day to sec=1523499359
V/AlarmClock( 2102): AlarmInitReceiver android.intent.action.TIME_SET
I/AlarmClock( 2102): Displaying next alarm time: ''
V/AlarmClock( 2102): AlarmInitReceiver finished
V/BackupManagerService( 1571): Running a backup pass
V/BackupManagerService( 1571): Backup requested but nothing pending
W/SurfaceFlinger( 1139): Timed out waiting for hw vsync; faking it
D/AlarmManagerService( 1571): Kernel timezone updated to 0 minutes west of GMT
D/        ( 1701): Setting time of day to sec=1523500625
V/AlarmClock( 2102): AlarmInitReceiver android.intent.action.TIME_SET
I/AlarmClock( 2102): Displaying next alarm time: ''
V/AlarmClock( 2102): AlarmInitReceiver finished
V/NativeCrypto( 1682): Read error: ssl=0xb9020ff8: I/O error during system call, Connection reset by peer
V/NativeCrypto( 1682): SSL shutdown failed: ssl=0xb9020ff8: I/O error during system call, Broken pipe
E/WakeLock( 1682): release without a matched acquire!
D/dalvikvm( 1682): GC_FOR_ALLOC freed 1364K, 20% free 7162K/8900K, paused 7ms, total 7ms
D/dalvikvm( 1682): GC_FOR_ALLOC freed 442K, 21% free 7117K/8900K, paused 5ms, total 5ms
D/ConnectivityService( 1571): handleInetConditionHoldEnd: net=0, condition=0, published condition=100
I/ActivityManager( 1571): Delay finish: com.google.android.gms/.chimera.GmsIntentOperationService$PersistentTrustedReceiver
I/ActivityManager( 1571): Resuming delayed broadcast
I/ActivityManager( 1571): Waited long enough for: ServiceRecord{9d7739d8 u0 com.google.android.gms/.auth.account.be.legacy.AuthCronService}
D/AlarmManagerService( 1571): Kernel timezone updated to 0 minutes west of GMT
D/        ( 1701): Setting time of day to sec=1523533456
D/dalvikvm( 1571): GC_EXPLICIT freed 1221K, 32% free 13841K/20184K, paused 8ms+2ms, total 84ms
V/AlarmClock( 2102): AlarmInitReceiver android.intent.action.TIME_SET
D/dalvikvm( 2102): GC_FOR_ALLOC freed 507K, 16% free 3397K/4000K, paused 17ms, total 17ms
I/AlarmClock( 2102): Displaying next alarm time: ''
V/AlarmClock( 2102): AlarmInitReceiver finished
I/LatinIME:LogUtils( 1665): Dictionary info: dictionary = UserHistoryDictionary.en_US.dic ; version = ? ; date = 1523533456
V/BackupManagerService( 1571): Running a backup pass
V/BackupManagerService( 1571): Backup requested but nothing pending
D/AlarmManagerService( 1571): Kernel timezone updated to 0 minutes west of GMT
D/        ( 1701): Setting time of day to sec=1523557228
V/AlarmClock( 2102): AlarmInitReceiver android.intent.action.TIME_SET
I/AlarmClock( 2102): Displaying next alarm time: ''
V/AlarmClock( 2102): AlarmInitReceiver finished
D/AlarmManagerService( 1571): Kernel timezone updated to 0 minutes west of GMT
I/LatinIME:LogUtils( 1665): Dictionary info: dictionary = UserHistoryDictionary.en_US.dic ; version = ? ; date = 1523557228
V/BackupManagerService( 1571): Running a backup pass
V/BackupManagerService( 1571): Backup requested but nothing pending
D/dalvikvm( 1682): GC_FOR_ALLOC freed 1149K, 19% free 7264K/8900K, paused 42ms, total 43ms
W/Conscrypt( 1682): Could not set socket write timeout: java.lang.reflect.InvocationTargetException
W/Conscrypt( 1682): 	at java.lang.reflect.Method.invokeNative(Native Method)
W/Conscrypt( 1682): 	at java.lang.reflect.Method.invoke(Method.java:515)
W/Conscrypt( 1682): Caused by: libcore.io.ErrnoException: setsockopt failed: EBADF (Bad file number)
W/Conscrypt( 1682): 	at libcore.io.Posix.setsockoptTimeval(Native Method)
W/Conscrypt( 1682): 	at libcore.io.ForwardingOs.setsockoptTimeval(ForwardingOs.java:126)
I/EventLogChimeraService( 2022): Aggregate from 1523487747447 (log), 1523487747447 (data)
I/ActivityManager( 1571): Delay finish: com.google.android.gms/.stats.service.DropBoxEntryAddedReceiver
I/ActivityManager( 1571): Resuming delayed broadcast
W/Conscrypt( 1682): Could not set socket write timeout: java.lang.reflect.InvocationTargetException
W/Conscrypt( 1682): 	at java.lang.reflect.Method.invokeNative(Native Method)
W/Conscrypt( 1682): 	at java.lang.reflect.Method.invoke(Method.java:515)
W/Conscrypt( 1682): Caused by: libcore.io.ErrnoException: setsockopt failed: EBADF (Bad file number)
W/Conscrypt( 1682): 	at libcore.io.Posix.setsockoptTimeval(Native Method)
W/Conscrypt( 1682): 	at libcore.io.ForwardingOs.setsockoptTimeval(ForwardingOs.java:126)
D/dalvikvm( 2134): GC_FOR_ALLOC freed 976K, 18% free 6319K/7628K, paused 43ms, total 43ms
D/ConnectivityService( 1571): handleInetConditionHoldEnd: net=0, condition=100, published condition=0
E/NetworkScheduler.ATC( 1682): Received callback from client for task that is already complete. ComponentInfo{com.google.android.gms/com.google.android.gms.clearcut.uploader.QosUploaderService} qos_default_periodic
D/dalvikvm( 2134): GC_FOR_ALLOC freed 694K, 22% free 6020K/7628K, paused 6ms, total 6ms
D/EGL_emulation( 2134): eglCreateContext: 0xb918f290: maj 3 min 0 rcv 3
D/EGL_emulation( 2134): eglMakeCurrent: 0xb918f290: ver 3 0
E/eglCodecCommon( 2134): glUtilsParamSize: unknow param 0x00008cdf
E/eglCodecCommon( 2134): glUtilsParamSize: unknow param 0x00008824
D/EGL_emulation( 2134): eglCreateContext: 0xb943e210: maj 3 min 0 rcv 3
D/EGL_emulation( 2134): eglMakeCurrent: 0xb943e210: ver 3 0
E/eglCodecCommon( 2134): glUtilsParamSize: unknow param 0x00008cdf
E/eglCodecCommon( 2134): glUtilsParamSize: unknow param 0x00008824
D/EGL_emulation( 2134): eglCreateContext: 0xb918f290: maj 3 min 0 rcv 3
D/EGL_emulation( 2134): eglMakeCurrent: 0xb918f290: ver 3 0
E/eglCodecCommon( 2134): glUtilsParamSize: unknow param 0x00008cdf
E/eglCodecCommon( 2134): glUtilsParamSize: unknow param 0x00008824
D/EGL_emulation( 2134): eglCreateContext: 0xb943e210: maj 3 min 0 rcv 3
D/EGL_emulation( 2134): eglMakeCurrent: 0xb943e210: ver 3 0
E/eglCodecCommon( 2134): glUtilsParamSize: unknow param 0x00008cdf
E/eglCodecCommon( 2134): glUtilsParamSize: unknow param 0x00008824
W/Settings( 2134): Setting install_non_market_apps has moved from android.provider.Settings.Secure to android.provider.Settings.Global.
D/dalvikvm( 1801): GC_FOR_ALLOC freed 556K, 29% free 4840K/6812K, paused 39ms, total 39ms
W/Conscrypt( 1801): Could not set socket write timeout: java.lang.reflect.InvocationTargetException
W/Conscrypt( 1801): 	at java.lang.reflect.Method.invokeNative(Native Method)
W/Conscrypt( 1801): 	at java.lang.reflect.Method.invoke(Method.java:515)
W/Conscrypt( 1801): Caused by: libcore.io.ErrnoException: setsockopt failed: EBADF (Bad file number)
W/Conscrypt( 1801): 	at libcore.io.Posix.setsockoptTimeval(Native Method)
W/Conscrypt( 1801): 	at libcore.io.ForwardingOs.setsockoptTimeval(ForwardingOs.java:126)
W/Conscrypt( 1801): Could not set socket write timeout: java.lang.reflect.InvocationTargetException
W/Conscrypt( 1801): 	at java.lang.reflect.Method.invokeNative(Native Method)
W/Conscrypt( 1801): 	at java.lang.reflect.Method.invoke(Method.java:515)
W/Conscrypt( 1801): Caused by: libcore.io.ErrnoException: setsockopt failed: EBADF (Bad file number)
W/Conscrypt( 1801): 	at libcore.io.Posix.setsockoptTimeval(Native Method)
W/Conscrypt( 1801): 	at libcore.io.ForwardingOs.setsockoptTimeval(ForwardingOs.java:126)
W/GLSUser ( 1801): [AppCertManager] IOException while requesting key: 
W/GLSUser ( 1801): java.io.IOException: Invalid device key response.
W/GLSUser ( 1801): 	at gdd.a(com.google.android.gms@12221030@12.2.21 (030-188803320):12)
W/GLSUser ( 1801): 	at gdd.a(com.google.android.gms@12221030@12.2.21 (030-188803320):64)
W/GLSUser ( 1801): 	at gdb.a(com.google.android.gms@12221030@12.2.21 (030-188803320):8)
W/GLSUser ( 1801): 	at gcx.a(com.google.android.gms@12221030@12.2.21 (030-188803320):1)
W/GLSUser ( 1801): 	at gcw.a(com.google.android.gms@12221030@12.2.21 (030-188803320):10)
W/GLSUser ( 1801): 	at com.google.android.gms.auth.account.be.legacy.AuthCronChimeraService.b(com.google.android.gms@12221030@12.2.21 (030-188803320):7)
W/GLSUser ( 1801): 	at ffx.call(com.google.android.gms@12221030@12.2.21 (030-188803320):3)
W/GLSUser ( 1801): 	at java.util.concurrent.FutureTask.run(FutureTask.java:237)
W/GLSUser ( 1801): 	at kot.run(com.google.android.gms@12221030@12.2.21 (030-188803320):26)
W/GLSUser ( 1801): 	at java.util.concurrent.ThreadPoolExecutor.runWorker(ThreadPoolExecutor.java:1112)
W/GLSUser ( 1801): 	at java.util.concurrent.ThreadPoolExecutor$Worker.run(ThreadPoolExecutor.java:587)
W/GLSUser ( 1801): 	at kus.run(com.google.android.gms@12221030@12.2.21 (030-188803320))
W/GLSUser ( 1801): 	at java.lang.Thread.run(Thread.java:841)
D/AndroidRuntime( 3913): 
D/AndroidRuntime( 3913): >>>>>> AndroidRuntime START com.android.internal.os.RuntimeInit <<<<<<
W/linker  ( 3913): libdvm.so has text relocations. This is wasting memory and is a security risk. Please fix.
D/AndroidRuntime( 3913): CheckJNI is ON
D/dalvikvm( 3913): Trying to load lib libjavacore.so 0x0
D/dalvikvm( 3913): Added shared lib libjavacore.so 0x0
D/dalvikvm( 3913): Trying to load lib libnativehelper.so 0x0
D/dalvikvm( 3913): Added shared lib libnativehelper.so 0x0
D/dalvikvm( 3913): No JNI_OnLoad found in libnativehelper.so 0x0, skipping init
D/dalvikvm( 3913): Note: class Landroid/app/ActivityManagerNative; has 179 unimplemented (abstract) methods
E/memtrack( 3913): Couldn't load memtrack module (No such file or directory)
E/android.os.Debug( 3913): failed to load memtrack module: -2
D/AndroidRuntime( 3913): Calling main entry com.android.commands.am.Am
I/ActivityManager( 1571): Force stopping edu.washington.isaacjc.activityspy appid=10060 user=0: from pid 3913
D/AndroidRuntime( 3913): Shutting down VM
E/jdwp    ( 3913): Failed sending reply to debugger: Bad file number
D/dalvikvm( 3913): Debugger has detached; object registry had 1 entries
D/AndroidRuntime( 3927): 
D/AndroidRuntime( 3927): >>>>>> AndroidRuntime START com.android.internal.os.RuntimeInit <<<<<<
W/linker  ( 3927): libdvm.so has text relocations. This is wasting memory and is a security risk. Please fix.
D/AndroidRuntime( 3927): CheckJNI is ON
D/dalvikvm( 3927): Trying to load lib libjavacore.so 0x0
D/dalvikvm( 3927): Added shared lib libjavacore.so 0x0
D/dalvikvm( 3927): Trying to load lib libnativehelper.so 0x0
D/dalvikvm( 3927): Added shared lib libnativehelper.so 0x0
D/dalvikvm( 3927): No JNI_OnLoad found in libnativehelper.so 0x0, skipping init
D/dalvikvm( 3927): Note: class Landroid/app/ActivityManagerNative; has 179 unimplemented (abstract) methods
E/memtrack( 3927): Couldn't load memtrack module (No such file or directory)
E/android.os.Debug( 3927): failed to load memtrack module: -2
D/AndroidRuntime( 3927): Calling main entry com.android.commands.am.Am
I/ActivityManager( 1571): START u0 {act=android.intent.action.MAIN cat=[android.intent.category.LAUNCHER] flg=0x10000000 cmp=edu.washington.isaacjc.activityspy/.MainActivity} from pid 3927
D/AndroidRuntime( 3927): Shutting down VM
D/jdwp    ( 3927): Got wake-up signal, bailing out of select
D/dalvikvm( 3927): Debugger has detached; object registry had 1 entries
I/UsageStats( 1571): Deleting usage file : usage-20180402
D/gralloc_ranchu( 1139): gralloc_alloc: Creating ashmem region of size 15622144
D/dalvikvm( 3938): Not late-enabling CheckJNI (already on)
I/ActivityManager( 1571): Start proc edu.washington.isaacjc.activityspy for activity edu.washington.isaacjc.activityspy/.MainActivity: pid=3938 uid=10060 gids={50060}
W/ProcessCpuTracker( 1571): Skipping unknown process pid 3925
D/gralloc_ranchu( 1139): gralloc_alloc: Creating ashmem region of size 16588800
I/ActivityManager( 1571): Config changes=480 {1.0 310mcc260mnc en_US ldltr sw411dp w780dp h386dp 560dpi nrml long land finger qwerty/v/v dpad/v s.9}
I/InputReader( 1571): Reconfiguring input devices.  changes=0x00000004
I/InputReader( 1571): Device reconfigured: id=0, name='qwerty2', size 1440x2880, orientation 3, mode 1, display id 0
I/InputReader( 1571): Reconfiguring input devices.  changes=0x00000004
D/EGL_emulation( 1631): eglMakeCurrent: 0xb8e69f60: ver 3 0
E/EGL_emulation( 1631): tid 1631: eglSurfaceAttrib(1199): error 0x3009 (EGL_BAD_MATCH)
W/HardwareRenderer( 1631): Backbuffer cannot be preserved
D/EGL_emulation( 1631): eglMakeCurrent: 0xb8e69f60: ver 3 0
E/EGL_emulation( 1631): tid 1631: eglSurfaceAttrib(1199): error 0x3009 (EGL_BAD_MATCH)
W/HardwareRenderer( 1631): Backbuffer cannot be preserved
I/dalvikvm( 3938): Could not find method android.view.Window$Callback.onPointerCaptureChanged, referenced from method android.support.v7.view.WindowCallbackWrapper.onPointerCaptureChanged
W/dalvikvm( 3938): VFY: unable to resolve interface method 13807: Landroid/view/Window$Callback;.onPointerCaptureChanged (Z)V
D/gralloc_ranchu( 1139): gralloc_alloc: Creating ashmem region of size 16588800
D/PhoneStatusBar( 1631): mSettingsPanelGravity = 55
D/dalvikvm( 3938): VFY: replacing opcode 0x72 at 0x0002
I/dalvikvm( 3938): Could not find method android.view.Window$Callback.onProvideKeyboardShortcuts, referenced from method android.support.v7.view.WindowCallbackWrapper.onProvideKeyboardShortcuts
W/dalvikvm( 3938): VFY: unable to resolve interface method 13809: Landroid/view/Window$Callback;.onProvideKeyboardShortcuts (Ljava/util/List;Landroid/view/Menu;I)V
D/dalvikvm( 3938): VFY: replacing opcode 0x72 at 0x0002
W/dalvikvm( 3938): VFY: unable to find class referenced in signature (Landroid/view/SearchEvent;)
I/dalvikvm( 3938): Could not find method android.view.Window$Callback.onSearchRequested, referenced from method android.support.v7.view.WindowCallbackWrapper.onSearchRequested
W/dalvikvm( 3938): VFY: unable to resolve interface method 13811: Landroid/view/Window$Callback;.onSearchRequested (Landroid/view/SearchEvent;)Z
D/dalvikvm( 3938): VFY: replacing opcode 0x72 at 0x0002
I/dalvikvm( 3938): Could not find method android.view.Window$Callback.onWindowStartingActionMode, referenced from method android.support.v7.view.WindowCallbackWrapper.onWindowStartingActionMode
W/dalvikvm( 3938): VFY: unable to resolve interface method 13815: Landroid/view/Window$Callback;.onWindowStartingActionMode (Landroid/view/ActionMode$Callback;I)Landroid/view/ActionMode;
D/dalvikvm( 3938): VFY: replacing opcode 0x72 at 0x0002
I/dalvikvm( 3938): Could not find method android.content.res.TypedArray.getChangingConfigurations, referenced from method android.support.v7.widget.TintTypedArray.getChangingConfigurations
W/dalvikvm( 3938): VFY: unable to resolve virtual method 818: Landroid/content/res/TypedArray;.getChangingConfigurations ()I
D/dalvikvm( 3938): VFY: replacing opcode 0x6e at 0x0002
D/EGL_emulation( 1631): eglMakeCurrent: 0xb8e69f60: ver 3 0
I/dalvikvm( 3938): Could not find method android.content.res.TypedArray.getType, referenced from method android.support.v7.widget.TintTypedArray.getType
W/dalvikvm( 3938): VFY: unable to resolve virtual method 840: Landroid/content/res/TypedArray;.getType (I)I
D/dalvikvm( 3938): VFY: replacing opcode 0x6e at 0x0008
I/dalvikvm( 3938): Could not find method android.content.Context.createDeviceProtectedStorageContext, referenced from method android.support.v4.content.ContextCompat.createDeviceProtectedStorageContext
W/dalvikvm( 3938): VFY: unable to resolve virtual method 597: Landroid/content/Context;.createDeviceProtectedStorageContext ()Landroid/content/Context;
D/dalvikvm( 3938): VFY: replacing opcode 0x6e at 0x0006
I/dalvikvm( 3938): Could not find method android.content.Context.getCodeCacheDir, referenced from method android.support.v4.content.ContextCompat.getCodeCacheDir
W/dalvikvm( 3938): VFY: unable to resolve virtual method 603: Landroid/content/Context;.getCodeCacheDir ()Ljava/io/File;
D/dalvikvm( 3938): VFY: replacing opcode 0x6e at 0x0006
I/dalvikvm( 3938): Could not find method android.content.Context.getColor, referenced from method android.support.v4.content.ContextCompat.getColor
W/dalvikvm( 3938): VFY: unable to resolve virtual method 604: Landroid/content/Context;.getColor (I)I
D/dalvikvm( 3938): VFY: replacing opcode 0x6e at 0x0006
I/dalvikvm( 3938): Could not find method android.content.Context.getColorStateList, referenced from method android.support.v4.content.ContextCompat.getColorStateList
W/dalvikvm( 3938): VFY: unable to resolve virtual method 605: Landroid/content/Context;.getColorStateList (I)Landroid/content/res/ColorStateList;
D/dalvikvm( 3938): VFY: replacing opcode 0x6e at 0x0006
I/dalvikvm( 3938): Could not find method android.content.Context.getDataDir, referenced from method android.support.v4.content.ContextCompat.getDataDir
W/dalvikvm( 3938): VFY: unable to resolve virtual method 607: Landroid/content/Context;.getDataDir ()Ljava/io/File;
D/dalvikvm( 3938): VFY: replacing opcode 0x6e at 0x0006
I/dalvikvm( 3938): Could not find method android.content.Context.getDrawable, referenced from method android.support.v4.content.ContextCompat.getDrawable
W/dalvikvm( 3938): VFY: unable to resolve virtual method 608: Landroid/content/Context;.getDrawable (I)Landroid/graphics/drawable/Drawable;
D/dalvikvm( 3938): VFY: replacing opcode 0x6e at 0x0006
I/dalvikvm( 3938): Could not find method android.content.Context.getNoBackupFilesDir, referenced from method android.support.v4.content.ContextCompat.getNoBackupFilesDir
W/dalvikvm( 3938): VFY: unable to resolve virtual method 616: Landroid/content/Context;.getNoBackupFilesDir ()Ljava/io/File;
D/dalvikvm( 3938): VFY: replacing opcode 0x6e at 0x0006
I/dalvikvm( 3938): Could not find method android.content.Context.isDeviceProtectedStorage, referenced from method android.support.v4.content.ContextCompat.isDeviceProtectedStorage
W/dalvikvm( 3938): VFY: unable to resolve virtual method 629: Landroid/content/Context;.isDeviceProtectedStorage ()Z
D/dalvikvm( 3938): VFY: replacing opcode 0x6e at 0x0006
I/dalvikvm( 3938): Could not find method android.content.Context.startForegroundService, referenced from method android.support.v4.content.ContextCompat.startForegroundService
W/dalvikvm( 3938): VFY: unable to resolve virtual method 644: Landroid/content/Context;.startForegroundService (Landroid/content/Intent;)Landroid/content/ComponentName;
D/dalvikvm( 3938): VFY: replacing opcode 0x6e at 0x0006
I/dalvikvm( 3938): Could not find method android.widget.FrameLayout.startActionModeForChild, referenced from method android.support.v7.widget.ActionBarContainer.startActionModeForChild
W/dalvikvm( 3938): VFY: unable to resolve virtual method 14293: Landroid/widget/FrameLayout;.startActionModeForChild (Landroid/view/View;Landroid/view/ActionMode$Callback;I)Landroid/view/ActionMode;
D/dalvikvm( 3938): VFY: replacing opcode 0x6f at 0x0002
I/dalvikvm( 3938): Could not find method android.content.Context.getColorStateList, referenced from method android.support.v7.content.res.AppCompatResources.getColorStateList
W/dalvikvm( 3938): VFY: unable to resolve virtual method 605: Landroid/content/Context;.getColorStateList (I)Landroid/content/res/ColorStateList;
D/dalvikvm( 3938): VFY: replacing opcode 0x6e at 0x0006
I/dalvikvm( 3938): Could not find method android.content.res.Resources.getDrawable, referenced from method android.support.v7.widget.ResourcesWrapper.getDrawable
W/dalvikvm( 3938): VFY: unable to resolve virtual method 781: Landroid/content/res/Resources;.getDrawable (ILandroid/content/res/Resources$Theme;)Landroid/graphics/drawable/Drawable;
D/dalvikvm( 3938): VFY: replacing opcode 0x6e at 0x0002
I/dalvikvm( 3938): Could not find method android.content.res.Resources.getDrawableForDensity, referenced from method android.support.v7.widget.ResourcesWrapper.getDrawableForDensity
W/dalvikvm( 3938): VFY: unable to resolve virtual method 783: Landroid/content/res/Resources;.getDrawableForDensity (IILandroid/content/res/Resources$Theme;)Landroid/graphics/drawable/Drawable;
D/dalvikvm( 3938): VFY: replacing opcode 0x6e at 0x0002
E/dalvikvm( 3938): Could not find class 'android.graphics.drawable.RippleDrawable', referenced from method android.support.v7.widget.AppCompatImageHelper.hasOverlappingRendering
W/dalvikvm( 3938): VFY: unable to resolve instanceof 226 (Landroid/graphics/drawable/RippleDrawable;) in Landroid/support/v7/widget/AppCompatImageHelper;
D/dalvikvm( 3938): VFY: replacing opcode 0x20 at 0x000c
I/dalvikvm( 3938): Could not find method android.widget.TextView.getAutoSizeMaxTextSize, referenced from method android.support.v7.widget.AppCompatTextView.getAutoSizeMaxTextSize
W/dalvikvm( 3938): VFY: unable to resolve virtual method 14604: Landroid/widget/TextView;.getAutoSizeMaxTextSize ()I
D/dalvikvm( 3938): VFY: replacing opcode 0x6f at 0x0004
I/dalvikvm( 3938): Could not find method android.widget.TextView.getAutoSizeMinTextSize, referenced from method android.support.v7.widget.AppCompatTextView.getAutoSizeMinTextSize
W/dalvikvm( 3938): VFY: unable to resolve virtual method 14605: Landroid/widget/TextView;.getAutoSizeMinTextSize ()I
D/dalvikvm( 3938): VFY: replacing opcode 0x6f at 0x0004
I/dalvikvm( 3938): Could not find method android.widget.TextView.getAutoSizeStepGranularity, referenced from method android.support.v7.widget.AppCompatTextView.getAutoSizeStepGranularity
W/dalvikvm( 3938): VFY: unable to resolve virtual method 14606: Landroid/widget/TextView;.getAutoSizeStepGranularity ()I
D/dalvikvm( 3938): VFY: replacing opcode 0x6f at 0x0004
I/dalvikvm( 3938): Could not find method android.widget.TextView.getAutoSizeTextAvailableSizes, referenced from method android.support.v7.widget.AppCompatTextView.getAutoSizeTextAvailableSizes
W/dalvikvm( 3938): VFY: unable to resolve virtual method 14607: Landroid/widget/TextView;.getAutoSizeTextAvailableSizes ()[I
D/dalvikvm( 3938): VFY: replacing opcode 0x6f at 0x0004
I/dalvikvm( 3938): Could not find method android.widget.TextView.getAutoSizeTextType, referenced from method android.support.v7.widget.AppCompatTextView.getAutoSizeTextType
W/dalvikvm( 3938): VFY: unable to resolve virtual method 14608: Landroid/widget/TextView;.getAutoSizeTextType ()I
D/dalvikvm( 3938): VFY: replacing opcode 0x6f at 0x0005
I/dalvikvm( 3938): Could not find method android.widget.TextView.setAutoSizeTextTypeUniformWithConfiguration, referenced from method android.support.v7.widget.AppCompatTextView.setAutoSizeTextTypeUniformWithConfiguration
W/dalvikvm( 3938): VFY: unable to resolve virtual method 14654: Landroid/widget/TextView;.setAutoSizeTextTypeUniformWithConfiguration (IIII)V
D/dalvikvm( 3938): VFY: replacing opcode 0x6f at 0x0004
I/dalvikvm( 3938): Could not find method android.widget.TextView.setAutoSizeTextTypeUniformWithPresetSizes, referenced from method android.support.v7.widget.AppCompatTextView.setAutoSizeTextTypeUniformWithPresetSizes
W/dalvikvm( 3938): VFY: unable to resolve virtual method 14655: Landroid/widget/TextView;.setAutoSizeTextTypeUniformWithPresetSizes ([II)V
D/dalvikvm( 3938): VFY: replacing opcode 0x6f at 0x0004
I/dalvikvm( 3938): Could not find method android.widget.TextView.setAutoSizeTextTypeWithDefaults, referenced from method android.support.v7.widget.AppCompatTextView.setAutoSizeTextTypeWithDefaults
W/dalvikvm( 3938): VFY: unable to resolve virtual method 14656: Landroid/widget/TextView;.setAutoSizeTextTypeWithDefaults (I)V
D/dalvikvm( 3938): VFY: replacing opcode 0x6f at 0x0004
I/dalvikvm( 3938): Could not find method android.widget.TextView.getAutoSizeStepGranularity, referenced from method android.support.v7.widget.AppCompatTextHelper.loadFromAttributes
W/dalvikvm( 3938): VFY: unable to resolve virtual method 14606: Landroid/widget/TextView;.getAutoSizeStepGranularity ()I
D/dalvikvm( 3938): VFY: replacing opcode 0x6e at 0x0161
I/dalvikvm( 3938): Could not find method android.text.StaticLayout$Builder.obtain, referenced from method android.support.v7.widget.AppCompatTextViewAutoSizeHelper.createStaticLayoutForMeasuring
W/dalvikvm( 3938): VFY: unable to resolve static method 13070: Landroid/text/StaticLayout$Builder;.obtain (Ljava/lang/CharSequence;IILandroid/text/TextPaint;I)Landroid/text/StaticLayout$Builder;
D/dalvikvm( 3938): VFY: replacing opcode 0x71 at 0x0014
I/MainActivity( 3938): onStart fired: Intent { act=android.intent.action.MAIN cat=[android.intent.category.LAUNCHER] flg=0x10000000 cmp=edu.washington.isaacjc.activityspy/.MainActivity }
I/MainActivity( 3938): onResume fired: Intent { act=android.intent.action.MAIN cat=[android.intent.category.LAUNCHER] flg=0x10000000 cmp=edu.washington.isaacjc.activityspy/.MainActivity }
D/dalvikvm( 1631): GC_FOR_ALLOC freed 1610K, 68% free 15610K/47976K, paused 23ms, total 27ms
I/dalvikvm-heap( 1631): Grow heap (frag case) to 18.246MB for 3072012-byte allocation
D/dalvikvm( 1631): GC_FOR_ALLOC freed 1173K, 64% free 17437K/47976K, paused 7ms, total 7ms
D/        ( 3938): HostConnection::get() New Host Connection established 0xb8e600c0, tid 3938
D/EGL_emulation( 3938): eglCreateContext: 0xb8e5f150: maj 3 min 0 rcv 3
D/dalvikvm( 1631): GC_FOR_ALLOC freed 65K, 64% free 17372K/47976K, paused 31ms, total 33ms
D/EGL_emulation( 3938): eglMakeCurrent: 0xb8e5f150: ver 3 0
E/eglCodecCommon( 3938): glUtilsParamSize: unknow param 0x00008cdf
E/eglCodecCommon( 3938): glUtilsParamSize: unknow param 0x00008824
E/EGL_emulation( 3938): tid 3938: eglSurfaceAttrib(1199): error 0x3009 (EGL_BAD_MATCH)
W/HardwareRenderer( 3938): Backbuffer cannot be preserved
D/OpenGLRenderer( 3938): Enabling debug mode 0
D/dalvikvm( 3938): GC_FOR_ALLOC freed 247K, 9% free 3561K/3884K, paused 5ms, total 6ms
I/dalvikvm( 3938): Could not find method android.view.View.setTooltipText, referenced from method android.support.v7.widget.TooltipCompat.setTooltipText
W/dalvikvm( 3938): VFY: unable to resolve virtual method 13611: Landroid/view/View;.setTooltipText (Ljava/lang/CharSequence;)V
D/dalvikvm( 3938): VFY: replacing opcode 0x6e at 0x0006
W/IInputConnectionWrapper( 1714): showStatusIcon on inactive InputConnection
I/dalvikvm-heap( 1631): Grow heap (frag case) to 47.063MB for 31484172-byte allocation
D/dalvikvm( 1631): GC_FOR_ALLOC freed <1K, 39% free 48118K/78724K, paused 19ms, total 19ms
I/ActivityManager( 1571): Displayed edu.washington.isaacjc.activityspy/.MainActivity: +1s667ms
D/EGL_emulation( 1714): eglMakeCurrent: 0xb8eeaee0: ver 3 0
D/gralloc_ranchu( 1139): gralloc_alloc: Creating ashmem region of size 31485952
I/Choreographer( 1631): Skipped 89 frames!  The application may be doing too much work on its main thread.
D/EGL_emulation( 1631): eglMakeCurrent: 0xb8e69f60: ver 3 0
D/EGL_emulation( 1631): eglMakeCurrent: 0xb8e69f60: ver 3 0
E/EGL_emulation( 1631): tid 1631: eglSurfaceAttrib(1199): error 0x3009 (EGL_BAD_MATCH)
W/HardwareRenderer( 1631): Backbuffer cannot be preserved
D/EGL_emulation( 1631): eglMakeCurrent: 0xb8e69f60: ver 3 0
D/EGL_emulation( 1631): eglMakeCurrent: 0xb8e69f60: ver 3 0
W/WindowManager( 1571): Window freeze timeout expired.
W/WindowManager( 1571): Force clearing orientation change: Window{9d30d8f0 u0 StatusBar}
W/WindowManager( 1571): Force clearing orientation change: Window{9d43f9b0 u0 com.android.systemui.ImageWallpaper}
I/WindowManager( 1571): Screen frozen for +2s7ms due to Window{9d30d8f0 u0 StatusBar}
E/EGL_emulation( 1631): tid 1631: eglSurfaceAttrib(1199): error 0x3009 (EGL_BAD_MATCH)
W/HardwareRenderer( 1631): Backbuffer cannot be preserved
D/EGL_emulation( 1631): eglMakeCurrent: 0xb8e69f60: ver 3 0
E/EGL_emulation( 1631): tid 1631: eglSurfaceAttrib(1199): error 0x3009 (EGL_BAD_MATCH)
W/HardwareRenderer( 1631): Backbuffer cannot be preserved
D/EGL_emulation( 1631): eglMakeCurrent: 0xb8e69f60: ver 3 0
E/EGL_emulation( 1631): tid 1631: eglSurfaceAttrib(1199): error 0x3009 (EGL_BAD_MATCH)
W/HardwareRenderer( 1631): Backbuffer cannot be preserved
D/dalvikvm( 1571): GC_EXPLICIT freed 588K, 26% free 14961K/20184K, paused 2ms+1ms, total 26ms
D/BackupManagerService( 1571): Now staging backup of android
D/EGL_emulation( 1631): eglMakeCurrent: 0xb8e69f60: ver 3 0
D/gralloc_ranchu( 1139): gralloc_alloc: Creating ashmem region of size 2342912
D/dalvikvm( 1571): GC_FOR_ALLOC freed 1273K, 27% free 14879K/20184K, paused 7ms, total 7ms
D/gralloc_ranchu( 1139): gralloc_alloc: Creating ashmem region of size 2342912
E/SoundPool( 1571): error loading /system/media/audio/ui/Effect_Tick.ogg
W/AudioService( 1571): Soundpool could not load file: /system/media/audio/ui/Effect_Tick.ogg
E/SoundPool( 1571): error loading /system/media/audio/ui/Effect_Tick.ogg
W/AudioService( 1571): Soundpool could not load file: /system/media/audio/ui/Effect_Tick.ogg
E/SoundPool( 1571): error loading /system/media/audio/ui/Effect_Tick.ogg
W/AudioService( 1571): Soundpool could not load file: /system/media/audio/ui/Effect_Tick.ogg
E/SoundPool( 1571): error loading /system/media/audio/ui/Effect_Tick.ogg
W/AudioService( 1571): Soundpool could not load file: /system/media/audio/ui/Effect_Tick.ogg
E/SoundPool( 1571): error loading /system/media/audio/ui/Effect_Tick.ogg
W/AudioService( 1571): Soundpool could not load file: /system/media/audio/ui/Effect_Tick.ogg
E/SoundPool( 1571): error loading /system/media/audio/ui/KeypressStandard.ogg
W/AudioService( 1571): Soundpool could not load file: /system/media/audio/ui/KeypressStandard.ogg
E/SoundPool( 1571): error loading /system/media/audio/ui/KeypressSpacebar.ogg
W/AudioService( 1571): Soundpool could not load file: /system/media/audio/ui/KeypressSpacebar.ogg
E/SoundPool( 1571): error loading /system/media/audio/ui/KeypressDelete.ogg
W/AudioService( 1571): Soundpool could not load file: /system/media/audio/ui/KeypressDelete.ogg
E/SoundPool( 1571): error loading /system/media/audio/ui/KeypressReturn.ogg
W/AudioService( 1571): Soundpool could not load file: /system/media/audio/ui/KeypressReturn.ogg
E/SoundPool( 1571): error loading /system/media/audio/ui/KeypressInvalid.ogg
W/AudioService( 1571): Soundpool could not load file: /system/media/audio/ui/KeypressInvalid.ogg
W/AudioService( 1571): onLoadSoundEffects(), Error -1 while loading samples
D/dalvikvm( 1571): GC_FOR_ALLOC freed 1157K, 27% free 14880K/20184K, paused 7ms, total 7ms
D/dalvikvm( 1571): GC_FOR_ALLOC freed 1141K, 27% free 14879K/20184K, paused 11ms, total 11ms
I/ActivityManager( 1571): START u0 {act=android.intent.action.MAIN cat=[android.intent.category.HOME] flg=0x10200000 cmp=com.android.launcher/com.android.launcher2.Launcher} from pid 1571
D/dalvikvm( 1631): GC_FOR_ALLOC freed 35074K, 70% free 14501K/47976K, paused 5ms, total 6ms
D/dalvikvm( 1571): GC_FOR_ALLOC freed 1143K, 27% free 14882K/20184K, paused 9ms, total 9ms
I/MainActivity( 3938): onPause fired: Intent { act=android.intent.action.MAIN cat=[android.intent.category.LAUNCHER] flg=0x10000000 cmp=edu.washington.isaacjc.activityspy/.MainActivity }
D/gralloc_ranchu( 1139): gralloc_alloc: Creating ashmem region of size 16588800
D/EGL_emulation( 1714): eglMakeCurrent: 0xb8eeaee0: ver 3 0
D/dalvikvm( 1631): GC_FOR_ALLOC freed 55K, 68% free 15698K/47976K, paused 7ms, total 7ms
I/InputReader( 1571): Reconfiguring input devices.  changes=0x00000004
I/InputReader( 1571): Device reconfigured: id=0, name='qwerty2', size 1440x2880, orientation 0, mode 1, display id 0
I/ActivityManager( 1571): Config changes=480 {1.0 310mcc260mnc en_US ldltr sw411dp w411dp h749dp 560dpi nrml long port finger qwerty/v/v dpad/v s.10}
D/gralloc_ranchu( 1139): gralloc_alloc: Creating ashmem region of size 16588800
D/dalvikvm( 1631): GC_FOR_ALLOC freed 6K, 65% free 17038K/47976K, paused 3ms, total 3ms
D/EGL_emulation( 1631): eglMakeCurrent: 0xb8e69f60: ver 3 0
D/PhoneStatusBar( 1631): mSettingsPanelGravity = 55
D/EGL_emulation( 1714): eglMakeCurrent: 0xb8eeaee0: ver 3 0
D/EGL_emulation( 1631): eglMakeCurrent: 0xb8e69f60: ver 3 0
E/EGL_emulation( 1714): tid 1714: eglSurfaceAttrib(1199): error 0x3009 (EGL_BAD_MATCH)
W/HardwareRenderer( 1714): Backbuffer cannot be preserved
W/IInputConnectionWrapper( 3938): showStatusIcon on inactive InputConnection
D/dalvikvm( 1631): GC_FOR_ALLOC freed 113K, 61% free 18757K/47976K, paused 3ms, total 3ms
D/EGL_emulation( 1631): eglMakeCurrent: 0xb8e69f60: ver 3 0
I/MainActivity( 3938): onStop fired: Intent { act=android.intent.action.MAIN cat=[android.intent.category.LAUNCHER] flg=0x10000000 cmp=edu.washington.isaacjc.activityspy/.MainActivity }
D/EGL_emulation( 1631): eglMakeCurrent: 0xb8e69f60: ver 3 0
D/EGL_emulation( 3938): eglMakeCurrent: 0xb8e5f150: ver 3 0
D/EGL_emulation( 1631): eglMakeCurrent: 0xb8e69f60: ver 3 0
E/EGL_emulation( 1631): tid 1631: eglSurfaceAttrib(1199): error 0x3009 (EGL_BAD_MATCH)
W/HardwareRenderer( 1631): Backbuffer cannot be preserved
D/EGL_emulation( 1631): eglMakeCurrent: 0xb8e69f60: ver 3 0
D/EGL_emulation( 1631): eglMakeCurrent: 0xb8e69f60: ver 3 0
E/EGL_emulation( 1631): tid 1631: eglSurfaceAttrib(1199): error 0x3009 (EGL_BAD_MATCH)
W/HardwareRenderer( 1631): Backbuffer cannot be preserved
D/dalvikvm( 1631): GC_FOR_ALLOC freed 3915K, 68% free 15614K/47976K, paused 3ms, total 3ms
I/dalvikvm-heap( 1631): Grow heap (frag case) to 18.250MB for 3072012-byte allocation
D/dalvikvm( 1631): GC_FOR_ALLOC freed 1171K, 64% free 17442K/47976K, paused 8ms, total 8ms
D/dalvikvm( 1631): GC_FOR_ALLOC freed 2K, 64% free 17441K/47976K, paused 3ms, total 3ms
I/dalvikvm-heap( 1631): Grow heap (frag case) to 47.129MB for 31484172-byte allocation
D/dalvikvm( 1631): GC_FOR_ALLOC freed <1K, 39% free 48186K/78724K, paused 2ms, total 2ms
D/gralloc_ranchu( 1139): gralloc_alloc: Creating ashmem region of size 31485952
I/Choreographer( 1631): Skipped 32 frames!  The application may be doing too much work on its main thread.
I/WindowManager( 1571): Screen frozen for +998ms due to Window{9d43f9b0 u0 com.android.systemui.ImageWallpaper}
D/dalvikvm( 1571): GC_EXPLICIT freed 1178K, 27% free 14892K/20184K, paused 2ms+1ms, total 15ms
D/EGL_emulation( 1631): eglMakeCurrent: 0xb8e69f60: ver 3 0
D/dalvikvm( 1631): GC_FOR_ALLOC freed 33782K, 68% free 15699K/47976K, paused 9ms, total 10ms
D/dalvikvm( 1631): GC_FOR_ALLOC freed 3K, 65% free 17034K/47976K, paused 7ms, total 7ms
E/SoundPool( 1571): error loading /system/media/audio/ui/Effect_Tick.ogg
W/AudioService( 1571): Soundpool could not load file: /system/media/audio/ui/Effect_Tick.ogg
E/SoundPool( 1571): error loading /system/media/audio/ui/Effect_Tick.ogg
W/AudioService( 1571): Soundpool could not load file: /system/media/audio/ui/Effect_Tick.ogg
E/SoundPool( 1571): error loading /system/media/audio/ui/Effect_Tick.ogg
W/AudioService( 1571): Soundpool could not load file: /system/media/audio/ui/Effect_Tick.ogg
E/SoundPool( 1571): error loading /system/media/audio/ui/Effect_Tick.ogg
W/AudioService( 1571): Soundpool could not load file: /system/media/audio/ui/Effect_Tick.ogg
E/SoundPool( 1571): error loading /system/media/audio/ui/Effect_Tick.ogg
W/AudioService( 1571): Soundpool could not load file: /system/media/audio/ui/Effect_Tick.ogg
E/SoundPool( 1571): error loading /system/media/audio/ui/KeypressStandard.ogg
W/AudioService( 1571): Soundpool could not load file: /system/media/audio/ui/KeypressStandard.ogg
E/SoundPool( 1571): error loading /system/media/audio/ui/KeypressSpacebar.ogg
W/AudioService( 1571): Soundpool could not load file: /system/media/audio/ui/KeypressSpacebar.ogg
E/SoundPool( 1571): error loading /system/media/audio/ui/KeypressDelete.ogg
W/AudioService( 1571): Soundpool could not load file: /system/media/audio/ui/KeypressDelete.ogg
E/SoundPool( 1571): error loading /system/media/audio/ui/KeypressReturn.ogg
W/AudioService( 1571): Soundpool could not load file: /system/media/audio/ui/KeypressReturn.ogg
E/SoundPool( 1571): error loading /system/media/audio/ui/KeypressInvalid.ogg
W/AudioService( 1571): Soundpool could not load file: /system/media/audio/ui/KeypressInvalid.ogg
W/AudioService( 1571): onLoadSoundEffects(), Error -1 while loading samples
I/ActivityManager( 1571): START u0 {act=com.android.systemui.recent.action.TOGGLE_RECENTS flg=0x10800000 cmp=com.android.systemui/.recent.RecentsActivity} from pid 1631
D/EGL_emulation( 1631): eglMakeCurrent: 0xb8e69f60: ver 3 0
D/EGL_emulation( 1631): eglMakeCurrent: 0xb8e69f60: ver 3 0
D/EGL_emulation( 1631): eglMakeCurrent: 0xb8e69f60: ver 3 0
E/EGL_emulation( 1631): tid 1631: eglSurfaceAttrib(1199): error 0x3009 (EGL_BAD_MATCH)
W/HardwareRenderer( 1631): Backbuffer cannot be preserved
D/EGL_emulation( 1631): eglMakeCurrent: 0xb8e69f60: ver 3 0
D/EGL_emulation( 1631): eglMakeCurrent: 0xb8e69f60: ver 3 0
D/EGL_emulation( 1631): eglMakeCurrent: 0xb8e69f60: ver 3 0
D/EGL_emulation( 1714): eglMakeCurrent: 0xb8eeaee0: ver 3 0
D/EGL_emulation( 1631): eglMakeCurrent: 0xb8e69f60: ver 3 0
D/EGL_emulation( 1631): eglMakeCurrent: 0xb8e69f60: ver 3 0
E/SoundPool( 1571): error loading /system/media/audio/ui/Effect_Tick.ogg
W/AudioService( 1571): Soundpool could not load file: /system/media/audio/ui/Effect_Tick.ogg
E/SoundPool( 1571): error loading /system/media/audio/ui/Effect_Tick.ogg
W/AudioService( 1571): Soundpool could not load file: /system/media/audio/ui/Effect_Tick.ogg
E/SoundPool( 1571): error loading /system/media/audio/ui/Effect_Tick.ogg
W/AudioService( 1571): Soundpool could not load file: /system/media/audio/ui/Effect_Tick.ogg
E/SoundPool( 1571): error loading /system/media/audio/ui/Effect_Tick.ogg
W/AudioService( 1571): Soundpool could not load file: /system/media/audio/ui/Effect_Tick.ogg
E/SoundPool( 1571): error loading /system/media/audio/ui/Effect_Tick.ogg
W/AudioService( 1571): Soundpool could not load file: /system/media/audio/ui/Effect_Tick.ogg
E/SoundPool( 1571): error loading /system/media/audio/ui/KeypressStandard.ogg
W/AudioService( 1571): Soundpool could not load file: /system/media/audio/ui/KeypressStandard.ogg
E/SoundPool( 1571): error loading /system/media/audio/ui/KeypressSpacebar.ogg
W/AudioService( 1571): Soundpool could not load file: /system/media/audio/ui/KeypressSpacebar.ogg
E/SoundPool( 1571): error loading /system/media/audio/ui/KeypressDelete.ogg
W/AudioService( 1571): Soundpool could not load file: /system/media/audio/ui/KeypressDelete.ogg
E/SoundPool( 1571): error loading /system/media/audio/ui/KeypressReturn.ogg
W/AudioService( 1571): Soundpool could not load file: /system/media/audio/ui/KeypressReturn.ogg
E/SoundPool( 1571): error loading /system/media/audio/ui/KeypressInvalid.ogg
W/AudioService( 1571): Soundpool could not load file: /system/media/audio/ui/KeypressInvalid.ogg
W/AudioService( 1571): onLoadSoundEffects(), Error -1 while loading samples
D/dalvikvm( 1571): GC_FOR_ALLOC freed 1208K, 27% free 14894K/20184K, paused 12ms, total 12ms
D/gralloc_ranchu( 1139): gralloc_alloc: Creating ashmem region of size 2637824
D/dalvikvm( 1571): GC_FOR_ALLOC freed 7K, 21% free 16027K/20184K, paused 7ms, total 7ms
D/dalvikvm( 1571): GC_FOR_ALLOC freed 1139K, 21% free 16027K/20184K, paused 7ms, total 7ms
D/EGL_emulation( 3938): eglMakeCurrent: 0xb8e5f150: ver 3 0
I/MainActivity( 3938): onDestroy fired: Intent { act=android.intent.action.MAIN cat=[android.intent.category.LAUNCHER] flg=0x10000000 cmp=edu.washington.isaacjc.activityspy/.MainActivity }
E/MainActivity( 3938): Were going down, Captain!
D/EGL_emulation( 3938): eglMakeCurrent: 0xb8e5f150: ver 3 0
D/EGL_emulation( 1631): eglMakeCurrent: 0xb8e69f60: ver 3 0
I/MainActivity( 3938): onStart fired: Intent { act=android.intent.action.MAIN cat=[android.intent.category.LAUNCHER] flg=0x10000000 cmp=edu.washington.isaacjc.activityspy/.MainActivity }
I/MainActivity( 3938): onResume fired: Intent { act=android.intent.action.MAIN cat=[android.intent.category.LAUNCHER] flg=0x10000000 cmp=edu.washington.isaacjc.activityspy/.MainActivity }
D/EGL_emulation( 3938): eglMakeCurrent: 0xb8e5f150: ver 3 0
E/EGL_emulation( 3938): tid 3938: eglSurfaceAttrib(1199): error 0x3009 (EGL_BAD_MATCH)
W/HardwareRenderer( 3938): Backbuffer cannot be preserved
D/EGL_emulation( 1631): eglMakeCurrent: 0xb8e69f60: ver 3 0
D/gralloc_ranchu( 1139): gralloc_alloc: Creating ashmem region of size 1167360
D/gralloc_ranchu( 1139): gralloc_alloc: Creating ashmem region of size 16588800
I/InputReader( 1571): Reconfiguring input devices.  changes=0x00000004
I/InputReader( 1571): Device reconfigured: id=0, name='qwerty2', size 1440x2880, orientation 1, mode 1, display id 0
I/ActivityManager( 1571): Config changes=480 {1.0 310mcc260mnc en_US ldltr sw411dp w780dp h386dp 560dpi nrml long land finger qwerty/v/v dpad/v s.11}
I/MainActivity( 3938): onPause fired: Intent { act=android.intent.action.MAIN cat=[android.intent.category.LAUNCHER] flg=0x10000000 cmp=edu.washington.isaacjc.activityspy/.MainActivity }
I/MainActivity( 3938): onStop fired: Intent { act=android.intent.action.MAIN cat=[android.intent.category.LAUNCHER] flg=0x10000000 cmp=edu.washington.isaacjc.activityspy/.MainActivity }
I/MainActivity( 3938): onDestroy fired: Intent { act=android.intent.action.MAIN cat=[android.intent.category.LAUNCHER] flg=0x10000000 cmp=edu.washington.isaacjc.activityspy/.MainActivity }
E/MainActivity( 3938): Were going down, Captain!
D/EGL_emulation( 1631): eglMakeCurrent: 0xb8e69f60: ver 3 0
D/EGL_emulation( 1631): eglMakeCurrent: 0xb8e69f60: ver 3 0
D/gralloc_ranchu( 1139): gralloc_alloc: Creating ashmem region of size 16588800
I/MainActivity( 3938): onStart fired: Intent { act=android.intent.action.MAIN cat=[android.intent.category.LAUNCHER] flg=0x10000000 cmp=edu.washington.isaacjc.activityspy/.MainActivity }
I/MainActivity( 3938): onResume fired: Intent { act=android.intent.action.MAIN cat=[android.intent.category.LAUNCHER] flg=0x10000000 cmp=edu.washington.isaacjc.activityspy/.MainActivity }
D/PhoneStatusBar( 1631): mSettingsPanelGravity = 55
D/EGL_emulation( 1631): eglMakeCurrent: 0xb8e69f60: ver 3 0
D/EGL_emulation( 1631): eglMakeCurrent: 0xb8e69f60: ver 3 0
D/EGL_emulation( 3938): eglMakeCurrent: 0xb8e5f150: ver 3 0
E/EGL_emulation( 3938): tid 3938: eglSurfaceAttrib(1199): error 0x3009 (EGL_BAD_MATCH)
W/HardwareRenderer( 3938): Backbuffer cannot be preserved
D/EGL_emulation( 1631): eglMakeCurrent: 0xb8e69f60: ver 3 0
E/EGL_emulation( 1631): tid 1631: eglSurfaceAttrib(1199): error 0x3009 (EGL_BAD_MATCH)
W/HardwareRenderer( 1631): Backbuffer cannot be preserved
D/EGL_emulation( 1631): eglMakeCurrent: 0xb8e69f60: ver 3 0
D/EGL_emulation( 1631): eglMakeCurrent: 0xb8e69f60: ver 3 0
E/EGL_emulation( 1631): tid 1631: eglSurfaceAttrib(1199): error 0x3009 (EGL_BAD_MATCH)
W/HardwareRenderer( 1631): Backbuffer cannot be preserved
D/EGL_emulation( 1631): eglMakeCurrent: 0xb8e69f60: ver 3 0
E/EGL_emulation( 1631): tid 1631: eglSurfaceAttrib(1199): error 0x3009 (EGL_BAD_MATCH)
W/HardwareRenderer( 1631): Backbuffer cannot be preserved
I/WindowManager( 1571): Screen frozen for +367ms due to Window{9d30d8f0 u0 StatusBar}
D/EGL_emulation( 1631): eglMakeCurrent: 0xb8e69f60: ver 3 0
E/EGL_emulation( 1631): tid 1631: eglSurfaceAttrib(1199): error 0x3009 (EGL_BAD_MATCH)
W/HardwareRenderer( 1631): Backbuffer cannot be preserved
D/dalvikvm( 1571): GC_EXPLICIT freed 2324K, 27% free 14903K/20184K, paused 1ms+1ms, total 10ms
D/EGL_emulation( 1631): eglMakeCurrent: 0xb8e69f60: ver 3 0
D/gralloc_ranchu( 1139): gralloc_alloc: Creating ashmem region of size 2342912
D/dalvikvm( 1571): GC_FOR_ALLOC freed 1173K, 27% free 14883K/20184K, paused 13ms, total 13ms
E/SoundPool( 1571): error loading /system/media/audio/ui/Effect_Tick.ogg
W/AudioService( 1571): Soundpool could not load file: /system/media/audio/ui/Effect_Tick.ogg
E/SoundPool( 1571): error loading /system/media/audio/ui/Effect_Tick.ogg
W/AudioService( 1571): Soundpool could not load file: /system/media/audio/ui/Effect_Tick.ogg
E/SoundPool( 1571): error loading /system/media/audio/ui/Effect_Tick.ogg
W/AudioService( 1571): Soundpool could not load file: /system/media/audio/ui/Effect_Tick.ogg
E/SoundPool( 1571): error loading /system/media/audio/ui/Effect_Tick.ogg
W/AudioService( 1571): Soundpool could not load file: /system/media/audio/ui/Effect_Tick.ogg
I/ActivityManager( 1571): START u0 {act=android.intent.action.MAIN cat=[android.intent.category.HOME] flg=0x10200000 cmp=com.android.launcher/com.android.launcher2.Launcher} from pid 1571
D/dalvikvm( 1571): GC_FOR_ALLOC freed 14K, 21% free 16027K/20184K, paused 15ms, total 15ms
E/SoundPool( 1571): error loading /system/media/audio/ui/Effect_Tick.ogg
W/AudioService( 1571): Soundpool could not load file: /system/media/audio/ui/Effect_Tick.ogg
E/SoundPool( 1571): error loading /system/media/audio/ui/KeypressStandard.ogg
W/AudioService( 1571): Soundpool could not load file: /system/media/audio/ui/KeypressStandard.ogg
E/SoundPool( 1571): error loading /system/media/audio/ui/KeypressSpacebar.ogg
W/AudioService( 1571): Soundpool could not load file: /system/media/audio/ui/KeypressSpacebar.ogg
E/SoundPool( 1571): error loading /system/media/audio/ui/KeypressDelete.ogg
W/AudioService( 1571): Soundpool could not load file: /system/media/audio/ui/KeypressDelete.ogg
E/SoundPool( 1571): error loading /system/media/audio/ui/KeypressReturn.ogg
W/AudioService( 1571): Soundpool could not load file: /system/media/audio/ui/KeypressReturn.ogg
E/SoundPool( 1571): error loading /system/media/audio/ui/KeypressInvalid.ogg
W/AudioService( 1571): Soundpool could not load file: /system/media/audio/ui/KeypressInvalid.ogg
W/AudioService( 1571): onLoadSoundEffects(), Error -1 while loading samples
I/MainActivity( 3938): onPause fired: Intent { act=android.intent.action.MAIN cat=[android.intent.category.LAUNCHER] flg=0x10000000 cmp=edu.washington.isaacjc.activityspy/.MainActivity }
D/EGL_emulation( 1714): eglMakeCurrent: 0xb8eeaee0: ver 3 0
