I/dalvikvm( 3457): Could not find method android.view.Window$Callback.onSearchRequested, referenced from method android.support.v7.view.WindowCallbackWrapper.onSearchRequested
W/dalvikvm( 3457): VFY: unable to resolve interface method 13811: Landroid/view/Window$Callback;.onSearchRequested (Landroid/view/SearchEvent;)Z
D/dalvikvm( 3457): VFY: replacing opcode 0x72 at 0x0002
I/dalvikvm( 3457): Could not find method android.view.Window$Callback.onWindowStartingActionMode, referenced from method android.support.v7.view.WindowCallbackWrapper.onWindowStartingActionMode
W/dalvikvm( 3457): VFY: unable to resolve interface method 13815: Landroid/view/Window$Callback;.onWindowStartingActionMode (Landroid/view/ActionMode$Callback;I)Landroid/view/ActionMode;
D/dalvikvm( 3457): VFY: replacing opcode 0x72 at 0x0002
I/dalvikvm( 3457): Could not find method android.content.res.TypedArray.getChangingConfigurations, referenced from method android.support.v7.widget.TintTypedArray.getChangingConfigurations
W/dalvikvm( 3457): VFY: unable to resolve virtual method 818: Landroid/content/res/TypedArray;.getChangingConfigurations ()I
D/dalvikvm( 3457): VFY: replacing opcode 0x6e at 0x0002
I/dalvikvm( 3457): Could not find method android.content.res.TypedArray.getType, referenced from method android.support.v7.widget.TintTypedArray.getType
W/dalvikvm( 3457): VFY: unable to resolve virtual method 840: Landroid/content/res/TypedArray;.getType (I)I
D/dalvikvm( 3457): VFY: replacing opcode 0x6e at 0x0008
I/dalvikvm( 3457): Could not find method android.content.Context.createDeviceProtectedStorageContext, referenced from method android.support.v4.content.ContextCompat.createDeviceProtectedStorageContext
W/dalvikvm( 3457): VFY: unable to resolve virtual method 597: Landroid/content/Context;.createDeviceProtectedStorageContext ()Landroid/content/Context;
D/dalvikvm( 3457): VFY: replacing opcode 0x6e at 0x0006
I/dalvikvm( 3457): Could not find method android.content.Context.getCodeCacheDir, referenced from method android.support.v4.content.ContextCompat.getCodeCacheDir
W/dalvikvm( 3457): VFY: unable to resolve virtual method 603: Landroid/content/Context;.getCodeCacheDir ()Ljava/io/File;
D/dalvikvm( 3457): VFY: replacing opcode 0x6e at 0x0006
I/dalvikvm( 3457): Could not find method android.content.Context.getColor, referenced from method android.support.v4.content.ContextCompat.getColor
W/dalvikvm( 3457): VFY: unable to resolve virtual method 604: Landroid/content/Context;.getColor (I)I
D/dalvikvm( 3457): VFY: replacing opcode 0x6e at 0x0006
I/dalvikvm( 3457): Could not find method android.content.Context.getColorStateList, referenced from method android.support.v4.content.ContextCompat.getColorStateList
W/dalvikvm( 3457): VFY: unable to resolve virtual method 605: Landroid/content/Context;.getColorStateList (I)Landroid/content/res/ColorStateList;
D/dalvikvm( 3457): VFY: replacing opcode 0x6e at 0x0006
I/dalvikvm( 3457): Could not find method android.content.Context.getDataDir, referenced from method android.support.v4.content.ContextCompat.getDataDir
W/dalvikvm( 3457): VFY: unable to resolve virtual method 607: Landroid/content/Context;.getDataDir ()Ljava/io/File;
D/dalvikvm( 3457): VFY: replacing opcode 0x6e at 0x0006
I/dalvikvm( 3457): Could not find method android.content.Context.getDrawable, referenced from method android.support.v4.content.ContextCompat.getDrawable
W/dalvikvm( 3457): VFY: unable to resolve virtual method 608: Landroid/content/Context;.getDrawable (I)Landroid/graphics/drawable/Drawable;
D/dalvikvm( 3457): VFY: replacing opcode 0x6e at 0x0006
I/dalvikvm( 3457): Could not find method android.content.Context.getNoBackupFilesDir, referenced from method android.support.v4.content.ContextCompat.getNoBackupFilesDir
W/dalvikvm( 3457): VFY: unable to resolve virtual method 616: Landroid/content/Context;.getNoBackupFilesDir ()Ljava/io/File;
D/dalvikvm( 3457): VFY: replacing opcode 0x6e at 0x0006
I/dalvikvm( 3457): Could not find method android.content.Context.isDeviceProtectedStorage, referenced from method android.support.v4.content.ContextCompat.isDeviceProtectedStorage
W/dalvikvm( 3457): VFY: unable to resolve virtual method 629: Landroid/content/Context;.isDeviceProtectedStorage ()Z
D/dalvikvm( 3457): VFY: replacing opcode 0x6e at 0x0006
I/dalvikvm( 3457): Could not find method android.content.Context.startForegroundService, referenced from method android.support.v4.content.ContextCompat.startForegroundService
W/dalvikvm( 3457): VFY: unable to resolve virtual method 644: Landroid/content/Context;.startForegroundService (Landroid/content/Intent;)Landroid/content/ComponentName;
D/dalvikvm( 3457): VFY: replacing opcode 0x6e at 0x0006
I/dalvikvm( 3457): Could not find method android.widget.FrameLayout.startActionModeForChild, referenced from method android.support.v7.widget.ActionBarContainer.startActionModeForChild
W/dalvikvm( 3457): VFY: unable to resolve virtual method 14293: Landroid/widget/FrameLayout;.startActionModeForChild (Landroid/view/View;Landroid/view/ActionMode$Callback;I)Landroid/view/ActionMode;
D/dalvikvm( 3457): VFY: replacing opcode 0x6f at 0x0002
I/dalvikvm( 3457): Could not find method android.content.Context.getColorStateList, referenced from method android.support.v7.content.res.AppCompatResources.getColorStateList
W/dalvikvm( 3457): VFY: unable to resolve virtual method 605: Landroid/content/Context;.getColorStateList (I)Landroid/content/res/ColorStateList;
D/dalvikvm( 3457): VFY: replacing opcode 0x6e at 0x0006
D/gralloc_ranchu( 1139): gralloc_alloc: Creating ashmem region of size 15622144
I/dalvikvm( 3457): Could not find method android.content.res.Resources.getDrawable, referenced from method android.support.v7.widget.ResourcesWrapper.getDrawable
W/dalvikvm( 3457): VFY: unable to resolve virtual method 781: Landroid/content/res/Resources;.getDrawable (ILandroid/content/res/Resources$Theme;)Landroid/graphics/drawable/Drawable;
D/dalvikvm( 3457): VFY: replacing opcode 0x6e at 0x0002
I/dalvikvm( 3457): Could not find method android.content.res.Resources.getDrawableForDensity, referenced from method android.support.v7.widget.ResourcesWrapper.getDrawableForDensity
W/dalvikvm( 3457): VFY: unable to resolve virtual method 783: Landroid/content/res/Resources;.getDrawableForDensity (IILandroid/content/res/Resources$Theme;)Landroid/graphics/drawable/Drawable;
D/dalvikvm( 3457): VFY: replacing opcode 0x6e at 0x0002
E/dalvikvm( 3457): Could not find class 'android.graphics.drawable.RippleDrawable', referenced from method android.support.v7.widget.AppCompatImageHelper.hasOverlappingRendering
W/dalvikvm( 3457): VFY: unable to resolve instanceof 226 (Landroid/graphics/drawable/RippleDrawable;) in Landroid/support/v7/widget/AppCompatImageHelper;
D/dalvikvm( 3457): VFY: replacing opcode 0x20 at 0x000c
I/dalvikvm( 3457): Could not find method android.widget.TextView.getAutoSizeMaxTextSize, referenced from method android.support.v7.widget.AppCompatTextView.getAutoSizeMaxTextSize
W/dalvikvm( 3457): VFY: unable to resolve virtual method 14604: Landroid/widget/TextView;.getAutoSizeMaxTextSize ()I
D/dalvikvm( 3457): VFY: replacing opcode 0x6f at 0x0004
I/dalvikvm( 3457): Could not find method android.widget.TextView.getAutoSizeMinTextSize, referenced from method android.support.v7.widget.AppCompatTextView.getAutoSizeMinTextSize
W/dalvikvm( 3457): VFY: unable to resolve virtual method 14605: Landroid/widget/TextView;.getAutoSizeMinTextSize ()I
D/dalvikvm( 3457): VFY: replacing opcode 0x6f at 0x0004
I/dalvikvm( 3457): Could not find method android.widget.TextView.getAutoSizeStepGranularity, referenced from method android.support.v7.widget.AppCompatTextView.getAutoSizeStepGranularity
W/dalvikvm( 3457): VFY: unable to resolve virtual method 14606: Landroid/widget/TextView;.getAutoSizeStepGranularity ()I
D/dalvikvm( 3457): VFY: replacing opcode 0x6f at 0x0004
I/dalvikvm( 3457): Could not find method android.widget.TextView.getAutoSizeTextAvailableSizes, referenced from method android.support.v7.widget.AppCompatTextView.getAutoSizeTextAvailableSizes
W/dalvikvm( 3457): VFY: unable to resolve virtual method 14607: Landroid/widget/TextView;.getAutoSizeTextAvailableSizes ()[I
D/dalvikvm( 3457): VFY: replacing opcode 0x6f at 0x0004
I/dalvikvm( 3457): Could not find method android.widget.TextView.getAutoSizeTextType, referenced from method android.support.v7.widget.AppCompatTextView.getAutoSizeTextType
W/dalvikvm( 3457): VFY: unable to resolve virtual method 14608: Landroid/widget/TextView;.getAutoSizeTextType ()I
D/dalvikvm( 3457): VFY: replacing opcode 0x6f at 0x0005
I/dalvikvm( 3457): Could not find method android.widget.TextView.setAutoSizeTextTypeUniformWithConfiguration, referenced from method android.support.v7.widget.AppCompatTextView.setAutoSizeTextTypeUniformWithConfiguration
W/dalvikvm( 3457): VFY: unable to resolve virtual method 14654: Landroid/widget/TextView;.setAutoSizeTextTypeUniformWithConfiguration (IIII)V
D/dalvikvm( 3457): VFY: replacing opcode 0x6f at 0x0004
I/dalvikvm( 3457): Could not find method android.widget.TextView.setAutoSizeTextTypeUniformWithPresetSizes, referenced from method android.support.v7.widget.AppCompatTextView.setAutoSizeTextTypeUniformWithPresetSizes
W/dalvikvm( 3457): VFY: unable to resolve virtual method 14655: Landroid/widget/TextView;.setAutoSizeTextTypeUniformWithPresetSizes ([II)V
D/dalvikvm( 3457): VFY: replacing opcode 0x6f at 0x0004
I/dalvikvm( 3457): Could not find method android.widget.TextView.setAutoSizeTextTypeWithDefaults, referenced from method android.support.v7.widget.AppCompatTextView.setAutoSizeTextTypeWithDefaults
W/dalvikvm( 3457): VFY: unable to resolve virtual method 14656: Landroid/widget/TextView;.setAutoSizeTextTypeWithDefaults (I)V
D/dalvikvm( 3457): VFY: replacing opcode 0x6f at 0x0004
I/dalvikvm( 3457): Could not find method android.widget.TextView.getAutoSizeStepGranularity, referenced from method android.support.v7.widget.AppCompatTextHelper.loadFromAttributes
W/dalvikvm( 3457): VFY: unable to resolve virtual method 14606: Landroid/widget/TextView;.getAutoSizeStepGranularity ()I
D/dalvikvm( 3457): VFY: replacing opcode 0x6e at 0x0161
I/dalvikvm( 3457): Could not find method android.text.StaticLayout$Builder.obtain, referenced from method android.support.v7.widget.AppCompatTextViewAutoSizeHelper.createStaticLayoutForMeasuring
W/dalvikvm( 3457): VFY: unable to resolve static method 13070: Landroid/text/StaticLayout$Builder;.obtain (Ljava/lang/CharSequence;IILandroid/text/TextPaint;I)Landroid/text/StaticLayout$Builder;
D/dalvikvm( 3457): VFY: replacing opcode 0x71 at 0x0014
I/MainActivity( 3457): onStart fired: Intent { act=android.intent.action.MAIN cat=[android.intent.category.LAUNCHER] flg=0x10000000 cmp=edu.washington.isaacjc.activityspy/.MainActivity }
I/MainActivity( 3457): onResume fired: Intent { act=android.intent.action.MAIN cat=[android.intent.category.LAUNCHER] flg=0x10000000 cmp=edu.washington.isaacjc.activityspy/.MainActivity }
D/        ( 3457): HostConnection::get() New Host Connection established 0xb8e73550, tid 3457
I/Choreographer( 1571): Skipped 37 frames!  The application may be doing too much work on its main thread.
D/EGL_emulation( 3457): eglCreateContext: 0xb8e60f50: maj 3 min 0 rcv 3
D/EGL_emulation( 3457): eglMakeCurrent: 0xb8e60f50: ver 3 0
E/eglCodecCommon( 3457): glUtilsParamSize: unknow param 0x00008cdf
E/eglCodecCommon( 3457): glUtilsParamSize: unknow param 0x00008824
E/EGL_emulation( 3457): tid 3457: eglSurfaceAttrib(1199): error 0x3009 (EGL_BAD_MATCH)
W/HardwareRenderer( 3457): Backbuffer cannot be preserved
D/OpenGLRenderer( 3457): Enabling debug mode 0
D/dalvikvm( 3457): GC_FOR_ALLOC freed 245K, 9% free 3560K/3880K, paused 20ms, total 20ms
I/dalvikvm( 3457): Could not find method android.view.View.setTooltipText, referenced from method android.support.v7.widget.TooltipCompat.setTooltipText
W/dalvikvm( 3457): VFY: unable to resolve virtual method 13611: Landroid/view/View;.setTooltipText (Ljava/lang/CharSequence;)V
D/dalvikvm( 3457): VFY: replacing opcode 0x6e at 0x0006
I/ActivityManager( 1571): Displayed edu.washington.isaacjc.activityspy/.MainActivity: +1s220ms
D/EGL_emulation( 1714): eglMakeCurrent: 0xb8eeaee0: ver 3 0
D/EGL_emulation( 1631): eglMakeCurrent: 0xb8e69f60: ver 3 0
D/gralloc_ranchu( 1139): gralloc_alloc: Creating ashmem region of size 2637824
D/dalvikvm( 1571): GC_FOR_ALLOC freed 1242K, 27% free 14889K/20184K, paused 14ms, total 14ms
D/dalvikvm( 1571): GC_FOR_ALLOC freed 1174K, 27% free 14855K/20184K, paused 18ms, total 18ms
D/dalvikvm( 1631): GC_FOR_ALLOC freed 2851K, 74% free 13185K/49116K, paused 3ms, total 3ms
D/gralloc_ranchu( 1139): gralloc_alloc: Creating ashmem region of size 2637824
D/dalvikvm( 1571): GC_FOR_ALLOC freed 1139K, 27% free 14854K/20184K, paused 12ms, total 12ms
D/dalvikvm( 1571): GC_FOR_ALLOC freed 1139K, 27% free 14854K/20184K, paused 7ms, total 7ms
D/dalvikvm( 1631): GC_FOR_ALLOC freed 8K, 71% free 14429K/49116K, paused 3ms, total 3ms
D/dalvikvm( 1631): GC_FOR_ALLOC freed <1K, 69% free 15568K/49116K, paused 2ms, total 2ms
D/dalvikvm( 1631): GC_FOR_ALLOC freed 1255K, 68% free 15763K/49116K, paused 2ms, total 2ms
E/SoundPool( 1571): error loading /system/media/audio/ui/Effect_Tick.ogg
W/AudioService( 1571): Soundpool could not load file: /system/media/audio/ui/Effect_Tick.ogg
E/SoundPool( 1571): error loading /system/media/audio/ui/Effect_Tick.ogg
W/AudioService( 1571): Soundpool could not load file: /system/media/audio/ui/Effect_Tick.ogg
E/SoundPool( 1571): error loading /system/media/audio/ui/Effect_Tick.ogg
W/AudioService( 1571): Soundpool could not load file: /system/media/audio/ui/Effect_Tick.ogg
E/SoundPool( 1571): error loading /system/media/audio/ui/Effect_Tick.ogg
W/AudioService( 1571): Soundpool could not load file: /system/media/audio/ui/Effect_Tick.ogg
E/SoundPool( 1571): error loading /system/media/audio/ui/Effect_Tick.ogg
W/AudioService( 1571): Soundpool could not load file: /system/media/audio/ui/Effect_Tick.ogg
E/SoundPool( 1571): error loading /system/media/audio/ui/KeypressStandard.ogg
W/AudioService( 1571): Soundpool could not load file: /system/media/audio/ui/KeypressStandard.ogg
E/SoundPool( 1571): error loading /system/media/audio/ui/KeypressSpacebar.ogg
W/AudioService( 1571): Soundpool could not load file: /system/media/audio/ui/KeypressSpacebar.ogg
D/dalvikvm( 1571): GC_FOR_ALLOC freed 1152K, 27% free 14857K/20184K, paused 9ms, total 9ms
I/ActivityManager( 1571): START u0 {act=android.intent.action.MAIN cat=[android.intent.category.HOME] flg=0x10200000 cmp=com.android.launcher/com.android.launcher2.Launcher} from pid 1571
E/SoundPool( 1571): error loading /system/media/audio/ui/KeypressDelete.ogg
W/AudioService( 1571): Soundpool could not load file: /system/media/audio/ui/KeypressDelete.ogg
E/SoundPool( 1571): error loading /system/media/audio/ui/KeypressReturn.ogg
W/AudioService( 1571): Soundpool could not load file: /system/media/audio/ui/KeypressReturn.ogg
E/SoundPool( 1571): error loading /system/media/audio/ui/KeypressInvalid.ogg
W/AudioService( 1571): Soundpool could not load file: /system/media/audio/ui/KeypressInvalid.ogg
W/AudioService( 1571): onLoadSoundEffects(), Error -1 while loading samples
I/MainActivity( 3457): onPause fired: Intent { act=android.intent.action.MAIN cat=[android.intent.category.LAUNCHER] flg=0x10000000 cmp=edu.washington.isaacjc.activityspy/.MainActivity }
D/EGL_emulation( 1714): eglMakeCurrent: 0xb8eeaee0: ver 3 0
D/EGL_emulation( 1714): eglMakeCurrent: 0xb8eeaee0: ver 3 0
E/EGL_emulation( 1714): tid 1714: eglSurfaceAttrib(1199): error 0x3009 (EGL_BAD_MATCH)
W/HardwareRenderer( 1714): Backbuffer cannot be preserved
I/MainActivity( 3457): onStop fired: Intent { act=android.intent.action.MAIN cat=[android.intent.category.LAUNCHER] flg=0x10000000 cmp=edu.washington.isaacjc.activityspy/.MainActivity }
D/EGL_emulation( 3457): eglMakeCurrent: 0xb8e60f50: ver 3 0
E/SoundPool( 1571): error loading /system/media/audio/ui/Effect_Tick.ogg
W/AudioService( 1571): Soundpool could not load file: /system/media/audio/ui/Effect_Tick.ogg
E/SoundPool( 1571): error loading /system/media/audio/ui/Effect_Tick.ogg
W/AudioService( 1571): Soundpool could not load file: /system/media/audio/ui/Effect_Tick.ogg
E/SoundPool( 1571): error loading /system/media/audio/ui/Effect_Tick.ogg
W/AudioService( 1571): Soundpool could not load file: /system/media/audio/ui/Effect_Tick.ogg
E/SoundPool( 1571): error loading /system/media/audio/ui/Effect_Tick.ogg
W/AudioService( 1571): Soundpool could not load file: /system/media/audio/ui/Effect_Tick.ogg
E/SoundPool( 1571): error loading /system/media/audio/ui/Effect_Tick.ogg
W/AudioService( 1571): Soundpool could not load file: /system/media/audio/ui/Effect_Tick.ogg
E/SoundPool( 1571): error loading /system/media/audio/ui/KeypressStandard.ogg
W/AudioService( 1571): Soundpool could not load file: /system/media/audio/ui/KeypressStandard.ogg
E/SoundPool( 1571): error loading /system/media/audio/ui/KeypressSpacebar.ogg
W/AudioService( 1571): Soundpool could not load file: /system/media/audio/ui/KeypressSpacebar.ogg
E/SoundPool( 1571): error loading /system/media/audio/ui/KeypressDelete.ogg
W/AudioService( 1571): Soundpool could not load file: /system/media/audio/ui/KeypressDelete.ogg
E/SoundPool( 1571): error loading /system/media/audio/ui/KeypressReturn.ogg
W/AudioService( 1571): Soundpool could not load file: /system/media/audio/ui/KeypressReturn.ogg
E/SoundPool( 1571): error loading /system/media/audio/ui/KeypressInvalid.ogg
W/AudioService( 1571): Soundpool could not load file: /system/media/audio/ui/KeypressInvalid.ogg
W/AudioService( 1571): onLoadSoundEffects(), Error -1 while loading samples
V/DeadZone( 1631): consuming errant click: (1157.7393,14.806641)
D/dalvikvm( 1631): GC_FOR_ALLOC freed 3981K, 74% free 13178K/49116K, paused 4ms, total 4ms
D/dalvikvm( 1631): GC_FOR_ALLOC freed 3K, 71% free 14427K/49116K, paused 4ms, total 4ms
D/dalvikvm( 1631): GC_FOR_ALLOC freed 3K, 68% free 15763K/49116K, paused 4ms, total 4ms
E/SoundPool( 1571): error loading /system/media/audio/ui/Effect_Tick.ogg
W/AudioService( 1571): Soundpool could not load file: /system/media/audio/ui/Effect_Tick.ogg
E/SoundPool( 1571): error loading /system/media/audio/ui/Effect_Tick.ogg
W/AudioService( 1571): Soundpool could not load file: /system/media/audio/ui/Effect_Tick.ogg
E/SoundPool( 1571): error loading /system/media/audio/ui/Effect_Tick.ogg
W/AudioService( 1571): Soundpool could not load file: /system/media/audio/ui/Effect_Tick.ogg
E/SoundPool( 1571): error loading /system/media/audio/ui/Effect_Tick.ogg
W/AudioService( 1571): Soundpool could not load file: /system/media/audio/ui/Effect_Tick.ogg
E/SoundPool( 1571): error loading /system/media/audio/ui/Effect_Tick.ogg
W/AudioService( 1571): Soundpool could not load file: /system/media/audio/ui/Effect_Tick.ogg
E/SoundPool( 1571): error loading /system/media/audio/ui/KeypressStandard.ogg
W/AudioService( 1571): Soundpool could not load file: /system/media/audio/ui/KeypressStandard.ogg
E/SoundPool( 1571): error loading /system/media/audio/ui/KeypressSpacebar.ogg
W/AudioService( 1571): Soundpool could not load file: /system/media/audio/ui/KeypressSpacebar.ogg
E/SoundPool( 1571): error loading /system/media/audio/ui/KeypressDelete.ogg
W/AudioService( 1571): Soundpool could not load file: /system/media/audio/ui/KeypressDelete.ogg
E/SoundPool( 1571): error loading /system/media/audio/ui/KeypressReturn.ogg
W/AudioService( 1571): Soundpool could not load file: /system/media/audio/ui/KeypressReturn.ogg
E/SoundPool( 1571): error loading /system/media/audio/ui/KeypressInvalid.ogg
W/AudioService( 1571): Soundpool could not load file: /system/media/audio/ui/KeypressInvalid.ogg
W/AudioService( 1571): onLoadSoundEffects(), Error -1 while loading samples
I/ActivityManager( 1571): START u0 {act=com.android.systemui.recent.action.TOGGLE_RECENTS flg=0x10800000 cmp=com.android.systemui/.recent.RecentsActivity} from pid 1631
D/dalvikvm( 1571): GC_FOR_ALLOC freed 1209K, 27% free 14865K/20184K, paused 7ms, total 7ms
D/EGL_emulation( 1631): eglMakeCurrent: 0xb8e69f60: ver 3 0
E/EGL_emulation( 1631): tid 1631: eglSurfaceAttrib(1199): error 0x3009 (EGL_BAD_MATCH)
W/HardwareRenderer( 1631): Backbuffer cannot be preserved
D/EGL_emulation( 1631): eglMakeCurrent: 0xb8e69f60: ver 3 0
D/EGL_emulation( 1631): eglMakeCurrent: 0xb8e69f60: ver 3 0
D/EGL_emulation( 1631): eglMakeCurrent: 0xb8e69f60: ver 3 0
D/EGL_emulation( 1714): eglMakeCurrent: 0xb8eeaee0: ver 3 0
D/EGL_emulation( 1631): eglMakeCurrent: 0xb8e69f60: ver 3 0
E/SoundPool( 1571): error loading /system/media/audio/ui/Effect_Tick.ogg
W/AudioService( 1571): Soundpool could not load file: /system/media/audio/ui/Effect_Tick.ogg
E/SoundPool( 1571): error loading /system/media/audio/ui/Effect_Tick.ogg
W/AudioService( 1571): Soundpool could not load file: /system/media/audio/ui/Effect_Tick.ogg
E/SoundPool( 1571): error loading /system/media/audio/ui/Effect_Tick.ogg
W/AudioService( 1571): Soundpool could not load file: /system/media/audio/ui/Effect_Tick.ogg
E/SoundPool( 1571): error loading /system/media/audio/ui/Effect_Tick.ogg
W/AudioService( 1571): Soundpool could not load file: /system/media/audio/ui/Effect_Tick.ogg
E/SoundPool( 1571): error loading /system/media/audio/ui/Effect_Tick.ogg
W/AudioService( 1571): Soundpool could not load file: /system/media/audio/ui/Effect_Tick.ogg
E/SoundPool( 1571): error loading /system/media/audio/ui/KeypressStandard.ogg
W/AudioService( 1571): Soundpool could not load file: /system/media/audio/ui/KeypressStandard.ogg
E/SoundPool( 1571): error loading /system/media/audio/ui/KeypressSpacebar.ogg
W/AudioService( 1571): Soundpool could not load file: /system/media/audio/ui/KeypressSpacebar.ogg
E/SoundPool( 1571): error loading /system/media/audio/ui/KeypressDelete.ogg
W/AudioService( 1571): Soundpool could not load file: /system/media/audio/ui/KeypressDelete.ogg
E/SoundPool( 1571): error loading /system/media/audio/ui/KeypressReturn.ogg
W/AudioService( 1571): Soundpool could not load file: /system/media/audio/ui/KeypressReturn.ogg
E/SoundPool( 1571): error loading /system/media/audio/ui/KeypressInvalid.ogg
W/AudioService( 1571): Soundpool could not load file: /system/media/audio/ui/KeypressInvalid.ogg
W/AudioService( 1571): onLoadSoundEffects(), Error -1 while loading samples
D/dalvikvm( 1571): GC_FOR_ALLOC freed 1176K, 27% free 14861K/20184K, paused 20ms, total 20ms
D/gralloc_ranchu( 1139): gralloc_alloc: Creating ashmem region of size 2637824
D/dalvikvm( 1571): GC_FOR_ALLOC freed 5K, 21% free 15996K/20184K, paused 7ms, total 8ms
D/dalvikvm( 1571): GC_FOR_ALLOC freed 1139K, 21% free 15995K/20184K, paused 8ms, total 8ms
D/EGL_emulation( 3457): eglMakeCurrent: 0xb8e60f50: ver 3 0
I/MainActivity( 3457): onRestart fired: Intent { act=android.intent.action.MAIN cat=[android.intent.category.LAUNCHER] flg=0x10000000 cmp=edu.washington.isaacjc.activityspy/.MainActivity }
I/MainActivity( 3457): onStart fired: Intent { act=android.intent.action.MAIN cat=[android.intent.category.LAUNCHER] flg=0x10000000 cmp=edu.washington.isaacjc.activityspy/.MainActivity }
I/MainActivity( 3457): onResume fired: Intent { act=android.intent.action.MAIN cat=[android.intent.category.LAUNCHER] flg=0x10000000 cmp=edu.washington.isaacjc.activityspy/.MainActivity }
D/EGL_emulation( 1631): eglMakeCurrent: 0xb8e69f60: ver 3 0
D/EGL_emulation( 3457): eglMakeCurrent: 0xb8e60f50: ver 3 0
E/EGL_emulation( 3457): tid 3457: eglSurfaceAttrib(1199): error 0x3009 (EGL_BAD_MATCH)
W/HardwareRenderer( 3457): Backbuffer cannot be preserved
D/EGL_emulation( 1631): eglMakeCurrent: 0xb8e69f60: ver 3 0
D/gralloc_ranchu( 1139): gralloc_alloc: Creating ashmem region of size 1167360
D/gralloc_ranchu( 1139): gralloc_alloc: Creating ashmem region of size 2637824
D/EGL_emulation( 1631): eglMakeCurrent: 0xb8e69f60: ver 3 0
D/dalvikvm( 1571): GC_FOR_ALLOC freed 2292K, 27% free 14860K/20184K, paused 10ms, total 10ms
D/dalvikvm( 1571): GC_FOR_ALLOC freed 1141K, 27% free 14858K/20184K, paused 10ms, total 10ms
D/dalvikvm( 1631): GC_FOR_ALLOC freed 3914K, 74% free 13186K/49116K, paused 6ms, total 6ms
D/gralloc_ranchu( 1139): gralloc_alloc: Creating ashmem region of size 2637824
D/dalvikvm( 1571): GC_FOR_ALLOC freed 1144K, 27% free 14857K/20184K, paused 14ms, total 14ms
E/SoundPool( 1571): error loading /system/media/audio/ui/Effect_Tick.ogg
W/AudioService( 1571): Soundpool could not load file: /system/media/audio/ui/Effect_Tick.ogg
E/SoundPool( 1571): error loading /system/media/audio/ui/Effect_Tick.ogg
W/AudioService( 1571): Soundpool could not load file: /system/media/audio/ui/Effect_Tick.ogg
E/SoundPool( 1571): error loading /system/media/audio/ui/Effect_Tick.ogg
W/AudioService( 1571): Soundpool could not load file: /system/media/audio/ui/Effect_Tick.ogg
E/SoundPool( 1571): error loading /system/media/audio/ui/Effect_Tick.ogg
W/AudioService( 1571): Soundpool could not load file: /system/media/audio/ui/Effect_Tick.ogg
E/SoundPool( 1571): error loading /system/media/audio/ui/Effect_Tick.ogg
W/AudioService( 1571): Soundpool could not load file: /system/media/audio/ui/Effect_Tick.ogg
E/SoundPool( 1571): error loading /system/media/audio/ui/KeypressStandard.ogg
W/AudioService( 1571): Soundpool could not load file: /system/media/audio/ui/KeypressStandard.ogg
E/SoundPool( 1571): error loading /system/media/audio/ui/KeypressSpacebar.ogg
W/AudioService( 1571): Soundpool could not load file: /system/media/audio/ui/KeypressSpacebar.ogg
E/SoundPool( 1571): error loading /system/media/audio/ui/KeypressDelete.ogg
W/AudioService( 1571): Soundpool could not load file: /system/media/audio/ui/KeypressDelete.ogg
E/SoundPool( 1571): error loading /system/media/audio/ui/KeypressReturn.ogg
W/AudioService( 1571): Soundpool could not load file: /system/media/audio/ui/KeypressReturn.ogg
E/SoundPool( 1571): error loading /system/media/audio/ui/KeypressInvalid.ogg
W/AudioService( 1571): Soundpool could not load file: /system/media/audio/ui/KeypressInvalid.ogg
W/AudioService( 1571): onLoadSoundEffects(), Error -1 while loading samples
D/dalvikvm( 1571): GC_FOR_ALLOC freed 1152K, 27% free 14858K/20184K, paused 9ms, total 9ms
D/dalvikvm( 1631): GC_FOR_ALLOC freed 1286K, 74% free 13188K/49116K, paused 7ms, total 7ms
D/gralloc_ranchu( 1139): gralloc_alloc: Creating ashmem region of size 2637824
D/dalvikvm( 1571): GC_FOR_ALLOC freed 1143K, 27% free 14857K/20184K, paused 9ms, total 9ms
D/dalvikvm( 1571): GC_FOR_ALLOC freed <1K, 21% free 15996K/20184K, paused 8ms, total 8ms
D/dalvikvm( 1631): GC_FOR_ALLOC freed 5K, 71% free 14439K/49116K, paused 3ms, total 3ms
D/dalvikvm( 1631): GC_FOR_ALLOC freed 1K, 69% free 15690K/49116K, paused 3ms, total 3ms
I/ActivityManager( 1571): START u0 {act=com.android.systemui.recent.action.TOGGLE_RECENTS flg=0x10800000 cmp=com.android.systemui/.recent.RecentsActivity (has extras)} from pid 1631
D/dalvikvm( 1571): GC_FOR_ALLOC freed 2280K, 27% free 14859K/20184K, paused 8ms, total 8ms
D/dalvikvm( 1571): GC_FOR_ALLOC freed <1K, 21% free 15998K/20184K, paused 6ms, total 6ms
I/MainActivity( 3457): onPause fired: Intent { act=android.intent.action.MAIN cat=[android.intent.category.LAUNCHER] flg=0x10000000 cmp=edu.washington.isaacjc.activityspy/.MainActivity }
D/dalvikvm( 1631): GC_FOR_ALLOC freed 2K, 66% free 17026K/49116K, paused 6ms, total 6ms
D/EGL_emulation( 1631): eglMakeCurrent: 0xb8e69f60: ver 3 0
E/EGL_emulation( 1631): tid 1631: eglSurfaceAttrib(1199): error 0x3009 (EGL_BAD_MATCH)
W/HardwareRenderer( 1631): Backbuffer cannot be preserved
D/EGL_emulation( 1631): eglMakeCurrent: 0xb8e69f60: ver 3 0
D/EGL_emulation( 1631): eglMakeCurrent: 0xb8e69f60: ver 3 0
W/InputMethodManagerService( 1571): Starting input on non-focused client com.android.internal.view.IInputMethodClient$Stub$Proxy@9d3c3ca8 (uid=10060 pid=3457)
D/gralloc_ranchu( 1139): gralloc_alloc: Creating ashmem region of size 1167360
D/EGL_emulation( 1631): eglMakeCurrent: 0xb8e69f60: ver 3 0
D/EGL_emulation( 1631): eglMakeCurrent: 0xb8e69f60: ver 3 0
D/EGL_emulation( 1631): eglMakeCurrent: 0xb8e69f60: ver 3 0
D/EGL_emulation( 1631): eglMakeCurrent: 0xb8e69f60: ver 3 0
I/MainActivity( 3457): onStop fired: Intent { act=android.intent.action.MAIN cat=[android.intent.category.LAUNCHER] flg=0x10000000 cmp=edu.washington.isaacjc.activityspy/.MainActivity }
D/EGL_emulation( 3457): eglMakeCurrent: 0xb8e60f50: ver 3 0
W/InputDispatcher( 1571): channel '9d890978 edu.washington.isaacjc.activityspy/edu.washington.isaacjc.activityspy.MainActivity (server)' ~ Consumer closed input channel or an error occurred.  events=0x9
E/InputDispatcher( 1571): channel '9d890978 edu.washington.isaacjc.activityspy/edu.washington.isaacjc.activityspy.MainActivity (server)' ~ Channel is unrecoverably broken and will be disposed!
W/InputDispatcher( 1571): Attempted to unregister already unregistered input channel '9d890978 edu.washington.isaacjc.activityspy/edu.washington.isaacjc.activityspy.MainActivity (server)'
I/ActivityManager( 1571): Killing 2360:com.google.android.gms.ui/u0a7 (adj 15): empty for 3911s
I/ActivityManager( 1571): Killing 3457:edu.washington.isaacjc.activityspy/u0a60 (adj 9): remove task
I/WindowState( 1571): WIN DEATH: Window{9d890978 u0 edu.washington.isaacjc.activityspy/edu.washington.isaacjc.activityspy.MainActivity}
D/EGL_emulation( 1631): eglMakeCurrent: 0xb8e69f60: ver 3 0
E/SoundPool( 1571): error loading /system/media/audio/ui/Effect_Tick.ogg
W/AudioService( 1571): Soundpool could not load file: /system/media/audio/ui/Effect_Tick.ogg
E/SoundPool( 1571): error loading /system/media/audio/ui/Effect_Tick.ogg
W/AudioService( 1571): Soundpool could not load file: /system/media/audio/ui/Effect_Tick.ogg
E/SoundPool( 1571): error loading /system/media/audio/ui/Effect_Tick.ogg
W/AudioService( 1571): Soundpool could not load file: /system/media/audio/ui/Effect_Tick.ogg
E/SoundPool( 1571): error loading /system/media/audio/ui/Effect_Tick.ogg
W/AudioService( 1571): Soundpool could not load file: /system/media/audio/ui/Effect_Tick.ogg
E/SoundPool( 1571): error loading /system/media/audio/ui/Effect_Tick.ogg
W/AudioService( 1571): Soundpool could not load file: /system/media/audio/ui/Effect_Tick.ogg
E/SoundPool( 1571): error loading /system/media/audio/ui/KeypressStandard.ogg
W/AudioService( 1571): Soundpool could not load file: /system/media/audio/ui/KeypressStandard.ogg
E/SoundPool( 1571): error loading /system/media/audio/ui/KeypressSpacebar.ogg
W/AudioService( 1571): Soundpool could not load file: /system/media/audio/ui/KeypressSpacebar.ogg
E/SoundPool( 1571): error loading /system/media/audio/ui/KeypressDelete.ogg
W/AudioService( 1571): Soundpool could not load file: /system/media/audio/ui/KeypressDelete.ogg
E/SoundPool( 1571): error loading /system/media/audio/ui/KeypressReturn.ogg
W/AudioService( 1571): Soundpool could not load file: /system/media/audio/ui/KeypressReturn.ogg
E/SoundPool( 1571): error loading /system/media/audio/ui/KeypressInvalid.ogg
W/AudioService( 1571): Soundpool could not load file: /system/media/audio/ui/KeypressInvalid.ogg
W/AudioService( 1571): onLoadSoundEffects(), Error -1 while loading samples
I/ActivityManager( 1571): START u0 {act=android.intent.action.MAIN cat=[android.intent.category.HOME] flg=0x10200000 cmp=com.android.launcher/com.android.launcher2.Launcher} from pid 1571
D/dalvikvm( 1571): GC_FOR_ALLOC freed 3468K, 33% free 13720K/20184K, paused 11ms, total 11ms
D/EGL_emulation( 1714): eglMakeCurrent: 0xb8eeaee0: ver 3 0
D/EGL_emulation( 1631): eglMakeCurrent: 0xb8e69f60: ver 3 0
D/EGL_emulation( 1631): eglMakeCurrent: 0xb8e69f60: ver 3 0
D/EGL_emulation( 1714): eglMakeCurrent: 0xb8eeaee0: ver 3 0
E/EGL_emulation( 1714): tid 1714: eglSurfaceAttrib(1199): error 0x3009 (EGL_BAD_MATCH)
W/HardwareRenderer( 1714): Backbuffer cannot be preserved
D/dalvikvm( 1714): GC_FOR_ALLOC freed 2550K, 10% free 40891K/45164K, paused 7ms, total 7ms
D/EGL_emulation( 1631): eglMakeCurrent: 0xb8e69f60: ver 3 0
D/EGL_emulation( 1631): eglMakeCurrent: 0xb8e69f60: ver 3 0
D/EGL_emulation( 1631): eglMakeCurrent: 0xb8e69f60: ver 3 0
D/ConnectivityService( 1571): Sampling interval elapsed, updating statistics ..
D/ConnectivityService( 1571): Done.
D/ConnectivityService( 1571): Setting timer for 720seconds
V/BackupManagerService( 1571): Running a backup pass
V/BackupManagerService( 1571): clearing pending backups
V/PerformBackupTask( 1571): Beginning backup of 8 targets
D/PerformBackupTask( 1571): invokeAgentForBackup on @pm@
V/BackupServiceBinder( 1571): doBackup() invoked
I/PerformBackupTask( 1571): no backup data written; not calling transport
D/PerformBackupTask( 1571): starting agent for backup of BackupRequest{pkg=com.android.browser}
I/ActivityManager( 1571): Start proc com.android.browser for backup com.android.browser/.BrowserBackupAgent: pid=3497 uid=10016 gids={50016, 3003, 1028, 1015}
D/BackupManagerService( 1571): awaiting agent for ApplicationInfo{9d25d058 com.android.browser}
D/dalvikvm( 3497): Debugger has detached; object registry had 1 entries
V/BackupServiceBinder( 3497): doBackup() invoked
D/BackupManagerService( 1571): agentConnected pkg=com.android.browser agent=android.os.BinderProxy@9d4c8a38
I/BackupManagerService( 1571): got agent android.app.IBackupAgent$Stub$Proxy@9d450ec0
D/PerformBackupTask( 1571): invokeAgentForBackup on com.android.browser
I/PerformBackupTask( 1571): no backup data written; not calling transport
D/PerformBackupTask( 1571): starting agent for backup of BackupRequest{pkg=com.google.android.calendar}
I/ActivityManager( 1571): Start proc com.google.android.calendar for backup com.google.android.calendar/com.android.calendar.CalendarBackupAgent: pid=3515 uid=10018 gids={50018, 3003}
D/BackupManagerService( 1571): awaiting agent for ApplicationInfo{9d257a40 com.google.android.calendar}
V/BackupServiceBinder( 3515): doBackup() invoked
D/BackupHelperDispatcher( 3515): handling existing helper 'shared_pref' android.app.backup.SharedPreferencesBackupHelper@9d074de0
D/BackupManagerService( 1571): agentConnected pkg=com.google.android.calendar agent=android.os.BinderProxy@9d505ea0
I/BackupManagerService( 1571): got agent android.app.IBackupAgent$Stub$Proxy@9d596510
D/PerformBackupTask( 1571): invokeAgentForBackup on com.google.android.calendar
I/PerformBackupTask( 1571): no backup data written; not calling transport
D/PerformBackupTask( 1571): starting agent for backup of BackupRequest{pkg=android}
D/BackupManagerService( 1571): awaiting agent for ApplicationInfo{9d101d70 android}
D/BackupManagerService( 1571): agentConnected pkg=android agent=android.app.backup.BackupAgent$BackupServiceBinder@9d584030
V/BackupServiceBinder( 1571): doBackup() invoked
D/BackupHelperDispatcher( 1571): handling existing helper 'wallpaper' android.app.backup.WallpaperBackupHelper@9d5b1d58
V/LocalTransport( 1571): performBackup() pkg=android
V/LocalTransport( 1571): Got change set key=wallpaper:/data/system/wallpaper_info.xml size=-1 key64=d2FsbHBhcGVyOi9kYXRhL3N5c3RlbS93YWxscGFwZXJfaW5mby54bWw=
V/LocalTransport( 1571): Got change set key=wallpaper:/data/system/wallpaper_info.xml size=115 key64=d2FsbHBhcGVyOi9kYXRhL3N5c3RlbS93YWxscGFwZXJfaW5mby54bWw=
I/BackupManagerService( 1571): got agent android.app.backup.BackupAgent$BackupServiceBinder@9d584030
D/PerformBackupTask( 1571): invokeAgentForBackup on android
V/LocalTransport( 1571):   data size 115
V/LocalTransport( 1571): finishBackup()
D/PerformBackupTask( 1571): starting agent for backup of BackupRequest{pkg=com.android.dialer}
I/ActivityManager( 1571): Start proc com.android.dialer for backup com.android.dialer/.DialerBackupAgent: pid=3531 uid=10004 gids={50004, 3003, 1028, 1015}
D/BackupManagerService( 1571): awaiting agent for ApplicationInfo{9d149148 com.android.dialer}
D/dalvikvm( 1140): GC_EXPLICIT freed 39K, 4% free 3302K/3416K, paused 0ms+0ms, total 4ms
D/dalvikvm( 1140): GC_EXPLICIT freed <1K, 4% free 3302K/3416K, paused 0ms+0ms, total 6ms
I/ActivityManager( 1571): Killing 2937:com.android.keychain/1000 (adj 15): empty for 3035s
D/ExtensionsFactory( 3531): No custom extensions.
D/dalvikvm( 1140): GC_EXPLICIT freed <1K, 4% free 3302K/3416K, paused 1ms+0ms, total 7ms
V/BackupServiceBinder( 3531): doBackup() invoked
D/BackupHelperDispatcher( 3531): handling existing helper 'shared_pref' android.app.backup.SharedPreferencesBackupHelper@9d04f338
D/BackupManagerService( 1571): agentConnected pkg=com.android.dialer agent=android.os.BinderProxy@9d46a028
I/BackupManagerService( 1571): got agent android.app.IBackupAgent$Stub$Proxy@9d397970
D/PerformBackupTask( 1571): invokeAgentForBackup on com.android.dialer
I/PerformBackupTask( 1571): no backup data written; not calling transport
D/PerformBackupTask( 1571): starting agent for backup of BackupRequest{pkg=com.android.providers.userdictionary}
D/BackupManagerService( 1571): awaiting agent for ApplicationInfo{9d2dbc38 com.android.providers.userdictionary}
D/BackupManagerService( 1571): agentConnected pkg=com.android.providers.userdictionary agent=android.os.BinderProxy@9d4b6120
I/BackupManagerService( 1571): got agent android.app.IBackupAgent$Stub$Proxy@9d4b88a0
D/PerformBackupTask( 1571): invokeAgentForBackup on com.android.providers.userdictionary
V/BackupServiceBinder( 1757): doBackup() invoked
E/DictionaryBackupAgent( 1757): Couldn't read from the cursor
D/dalvikvm( 1757): GC_FOR_ALLOC freed 385K, 11% free 3693K/4148K, paused 17ms, total 17ms
I/PerformBackupTask( 1571): no backup data written; not calling transport
D/PerformBackupTask( 1571): starting agent for backup of BackupRequest{pkg=com.android.sharedstoragebackup}
I/ActivityManager( 1571): Start proc com.android.sharedstoragebackup for backup com.android.sharedstoragebackup/.SharedStorageAgent: pid=3544 uid=10012 gids={50012, 1028, 1015, 1023}
D/BackupManagerService( 1571): awaiting agent for ApplicationInfo{9d21afa0 com.android.sharedstoragebackup}
I/ActivityManager( 1571): Killing 2493:com.svox.pico/u0a41 (adj 15): empty for 3034s
V/BackupServiceBinder( 3544): doBackup() invoked
V/BackupServiceBinder( 1571): doBackup() invoked
D/BackupManagerService( 1571): agentConnected pkg=com.android.sharedstoragebackup agent=android.os.BinderProxy@9d504128
I/BackupManagerService( 1571): got agent android.app.IBackupAgent$Stub$Proxy@9d5a0ff8
D/PerformBackupTask( 1571): invokeAgentForBackup on com.android.sharedstoragebackup
I/PerformBackupTask( 1571): no backup data written; not calling transport
D/PerformBackupTask( 1571): starting agent for backup of BackupRequest{pkg=com.android.providers.settings}
D/BackupManagerService( 1571): awaiting agent for ApplicationInfo{9d218e18 com.android.providers.settings}
D/BackupManagerService( 1571): agentConnected pkg=com.android.providers.settings agent=android.app.backup.BackupAgent$BackupServiceBinder@9d551e00
I/BackupManagerService( 1571): got agent android.app.backup.BackupAgent$BackupServiceBinder@9d551e00
D/PerformBackupTask( 1571): invokeAgentForBackup on com.android.providers.settings
W/SettingsBackupAgent( 1571): Couldn't backup /data/misc/wifi/ipconfig.txt
V/BackupServiceBinder( 1665): doBackup() invoked
I/PerformBackupTask( 1571): no backup data written; not calling transport
D/PerformBackupTask( 1571): starting agent for backup of BackupRequest{pkg=com.google.android.inputmethod.latin}
D/BackupManagerService( 1571): awaiting agent for ApplicationInfo{9d29b0a0 com.google.android.inputmethod.latin}
D/BackupManagerService( 1571): agentConnected pkg=com.google.android.inputmethod.latin agent=android.os.BinderProxy@9d591528
I/BackupManagerService( 1571): got agent android.app.IBackupAgent$Stub$Proxy@9d4ca468
D/PerformBackupTask( 1571): invokeAgentForBackup on com.google.android.inputmethod.latin
D/BackupHelperDispatcher( 1665): handling existing helper 'shared_pref' android.app.backup.SharedPreferencesBackupHelper@9d0c51b8
I/PerformBackupTask( 1571): no backup data written; not calling transport
I/PerformBackupTask( 1571): Backup pass finished.
I/ActivityManager( 1571): Killing 1757:android.process.acore/u0a2 (adj 15): empty for 3093s
D/dalvikvm( 1631): Debugger has detached; object registry had 1 entries
D/dalvikvm( 1682): Debugger has detached; object registry had 1 entries
D/dalvikvm( 1701): Debugger has detached; object registry had 1 entries
D/dalvikvm( 1714): Debugger has detached; object registry had 1 entries
D/dalvikvm( 1801): Debugger has detached; object registry had 1 entries
D/dalvikvm( 1571): Debugger has detached; object registry had 1 entries
D/dalvikvm( 1665): Debugger has detached; object registry had 1 entries
D/dalvikvm( 2022): Debugger has detached; object registry had 1 entries
D/dalvikvm( 2376): Debugger has detached; object registry had 1 entries
D/dalvikvm( 2102): Debugger has detached; object registry had 1 entries
D/dalvikvm( 2134): Debugger has detached; object registry had 1 entries
D/dalvikvm( 2480): Debugger has detached; object registry had 1 entries
D/dalvikvm( 3403): Debugger has detached; object registry had 1 entries
D/dalvikvm( 3497): Debugger has detached; object registry had 1 entries
D/dalvikvm( 3515): Debugger has detached; object registry had 1 entries
D/dalvikvm( 3544): Debugger has detached; object registry had 1 entries
D/dalvikvm( 2900): Debugger has detached; object registry had 1 entries
D/dalvikvm( 3359): Debugger has detached; object registry had 1 entries
D/dalvikvm( 3531): Debugger has detached; object registry had 1 entries
D/dalvikvm( 1665): GC_CONCURRENT freed 266K, 9% free 3602K/3940K, paused 2ms+0ms, total 16ms
E/StrictMode( 1665): A resource was acquired at attached stack trace but never released. See java.io.Closeable for information on avoiding resource leaks.
E/StrictMode( 1665): java.lang.Throwable: Explicit termination method 'close' not called
E/StrictMode( 1665): 	at dalvik.system.CloseGuard.open(CloseGuard.java:184)
E/StrictMode( 1665): 	at android.os.ParcelFileDescriptor.<init>(ParcelFileDescriptor.java:179)
E/StrictMode( 1665): 	at android.os.ParcelFileDescriptor$1.createFromParcel(ParcelFileDescriptor.java:905)
E/StrictMode( 1665): 	at android.os.ParcelFileDescriptor$1.createFromParcel(ParcelFileDescriptor.java:897)
E/StrictMode( 1665): 	at android.app.IBackupAgent$Stub.onTransact(IBackupAgent.java:57)
E/StrictMode( 1665): 	at android.os.Binder.execTransact(Binder.java:404)
E/StrictMode( 1665): 	at dalvik.system.NativeStart.run(Native Method)
E/StrictMode( 1665): A resource was acquired at attached stack trace but never released. See java.io.Closeable for information on avoiding resource leaks.
E/StrictMode( 1665): java.lang.Throwable: Explicit termination method 'close' not called
E/StrictMode( 1665): 	at dalvik.system.CloseGuard.open(CloseGuard.java:184)
E/StrictMode( 1665): 	at android.os.ParcelFileDescriptor.<init>(ParcelFileDescriptor.java:179)
E/StrictMode( 1665): 	at android.os.ParcelFileDescriptor$1.createFromParcel(ParcelFileDescriptor.java:905)
E/StrictMode( 1665): 	at android.os.ParcelFileDescriptor$1.createFromParcel(ParcelFileDescriptor.java:897)
E/StrictMode( 1665): 	at android.app.IBackupAgent$Stub.onTransact(IBackupAgent.java:64)
E/StrictMode( 1665): 	at android.os.Binder.execTransact(Binder.java:404)
E/StrictMode( 1665): 	at dalvik.system.NativeStart.run(Native Method)
E/StrictMode( 1665): A resource was acquired at attached stack trace but never released. See java.io.Closeable for information on avoiding resource leaks.
E/StrictMode( 1665): java.lang.Throwable: Explicit termination method 'close' not called
E/StrictMode( 1665): 	at dalvik.system.CloseGuard.open(CloseGuard.java:184)
E/StrictMode( 1665): 	at android.os.ParcelFileDescriptor.<init>(ParcelFileDescriptor.java:179)
E/StrictMode( 1665): 	at android.os.ParcelFileDescriptor$1.createFromParcel(ParcelFileDescriptor.java:905)
E/StrictMode( 1665): 	at android.os.ParcelFileDescriptor$1.createFromParcel(ParcelFileDescriptor.java:897)
E/StrictMode( 1665): 	at android.app.IBackupAgent$Stub.onTransact(IBackupAgent.java:71)
E/StrictMode( 1665): 	at android.os.Binder.execTransact(Binder.java:404)
E/StrictMode( 1665): 	at dalvik.system.NativeStart.run(Native Method)
D/dalvikvm( 1801): Debugger has detached; object registry had 1 entries
D/dalvikvm( 3497): Debugger has detached; object registry had 1 entries
D/dalvikvm( 3359): Debugger has detached; object registry had 1 entries
D/dalvikvm( 3403): Debugger has detached; object registry had 1 entries
D/dalvikvm( 3531): Debugger has detached; object registry had 1 entries
D/dalvikvm( 2480): Debugger has detached; object registry had 1 entries
D/dalvikvm( 2900): Debugger has detached; object registry had 1 entries
D/dalvikvm( 2102): Debugger has detached; object registry had 1 entries
D/dalvikvm( 2134): Debugger has detached; object registry had 1 entries
D/dalvikvm( 3544): Debugger has detached; object registry had 1 entries
D/dalvikvm( 3515): Debugger has detached; object registry had 1 entries
D/dalvikvm( 1701): Debugger has detached; object registry had 1 entries
D/dalvikvm( 1665): Debugger has detached; object registry had 1 entries
D/dalvikvm( 1571): Debugger has detached; object registry had 1 entries
E/jdwp    ( 2376): Failed sending reply to debugger: Broken pipe
D/dalvikvm( 2376): Debugger has detached; object registry had 1 entries
E/jdwp    ( 1631): Failed sending reply to debugger: Broken pipe
D/dalvikvm( 1631): Debugger has detached; object registry had 1 entries
E/jdwp    ( 1714): Failed sending reply to debugger: Broken pipe
D/dalvikvm( 1714): Debugger has detached; object registry had 1 entries
E/jdwp    ( 1682): Failed sending reply to debugger: Broken pipe
D/dalvikvm( 1682): Debugger has detached; object registry had 1 entries
I/InputDispatcher( 1571): Window 'Window{9d3b2e50 u0 com.android.launcher/com.android.launcher2.Launcher}' spent 4356.5ms processing the last input event: MotionEvent(deviceId=0, source=0x00001002, action=0, flags=0x00000000, metaState=0x00000000, buttonState=0x00000000, edgeFlags=0x00000000, xPrecision=22.8, yPrecision=11.4, displayId=0, pointers=[0: (749.5, 2643.8)]), policyFlags=0x62000000
I/InputDispatcher( 1571): Window 'Window{9d3b2e50 u0 com.android.launcher/com.android.launcher2.Launcher}' spent 4197.0ms processing the last input event: MotionEvent(deviceId=0, source=0x00001002, action=1, flags=0x00000000, metaState=0x00000000, buttonState=0x00000000, edgeFlags=0x00000000, xPrecision=22.8, yPrecision=11.4, displayId=0, pointers=[0: (749.5, 2643.8)]), policyFlags=0x62000000
D/AlarmManagerService( 1571): Kernel timezone updated to 0 minutes west of GMT
I/Choreographer( 1714): Skipped 81 frames!  The application may be doing too much work on its main thread.
D/        ( 1701): Setting time of day to sec=1523490135
E/SoundPool( 1571): error loading /system/media/audio/ui/Effect_Tick.ogg
W/AudioService( 1571): Soundpool could not load file: /system/media/audio/ui/Effect_Tick.ogg
E/SoundPool( 1571): error loading /system/media/audio/ui/Effect_Tick.ogg
W/AudioService( 1571): Soundpool could not load file: /system/media/audio/ui/Effect_Tick.ogg
E/SoundPool( 1571): error loading /system/media/audio/ui/Effect_Tick.ogg
W/AudioService( 1571): Soundpool could not load file: /system/media/audio/ui/Effect_Tick.ogg
E/SoundPool( 1571): error loading /system/media/audio/ui/Effect_Tick.ogg
W/AudioService( 1571): Soundpool could not load file: /system/media/audio/ui/Effect_Tick.ogg
E/SoundPool( 1571): error loading /system/media/audio/ui/Effect_Tick.ogg
W/AudioService( 1571): Soundpool could not load file: /system/media/audio/ui/Effect_Tick.ogg
E/SoundPool( 1571): error loading /system/media/audio/ui/KeypressStandard.ogg
W/AudioService( 1571): Soundpool could not load file: /system/media/audio/ui/KeypressStandard.ogg
E/SoundPool( 1571): error loading /system/media/audio/ui/KeypressSpacebar.ogg
W/AudioService( 1571): Soundpool could not load file: /system/media/audio/ui/KeypressSpacebar.ogg
E/SoundPool( 1571): error loading /system/media/audio/ui/KeypressDelete.ogg
W/AudioService( 1571): Soundpool could not load file: /system/media/audio/ui/KeypressDelete.ogg
E/SoundPool( 1571): error loading /system/media/audio/ui/KeypressReturn.ogg
W/AudioService( 1571): Soundpool could not load file: /system/media/audio/ui/KeypressReturn.ogg
E/SoundPool( 1571): error loading /system/media/audio/ui/KeypressInvalid.ogg
W/AudioService( 1571): Soundpool could not load file: /system/media/audio/ui/KeypressInvalid.ogg
W/AudioService( 1571): onLoadSoundEffects(), Error -1 while loading samples
E/SoundPool( 1571): error loading /system/media/audio/ui/Effect_Tick.ogg
W/AudioService( 1571): Soundpool could not load file: /system/media/audio/ui/Effect_Tick.ogg
E/SoundPool( 1571): error loading /system/media/audio/ui/Effect_Tick.ogg
W/AudioService( 1571): Soundpool could not load file: /system/media/audio/ui/Effect_Tick.ogg
E/SoundPool( 1571): error loading /system/media/audio/ui/Effect_Tick.ogg
W/AudioService( 1571): Soundpool could not load file: /system/media/audio/ui/Effect_Tick.ogg
E/SoundPool( 1571): error loading /system/media/audio/ui/Effect_Tick.ogg
W/AudioService( 1571): Soundpool could not load file: /system/media/audio/ui/Effect_Tick.ogg
E/SoundPool( 1571): error loading /system/media/audio/ui/Effect_Tick.ogg
W/AudioService( 1571): Soundpool could not load file: /system/media/audio/ui/Effect_Tick.ogg
E/SoundPool( 1571): error loading /system/media/audio/ui/KeypressStandard.ogg
W/AudioService( 1571): Soundpool could not load file: /system/media/audio/ui/KeypressStandard.ogg
E/SoundPool( 1571): error loading /system/media/audio/ui/KeypressSpacebar.ogg
W/AudioService( 1571): Soundpool could not load file: /system/media/audio/ui/KeypressSpacebar.ogg
E/SoundPool( 1571): error loading /system/media/audio/ui/KeypressDelete.ogg
W/AudioService( 1571): Soundpool could not load file: /system/media/audio/ui/KeypressDelete.ogg
E/SoundPool( 1571): error loading /system/media/audio/ui/KeypressReturn.ogg
W/AudioService( 1571): Soundpool could not load file: /system/media/audio/ui/KeypressReturn.ogg
